Archive member included to satisfy reference by file (symbol)

/home/butterfly/Apps/arm-gnu-toolchain-13.3.rel1-x86_64-arm-none-eabi/bin/../lib/gcc/arm-none-eabi/13.3.1/../../../../arm-none-eabi/lib/thumb/v7e-m+fp/hard/libc_nano.a(libc_a-exit.o)
                              /home/butterfly/Apps/arm-gnu-toolchain-13.3.rel1-x86_64-arm-none-eabi/bin/../lib/gcc/arm-none-eabi/13.3.1/../../../../arm-none-eabi/lib/thumb/v7e-m+fp/hard/crt0.o (exit)
/home/butterfly/Apps/arm-gnu-toolchain-13.3.rel1-x86_64-arm-none-eabi/bin/../lib/gcc/arm-none-eabi/13.3.1/../../../../arm-none-eabi/lib/thumb/v7e-m+fp/hard/libc_nano.a(libc_a-init.o)
                              /home/butterfly/Apps/arm-gnu-toolchain-13.3.rel1-x86_64-arm-none-eabi/bin/../lib/gcc/arm-none-eabi/13.3.1/../../../../arm-none-eabi/lib/thumb/v7e-m+fp/hard/crt0.o (__libc_init_array)
/home/butterfly/Apps/arm-gnu-toolchain-13.3.rel1-x86_64-arm-none-eabi/bin/../lib/gcc/arm-none-eabi/13.3.1/../../../../arm-none-eabi/lib/thumb/v7e-m+fp/hard/libc_nano.a(libc_a-memset.o)
                              /home/butterfly/Apps/arm-gnu-toolchain-13.3.rel1-x86_64-arm-none-eabi/bin/../lib/gcc/arm-none-eabi/13.3.1/../../../../arm-none-eabi/lib/thumb/v7e-m+fp/hard/crt0.o (memset)
/home/butterfly/Apps/arm-gnu-toolchain-13.3.rel1-x86_64-arm-none-eabi/bin/../lib/gcc/arm-none-eabi/13.3.1/../../../../arm-none-eabi/lib/thumb/v7e-m+fp/hard/libc_nano.a(libc_a-findfp.o)
                              /home/butterfly/Apps/arm-gnu-toolchain-13.3.rel1-x86_64-arm-none-eabi/bin/../lib/gcc/arm-none-eabi/13.3.1/../../../../arm-none-eabi/lib/thumb/v7e-m+fp/hard/libc_nano.a(libc_a-exit.o) (__stdio_exit_handler)
/home/butterfly/Apps/arm-gnu-toolchain-13.3.rel1-x86_64-arm-none-eabi/bin/../lib/gcc/arm-none-eabi/13.3.1/../../../../arm-none-eabi/lib/thumb/v7e-m+fp/hard/libc_nano.a(libc_a-stdio.o)
                              /home/butterfly/Apps/arm-gnu-toolchain-13.3.rel1-x86_64-arm-none-eabi/bin/../lib/gcc/arm-none-eabi/13.3.1/../../../../arm-none-eabi/lib/thumb/v7e-m+fp/hard/libc_nano.a(libc_a-findfp.o) (__sread)
/home/butterfly/Apps/arm-gnu-toolchain-13.3.rel1-x86_64-arm-none-eabi/bin/../lib/gcc/arm-none-eabi/13.3.1/../../../../arm-none-eabi/lib/thumb/v7e-m+fp/hard/libc_nano.a(libc_a-lseekr.o)
                              /home/butterfly/Apps/arm-gnu-toolchain-13.3.rel1-x86_64-arm-none-eabi/bin/../lib/gcc/arm-none-eabi/13.3.1/../../../../arm-none-eabi/lib/thumb/v7e-m+fp/hard/libc_nano.a(libc_a-stdio.o) (_lseek_r)
/home/butterfly/Apps/arm-gnu-toolchain-13.3.rel1-x86_64-arm-none-eabi/bin/../lib/gcc/arm-none-eabi/13.3.1/../../../../arm-none-eabi/lib/thumb/v7e-m+fp/hard/libc_nano.a(libc_a-readr.o)
                              /home/butterfly/Apps/arm-gnu-toolchain-13.3.rel1-x86_64-arm-none-eabi/bin/../lib/gcc/arm-none-eabi/13.3.1/../../../../arm-none-eabi/lib/thumb/v7e-m+fp/hard/libc_nano.a(libc_a-stdio.o) (_read_r)
/home/butterfly/Apps/arm-gnu-toolchain-13.3.rel1-x86_64-arm-none-eabi/bin/../lib/gcc/arm-none-eabi/13.3.1/../../../../arm-none-eabi/lib/thumb/v7e-m+fp/hard/libc_nano.a(libc_a-fwalk.o)
                              /home/butterfly/Apps/arm-gnu-toolchain-13.3.rel1-x86_64-arm-none-eabi/bin/../lib/gcc/arm-none-eabi/13.3.1/../../../../arm-none-eabi/lib/thumb/v7e-m+fp/hard/libc_nano.a(libc_a-findfp.o) (_fwalk_sglue)
/home/butterfly/Apps/arm-gnu-toolchain-13.3.rel1-x86_64-arm-none-eabi/bin/../lib/gcc/arm-none-eabi/13.3.1/../../../../arm-none-eabi/lib/thumb/v7e-m+fp/hard/libc_nano.a(libc_a-writer.o)
                              /home/butterfly/Apps/arm-gnu-toolchain-13.3.rel1-x86_64-arm-none-eabi/bin/../lib/gcc/arm-none-eabi/13.3.1/../../../../arm-none-eabi/lib/thumb/v7e-m+fp/hard/libc_nano.a(libc_a-stdio.o) (_write_r)
/home/butterfly/Apps/arm-gnu-toolchain-13.3.rel1-x86_64-arm-none-eabi/bin/../lib/gcc/arm-none-eabi/13.3.1/../../../../arm-none-eabi/lib/thumb/v7e-m+fp/hard/libc_nano.a(libc_a-lock.o)
                              /home/butterfly/Apps/arm-gnu-toolchain-13.3.rel1-x86_64-arm-none-eabi/bin/../lib/gcc/arm-none-eabi/13.3.1/../../../../arm-none-eabi/lib/thumb/v7e-m+fp/hard/libc_nano.a(libc_a-findfp.o) (__retarget_lock_init_recursive)
/home/butterfly/Apps/arm-gnu-toolchain-13.3.rel1-x86_64-arm-none-eabi/bin/../lib/gcc/arm-none-eabi/13.3.1/../../../../arm-none-eabi/lib/thumb/v7e-m+fp/hard/libc_nano.a(libc_a-fflush.o)
                              /home/butterfly/Apps/arm-gnu-toolchain-13.3.rel1-x86_64-arm-none-eabi/bin/../lib/gcc/arm-none-eabi/13.3.1/../../../../arm-none-eabi/lib/thumb/v7e-m+fp/hard/libc_nano.a(libc_a-findfp.o) (_fflush_r)
/home/butterfly/Apps/arm-gnu-toolchain-13.3.rel1-x86_64-arm-none-eabi/bin/../lib/gcc/arm-none-eabi/13.3.1/../../../../arm-none-eabi/lib/thumb/v7e-m+fp/hard/libc_nano.a(libc_a-mallocr.o)
                              /home/butterfly/Apps/arm-gnu-toolchain-13.3.rel1-x86_64-arm-none-eabi/bin/../lib/gcc/arm-none-eabi/13.3.1/../../../../arm-none-eabi/lib/thumb/v7e-m+fp/hard/libc_nano.a(libc_a-findfp.o) (_malloc_r)
[...]
Memory Configuration

Name             Origin             Length             Attributes
FLASH            0x08000000         0x00100000         xr
RAM              0x20000000         0x00018000         xrw
RAM2             0x10000000         0x00008000         xrw
*default*        0x00000000         0xffffffff

Linker script and memory map

LOAD /home/butterfly/Apps/arm-gnu-toolchain-13.3.rel1-x86_64-arm-none-eabi/bin/../lib/gcc/arm-none-eabi/13.3.1/thumb/v7e-m+fp/hard/crti.o
LOAD /home/butterfly/Apps/arm-gnu-toolchain-13.3.rel1-x86_64-arm-none-eabi/bin/../lib/gcc/arm-none-eabi/13.3.1/thumb/v7e-m+fp/hard/crtbegin.o
LOAD /home/butterfly/Apps/arm-gnu-toolchain-13.3.rel1-x86_64-arm-none-eabi/bin/../lib/gcc/arm-none-eabi/13.3.1/../../../../arm-none-eabi/lib/thumb/v7e-m+fp/hard/crt0.o
LOAD Build/obj/adc.o
LOAD /tmp/ccmpvPhi.ltrans0.ltrans.o
LOAD /tmp/ccmpvPhi.ltrans1.ltrans.o
LOAD Build/obj/assistfuncs.o
LOAD Build/obj/dac.o
LOAD Build/obj/dma.o
LOAD Build/obj/gpio.o
LOAD Build/obj/interface_AD5668.o
LOAD Build/obj/interface_AD7794.o
LOAD Build/obj/interface_LMX2486.o
LOAD Build/obj/main.o
LOAD Build/obj/spi.o
LOAD Build/obj/stm32l4xx_hal_msp.o
LOAD Build/obj/stm32l4xx_it.o
LOAD Build/obj/tim.o
LOAD Build/obj/usart.o
LOAD Build/obj/usart_protocol.o
LOAD Build/obj/var.o
LOAD Build/obj/stm32l4xx_hal_adc.o
LOAD Build/obj/stm32l4xx_hal_adc_ex.o
LOAD Build/obj/stm32l4xx_hal.o
LOAD Build/obj/stm32l4xx_hal_can.o
LOAD Build/obj/stm32l4xx_hal_comp.o
LOAD Build/obj/stm32l4xx_hal_cortex.o
LOAD Build/obj/stm32l4xx_hal_crc.o
LOAD Build/obj/stm32l4xx_hal_crc_ex.o
LOAD Build/obj/stm32l4xx_hal_cryp.o
LOAD Build/obj/stm32l4xx_hal_cryp_ex.o
LOAD Build/obj/stm32l4xx_hal_dac.o
LOAD Build/obj/stm32l4xx_hal_dac_ex.o
LOAD Build/obj/stm32l4xx_hal_dcmi.o
LOAD Build/obj/stm32l4xx_hal_dfsdm.o
LOAD Build/obj/stm32l4xx_hal_dfsdm_ex.o
LOAD Build/obj/stm32l4xx_hal_dma2d.o
LOAD Build/obj/stm32l4xx_hal_dma.o
LOAD Build/obj/stm32l4xx_hal_dma_ex.o
LOAD Build/obj/stm32l4xx_hal_dsi.o
LOAD Build/obj/stm32l4xx_hal_exti.o
LOAD Build/obj/stm32l4xx_hal_firewall.o
LOAD Build/obj/stm32l4xx_hal_flash.o
LOAD Build/obj/stm32l4xx_hal_flash_ex.o
LOAD Build/obj/stm32l4xx_hal_flash_ramfunc.o
LOAD Build/obj/stm32l4xx_hal_gfxmmu.o
LOAD Build/obj/stm32l4xx_hal_gpio.o
LOAD Build/obj/stm32l4xx_hal_hash.o
LOAD Build/obj/stm32l4xx_hal_hash_ex.o
LOAD Build/obj/stm32l4xx_hal_hcd.o
LOAD Build/obj/stm32l4xx_hal_i2c.o
LOAD Build/obj/stm32l4xx_hal_i2c_ex.o
LOAD Build/obj/stm32l4xx_hal_irda.o
LOAD Build/obj/stm32l4xx_hal_iwdg.o
LOAD Build/obj/stm32l4xx_hal_lcd.o
LOAD Build/obj/stm32l4xx_hal_lptim.o
LOAD Build/obj/stm32l4xx_hal_ltdc.o
LOAD Build/obj/stm32l4xx_hal_ltdc_ex.o
LOAD Build/obj/stm32l4xx_hal_mmc.o
LOAD Build/obj/stm32l4xx_hal_mmc_ex.o
LOAD Build/obj/stm32l4xx_hal_nand.o
LOAD Build/obj/stm32l4xx_hal_nor.o
LOAD Build/obj/stm32l4xx_hal_opamp.o
LOAD Build/obj/stm32l4xx_hal_opamp_ex.o
LOAD Build/obj/stm32l4xx_hal_ospi.o
LOAD Build/obj/stm32l4xx_hal_pcd.o
LOAD Build/obj/stm32l4xx_hal_pcd_ex.o
LOAD Build/obj/stm32l4xx_hal_pka.o
LOAD Build/obj/stm32l4xx_hal_pssi.o
LOAD Build/obj/stm32l4xx_hal_pwr.o
LOAD Build/obj/stm32l4xx_hal_pwr_ex.o
LOAD Build/obj/stm32l4xx_hal_qspi.o
LOAD Build/obj/stm32l4xx_hal_rcc.o
LOAD Build/obj/stm32l4xx_hal_rcc_ex.o
LOAD Build/obj/stm32l4xx_hal_rng.o
LOAD Build/obj/stm32l4xx_hal_rng_ex.o
LOAD Build/obj/stm32l4xx_hal_rtc.o
LOAD Build/obj/stm32l4xx_hal_rtc_ex.o
LOAD Build/obj/stm32l4xx_hal_sai.o
LOAD Build/obj/stm32l4xx_hal_sai_ex.o
LOAD Build/obj/stm32l4xx_hal_sd.o
LOAD Build/obj/stm32l4xx_hal_sd_ex.o
LOAD Build/obj/stm32l4xx_hal_smartcard.o
LOAD Build/obj/stm32l4xx_hal_smartcard_ex.o
LOAD Build/obj/stm32l4xx_hal_smbus.o
LOAD Build/obj/stm32l4xx_hal_spi.o
LOAD Build/obj/stm32l4xx_hal_spi_ex.o
LOAD Build/obj/stm32l4xx_hal_sram.o
LOAD Build/obj/stm32l4xx_hal_swpmi.o
LOAD Build/obj/stm32l4xx_hal_tim.o
LOAD Build/obj/stm32l4xx_hal_timebase_tim_template.o
LOAD Build/obj/stm32l4xx_hal_tim_ex.o
LOAD Build/obj/stm32l4xx_hal_tsc.o
LOAD Build/obj/stm32l4xx_hal_uart.o
LOAD Build/obj/stm32l4xx_hal_uart_ex.o
LOAD Build/obj/stm32l4xx_hal_usart.o
LOAD Build/obj/stm32l4xx_hal_usart_ex.o
LOAD Build/obj/stm32l4xx_hal_wwdg.o
LOAD Build/obj/stm32l4xx_ll_adc.o
LOAD Build/obj/stm32l4xx_ll_comp.o
LOAD Build/obj/stm32l4xx_ll_crc.o
LOAD Build/obj/stm32l4xx_ll_crs.o
LOAD Build/obj/stm32l4xx_ll_dac.o
LOAD Build/obj/stm32l4xx_ll_dma2d.o
LOAD Build/obj/stm32l4xx_ll_dma.o
LOAD Build/obj/stm32l4xx_ll_exti.o
LOAD Build/obj/stm32l4xx_ll_fmc.o
LOAD Build/obj/stm32l4xx_ll_gpio.o
LOAD Build/obj/stm32l4xx_ll_i2c.o
LOAD Build/obj/stm32l4xx_ll_lptim.o
LOAD Build/obj/stm32l4xx_ll_lpuart.o
LOAD Build/obj/stm32l4xx_ll_opamp.o
LOAD Build/obj/stm32l4xx_ll_pka.o
LOAD Build/obj/stm32l4xx_ll_pwr.o
LOAD Build/obj/stm32l4xx_ll_rcc.o
LOAD Build/obj/stm32l4xx_ll_rng.o
LOAD Build/obj/stm32l4xx_ll_rtc.o
LOAD Build/obj/stm32l4xx_ll_sdmmc.o
LOAD Build/obj/stm32l4xx_ll_spi.o
LOAD Build/obj/stm32l4xx_ll_swpmi.o
LOAD Build/obj/stm32l4xx_ll_tim.o
LOAD Build/obj/stm32l4xx_ll_usart.o
LOAD Build/obj/stm32l4xx_ll_usb.o
LOAD Build/obj/stm32l4xx_ll_utils.o
LOAD Build/obj/system_stm32l4xx.o
LOAD Build/obj/startup_stm32l476xx.o
START GROUP
LOAD /home/butterfly/Apps/arm-gnu-toolchain-13.3.rel1-x86_64-arm-none-eabi/bin/../lib/gcc/arm-none-eabi/13.3.1/thumb/v7e-m+fp/hard/libgcc.a
LOAD /home/butterfly/Apps/arm-gnu-toolchain-13.3.rel1-x86_64-arm-none-eabi/bin/../lib/gcc/arm-none-eabi/13.3.1/../../../../arm-none-eabi/lib/thumb/v7e-m+fp/hard/libc_nano.a
END GROUP
START GROUP
LOAD /home/butterfly/Apps/arm-gnu-toolchain-13.3.rel1-x86_64-arm-none-eabi/bin/../lib/gcc/arm-none-eabi/13.3.1/thumb/v7e-m+fp/hard/libgcc.a
LOAD /home/butterfly/Apps/arm-gnu-toolchain-13.3.rel1-x86_64-arm-none-eabi/bin/../lib/gcc/arm-none-eabi/13.3.1/../../../../arm-none-eabi/lib/thumb/v7e-m+fp/hard/libc_nano.a
END GROUP
LOAD /home/butterfly/Apps/arm-gnu-toolchain-13.3.rel1-x86_64-arm-none-eabi/bin/../lib/gcc/arm-none-eabi/13.3.1/thumb/v7e-m+fp/hard/crtend.o
LOAD /home/butterfly/Apps/arm-gnu-toolchain-13.3.rel1-x86_64-arm-none-eabi/bin/../lib/gcc/arm-none-eabi/13.3.1/thumb/v7e-m+fp/hard/crtn.o
                0x00000200                        _Min_Heap_Size = 0x200
                0x00000400                        _Min_Stack_Size = 0x400

.isr_vector     0x08000000      0x188
                0x08000000                        . = ALIGN (0x8)
 *(.isr_vector)
 .isr_vector    0x08000000      0x188 Build/obj/startup_stm32l476xx.o
                0x08000000                g_pfnVectors
                0x08000188                        . = ALIGN (0x8)

.text           0x08000188     0xe488
                0x08000188                        . = ALIGN (0x8)
 *(.text)
 .text          0x08000188     0xa5c4 /tmp/ccmpvPhi.ltrans0.ltrans.o
                0x0800723a                HAL_SPI_MspInit
                0x080072f8                NMI_Handler
                0x080072fa                HardFault_Handler
                0x080072fc                MemManage_Handler
                0x080072fe                BusFault_Handler
                0x08007300                UsageFault_Handler
                0x08007302                SVC_Handler
                0x08007304                DebugMon_Handler
                0x08007306                PendSV_Handler
                0x08007308                DMA1_Channel1_IRQHandler
                0x08007394                DMA1_Channel2_IRQHandler
                0x08007420                DMA1_Channel3_IRQHandler
                0x080074ac                USART3_IRQHandler
                0x080074b4                DMA2_Channel4_IRQHandler
                0x080074c4                DMA2_Channel5_IRQHandler
                0x080074d4                EXTI0_IRQHandler
                0x080076c0                HAL_TIM_Base_MspInit
                0x08007748                HAL_IncTick
                0x0800775c                SysTick_Handler
                0x08007764                HAL_GetTick
                0x080084d4                HAL_NVIC_SetPriority
                0x080084f4                HAL_NVIC_EnableIRQ
                0x0800a218                main
                0x0800a6c4                HAL_UART_MspInit
                0x0800a73c                HAL_PWREx_GetVoltageRange
 .text          0x0800a74c     0x1c08 /tmp/ccmpvPhi.ltrans1.ltrans.o
                0x0800b29c                HAL_RCC_GetSysClockFreq
                0x0800b75c                RCC_SetFlashLatencyFromMSIRange.lto_priv.0
                0x0800b7ec                HAL_RCCEx_PeriphCLKConfig
                0x0800bc34                HAL_SPI_Init
                0x0800bce4                HAL_TIM_Base_Init
                0x0800bd18                HAL_TIM_PWM_Init
                0x0800bd48                HAL_TIM_PWM_ConfigChannel
                0x0800be7c                HAL_TIM_ConfigClockSource
                0x0800bf58                HAL_TIM_SlaveConfigSynchro
                0x0800bfaa                TIM_CCxChannelCmd
                0x0800bfc8                HAL_InitTick
                0x0800c050                HAL_RCC_ClockConfig
                0x0800c1a4                TIM6_DAC_IRQHandler
                0x0800c1b4                HAL_TIMEx_MasterConfigSynchronization
                0x0800c24c                HAL_TIMEx_ConfigBreakDeadTime
                0x0800c2dc                HAL_UART_Init
                0x0800c33e                SystemInit
 .text          0x0800c354      0x424 /home/butterfly/Apps/arm-gnu-toolchain-13.3.rel1-x86_64-arm-none-eabi/bin/../lib/gcc/arm-none-eabi/13.3.1/thumb/v7e-m+fp/hard/libgcc.a(_arm_muldivdf3.o)
                0x0800c354                __aeabi_dmul
                0x0800c354                __muldf3
                0x0800c5a8                __aeabi_ddiv
                0x0800c5a8                __divdf3
 .text          0x0800c778       0xa0 /home/butterfly/Apps/arm-gnu-toolchain-13.3.rel1-x86_64-arm-none-eabi/bin/../lib/gcc/arm-none-eabi/13.3.1/thumb/v7e-m+fp/hard/libgcc.a(_arm_truncdfsf2.o)
                0x0800c778                __aeabi_d2f
                0x0800c778                __truncdfsf2
 .text          0x0800c818       0xa0 /home/butterfly/Apps/arm-gnu-toolchain-13.3.rel1-x86_64-arm-none-eabi/bin/../lib/gcc/arm-none-eabi/13.3.1/thumb/v7e-m+fp/hard/libgcc.a(_aeabi_ldivmod.o)
                0x0800c818                __aeabi_ldivmod
 .text          0x0800c8b8       0x30 /home/butterfly/Apps/arm-gnu-toolchain-13.3.rel1-x86_64-arm-none-eabi/bin/../lib/gcc/arm-none-eabi/13.3.1/thumb/v7e-m+fp/hard/libgcc.a(_aeabi_uldivmod.o)
                0x0800c8b8                __aeabi_uldivmod
 .text          0x0800c8e8        0x4 /home/butterfly/Apps/arm-gnu-toolchain-13.3.rel1-x86_64-arm-none-eabi/bin/../lib/gcc/arm-none-eabi/13.3.1/thumb/v7e-m+fp/hard/libgcc.a(_dvmd_tls.o)
                0x0800c8e8                __aeabi_ldiv0
                0x0800c8e8                __aeabi_idiv0
 .text          0x0800c8ec       0x40 /home/butterfly/Apps/arm-gnu-toolchain-13.3.rel1-x86_64-arm-none-eabi/bin/../lib/gcc/arm-none-eabi/13.3.1/thumb/v7e-m+fp/hard/libgcc.a(_arm_fixunsdfsi.o)
                0x0800c8ec                __fixunsdfsi
                0x0800c8ec                __aeabi_d2uiz
 .text          0x0800c92c      0x378 /home/butterfly/Apps/arm-gnu-toolchain-13.3.rel1-x86_64-arm-none-eabi/bin/../lib/gcc/arm-none-eabi/13.3.1/thumb/v7e-m+fp/hard/libgcc.a(_arm_addsubdf3.o)
                0x0800c92c                __aeabi_drsub
                0x0800c934                __aeabi_dsub
                0x0800c934                __subdf3
                0x0800c938                __adddf3
                0x0800c938                __aeabi_dadd
                0x0800cbb0                __aeabi_ui2d
                0x0800cbb0                __floatunsidf
                0x0800cbd0                __floatsidf
                0x0800cbd0                __aeabi_i2d
                0x0800cbf4                __extendsfdf2
                0x0800cbf4                __aeabi_f2d
                0x0800cc38                __aeabi_ul2d
                0x0800cc38                __floatundidf
                0x0800cc48                __floatdidf
                0x0800cc48                __aeabi_l2d
 .text          0x0800cca4      0x110 /home/butterfly/Apps/arm-gnu-toolchain-13.3.rel1-x86_64-arm-none-eabi/bin/../lib/gcc/arm-none-eabi/13.3.1/thumb/v7e-m+fp/hard/libgcc.a(_arm_cmpdf2.o)
                0x0800cca4                __gtdf2
                0x0800cca4                __gedf2
                0x0800ccac                __ltdf2
                0x0800ccac                __ledf2
                0x0800ccb4                __cmpdf2
                0x0800ccb4                __eqdf2
                0x0800ccb4                __nedf2
                0x0800cd30                __aeabi_cdrcmple
                0x0800cd40                __aeabi_cdcmple
                0x0800cd40                __aeabi_cdcmpeq
                0x0800cd50                __aeabi_dcmpeq
                0x0800cd64                __aeabi_dcmplt
                0x0800cd78                __aeabi_dcmple
                0x0800cd8c                __aeabi_dcmpge
                0x0800cda0                __aeabi_dcmpgt
 .text          0x0800cdb4       0x50 /home/butterfly/Apps/arm-gnu-toolchain-13.3.rel1-x86_64-arm-none-eabi/bin/../lib/gcc/arm-none-eabi/13.3.1/thumb/v7e-m+fp/hard/libgcc.a(_arm_fixdfsi.o)
                0x0800cdb4                __fixdfsi
                0x0800cdb4                __aeabi_d2iz
 *(.text*)
 .text.deregister_tm_clones
                0x0800ce04       0x1c /home/butterfly/Apps/arm-gnu-toolchain-13.3.rel1-x86_64-arm-none-eabi/bin/../lib/gcc/arm-none-eabi/13.3.1/thumb/v7e-m+fp/hard/crtbegin.o
 .text.register_tm_clones
                0x0800ce20       0x24 /home/butterfly/Apps/arm-gnu-toolchain-13.3.rel1-x86_64-arm-none-eabi/bin/../lib/gcc/arm-none-eabi/13.3.1/thumb/v7e-m+fp/hard/crtbegin.o
 .text.__do_global_dtors_aux
                0x0800ce44       0x28 /home/butterfly/Apps/arm-gnu-toolchain-13.3.rel1-x86_64-arm-none-eabi/bin/../lib/gcc/arm-none-eabi/13.3.1/thumb/v7e-m+fp/hard/crtbegin.o
 .text.frame_dummy
                0x0800ce6c       0x24 /home/butterfly/Apps/arm-gnu-toolchain-13.3.rel1-x86_64-arm-none-eabi/bin/../lib/gcc/arm-none-eabi/13.3.1/thumb/v7e-m+fp/hard/crtbegin.o
 .text.Reset_Handler
                0x0800ce90       0x50 Build/obj/startup_stm32l476xx.o
                0x0800ce90                Reset_Handler
 .text.Default_Handler
                0x0800cee0        0x2 Build/obj/startup_stm32l476xx.o
                0x0800cee0                RTC_Alarm_IRQHandler
                0x0800cee0                EXTI2_IRQHandler
                0x0800cee0                TIM8_TRG_COM_IRQHandler
                0x0800cee0                TIM8_CC_IRQHandler
                0x0800cee0                TIM1_CC_IRQHandler
                0x0800cee0                TSC_IRQHandler
                0x0800cee0                TAMP_STAMP_IRQHandler
                0x0800cee0                EXTI3_IRQHandler
                0x0800cee0                LPTIM2_IRQHandler
                0x0800cee0                DFSDM1_FLT1_IRQHandler
                0x0800cee0                I2C3_ER_IRQHandler
                0x0800cee0                DFSDM1_FLT2_IRQHandler
                0x0800cee0                I2C2_EV_IRQHandler
                0x0800cee0                CAN1_RX0_IRQHandler
                0x0800cee0                FPU_IRQHandler
                0x0800cee0                TIM1_UP_TIM16_IRQHandler
                0x0800cee0                ADC1_2_IRQHandler
                0x0800cee0                SPI1_IRQHandler
                0x0800cee0                TIM8_UP_IRQHandler
                0x0800cee0                DMA2_Channel2_IRQHandler
                0x0800cee0                DMA1_Channel4_IRQHandler
                0x0800cee0                SAI2_IRQHandler
                0x0800cee0                DFSDM1_FLT3_IRQHandler
                0x0800cee0                DMA1_Channel7_IRQHandler
                0x0800cee0                CAN1_RX1_IRQHandler
                0x0800cee0                LCD_IRQHandler
                0x0800cee0                UART5_IRQHandler
                0x0800cee0                ADC3_IRQHandler
                0x0800cee0                TIM4_IRQHandler
                0x0800cee0                DMA2_Channel1_IRQHandler
                0x0800cee0                QUADSPI_IRQHandler
                0x0800cee0                I2C1_EV_IRQHandler
                0x0800cee0                DMA1_Channel6_IRQHandler
                0x0800cee0                UART4_IRQHandler
                0x0800cee0                TIM3_IRQHandler
                0x0800cee0                RCC_IRQHandler
                0x0800cee0                Default_Handler
                0x0800cee0                DMA2_Channel7_IRQHandler
                0x0800cee0                EXTI15_10_IRQHandler
                0x0800cee0                TIM7_IRQHandler
                0x0800cee0                SDMMC1_IRQHandler
                0x0800cee0                TIM5_IRQHandler
                0x0800cee0                I2C3_EV_IRQHandler
                0x0800cee0                EXTI9_5_IRQHandler
                0x0800cee0                RTC_WKUP_IRQHandler
                0x0800cee0                PVD_PVM_IRQHandler
                0x0800cee0                SPI2_IRQHandler
                0x0800cee0                CAN1_TX_IRQHandler
                0x0800cee0                DMA1_Channel5_IRQHandler
                0x0800cee0                EXTI4_IRQHandler
                0x0800cee0                RNG_IRQHandler
                0x0800cee0                TIM1_TRG_COM_TIM17_IRQHandler
                0x0800cee0                COMP_IRQHandler
                0x0800cee0                WWDG_IRQHandler
                0x0800cee0                LPUART1_IRQHandler
                0x0800cee0                DMA2_Channel6_IRQHandler
                0x0800cee0                TIM2_IRQHandler
                0x0800cee0                EXTI1_IRQHandler
                0x0800cee0                USART2_IRQHandler
                0x0800cee0                DFSDM1_FLT0_IRQHandler
                0x0800cee0                I2C2_ER_IRQHandler
                0x0800cee0                TIM8_BRK_IRQHandler
                0x0800cee0                CAN1_SCE_IRQHandler
                0x0800cee0                FLASH_IRQHandler
                0x0800cee0                USART1_IRQHandler
                0x0800cee0                OTG_FS_IRQHandler
                0x0800cee0                SPI3_IRQHandler
                0x0800cee0                I2C1_ER_IRQHandler
                0x0800cee0                FMC_IRQHandler
                0x0800cee0                SWPMI1_IRQHandler
                0x0800cee0                LPTIM1_IRQHandler
                0x0800cee0                SAI1_IRQHandler
                0x0800cee0                DMA2_Channel3_IRQHandler
                0x0800cee0                TIM1_BRK_TIM15_IRQHandler
 *fill*         0x0800cee2        0x2 
 .text.__libc_init_array
                0x0800cee4       0x48 /home/butterfly/Apps/arm-gnu-toolchain-13.3.rel1-x86_64-arm-none-eabi/bin/../lib/gcc/arm-none-eabi/13.3.1/../../../../arm-none-eabi/lib/thumb/v7e-m+fp/hard/libc_nano.a(libc_a-init.o)
                0x0800cee4                __libc_init_array
 .text.memset   0x0800cf2c       0x10 /home/butterfly/Apps/arm-gnu-toolchain-13.3.rel1-x86_64-arm-none-eabi/bin/../lib/gcc/arm-none-eabi/13.3.1/../../../../arm-none-eabi/lib/thumb/v7e-m+fp/hard/libc_nano.a(libc_a-memset.o)
                0x0800cf2c                memset
 .text.__fixdfdi
                0x0800cf3c       0x30 /home/butterfly/Apps/arm-gnu-toolchain-13.3.rel1-x86_64-arm-none-eabi/bin/../lib/gcc/arm-none-eabi/13.3.1/thumb/v7e-m+fp/hard/libgcc.a(_fixdfdi.o)
                0x0800cf3c                __aeabi_d2lz
                0x0800cf3c                __fixdfdi
 .text.__fixunsdfdi
                0x0800cf6c       0x3c /home/butterfly/Apps/arm-gnu-toolchain-13.3.rel1-x86_64-arm-none-eabi/bin/../lib/gcc/arm-none-eabi/13.3.1/thumb/v7e-m+fp/hard/libgcc.a(_fixunsdfdi.o)
                0x0800cf6c                __aeabi_d2ulz
                0x0800cf6c                __fixunsdfdi
 .text.__udivmoddi4
                0x0800cfa8      0x2bc /home/butterfly/Apps/arm-gnu-toolchain-13.3.rel1-x86_64-arm-none-eabi/bin/../lib/gcc/arm-none-eabi/13.3.1/thumb/v7e-m+fp/hard/libgcc.a(_udivmoddi4.o)
                0x0800cfa8                __udivmoddi4
 *fill*         0x0800d264        0x4 
 .text.cos      0x0800d268       0x88 /home/butterfly/Apps/arm-gnu-toolchain-13.3.rel1-x86_64-arm-none-eabi/bin/../lib/gcc/arm-none-eabi/13.3.1/../../../../arm-none-eabi/lib/thumb/v7e-m+fp/hard/libm.a(libm_a-s_cos.o)
                0x0800d268                cos
 .text.__kernel_cos
                0x0800d2f0      0x26c /home/butterfly/Apps/arm-gnu-toolchain-13.3.rel1-x86_64-arm-none-eabi/bin/../lib/gcc/arm-none-eabi/13.3.1/../../../../arm-none-eabi/lib/thumb/v7e-m+fp/hard/libm.a(libm_a-k_cos.o)
                0x0800d2f0                __kernel_cos
 *fill*         0x0800d55c        0x4 
 .text.__kernel_sin
                0x0800d560      0x17c /home/butterfly/Apps/arm-gnu-toolchain-13.3.rel1-x86_64-arm-none-eabi/bin/../lib/gcc/arm-none-eabi/13.3.1/../../../../arm-none-eabi/lib/thumb/v7e-m+fp/hard/libm.a(libm_a-k_sin.o)
                0x0800d560                __kernel_sin
 *fill*         0x0800d6dc        0x4 
 .text.__ieee754_rem_pio2
                0x0800d6e0      0x424 /home/butterfly/Apps/arm-gnu-toolchain-13.3.rel1-x86_64-arm-none-eabi/bin/../lib/gcc/arm-none-eabi/13.3.1/../../../../arm-none-eabi/lib/thumb/v7e-m+fp/hard/libm.a(libm_a-e_rem_pio2.o)
                0x0800d6e0                __ieee754_rem_pio2
 *fill*         0x0800db04        0x4 
 .text.sin      0x0800db08       0x90 /home/butterfly/Apps/arm-gnu-toolchain-13.3.rel1-x86_64-arm-none-eabi/bin/../lib/gcc/arm-none-eabi/13.3.1/../../../../arm-none-eabi/lib/thumb/v7e-m+fp/hard/libm.a(libm_a-s_sin.o)
                0x0800db08                sin
 .text.__kernel_rem_pio2
                0x0800db98      0x82c /home/butterfly/Apps/arm-gnu-toolchain-13.3.rel1-x86_64-arm-none-eabi/bin/../lib/gcc/arm-none-eabi/13.3.1/../../../../arm-none-eabi/lib/thumb/v7e-m+fp/hard/libm.a(libm_a-k_rem_pio2.o)
                0x0800db98                __kernel_rem_pio2
 .text.fabs     0x0800e3c4       0x10 /home/butterfly/Apps/arm-gnu-toolchain-13.3.rel1-x86_64-arm-none-eabi/bin/../lib/gcc/arm-none-eabi/13.3.1/../../../../arm-none-eabi/lib/thumb/v7e-m+fp/hard/libm.a(libm_a-s_fabs.o)
                0x0800e3c4                fabs
 *fill*         0x0800e3d4        0x4 
 .text.scalbn   0x0800e3d8      0x114 /home/butterfly/Apps/arm-gnu-toolchain-13.3.rel1-x86_64-arm-none-eabi/bin/../lib/gcc/arm-none-eabi/13.3.1/../../../../arm-none-eabi/lib/thumb/v7e-m+fp/hard/libm.a(libm_a-s_scalbn.o)
                0x0800e3d8                scalbn
 *fill*         0x0800e4ec        0x4 
 .text.floor    0x0800e4f0      0x108 /home/butterfly/Apps/arm-gnu-toolchain-13.3.rel1-x86_64-arm-none-eabi/bin/../lib/gcc/arm-none-eabi/13.3.1/../../../../arm-none-eabi/lib/thumb/v7e-m+fp/hard/libm.a(libm_a-s_floor.o)
                0x0800e4f0                floor
 *(.glue_7)
 .glue_7        0x0800e5f8        0x0 linker stubs
 *(.glue_7t)
 .glue_7t       0x0800e5f8        0x0 linker stubs
 *(.eh_frame)
 .eh_frame      0x0800e5f8        0x0 /home/butterfly/Apps/arm-gnu-toolchain-13.3.rel1-x86_64-arm-none-eabi/bin/../lib/gcc/arm-none-eabi/13.3.1/thumb/v7e-m+fp/hard/crtbegin.o
 *(.init)
 .init          0x0800e5f8        0x4 /home/butterfly/Apps/arm-gnu-toolchain-13.3.rel1-x86_64-arm-none-eabi/bin/../lib/gcc/arm-none-eabi/13.3.1/thumb/v7e-m+fp/hard/crti.o
                0x0800e5f8                _init
 .init          0x0800e5fc        0x8 /home/butterfly/Apps/arm-gnu-toolchain-13.3.rel1-x86_64-arm-none-eabi/bin/../lib/gcc/arm-none-eabi/13.3.1/thumb/v7e-m+fp/hard/crtn.o
 *(.fini)
 .fini          0x0800e604        0x4 /home/butterfly/Apps/arm-gnu-toolchain-13.3.rel1-x86_64-arm-none-eabi/bin/../lib/gcc/arm-none-eabi/13.3.1/thumb/v7e-m+fp/hard/crti.o
                0x0800e604                _fini
 .fini          0x0800e608        0x8 /home/butterfly/Apps/arm-gnu-toolchain-13.3.rel1-x86_64-arm-none-eabi/bin/../lib/gcc/arm-none-eabi/13.3.1/thumb/v7e-m+fp/hard/crtn.o
                0x0800e610                        . = ALIGN (0x8)
                0x0800e610                        _etext = .

.vfp11_veneer   0x0800e610        0x0
 .vfp11_veneer  0x0800e610        0x0 linker stubs

.v4_bx          0x0800e610        0x0
 .v4_bx         0x0800e610        0x0 linker stubs

.iplt           0x0800e610        0x0
 .iplt          0x0800e610        0x0 /home/butterfly/Apps/arm-gnu-toolchain-13.3.rel1-x86_64-arm-none-eabi/bin/../lib/gcc/arm-none-eabi/13.3.1/thumb/v7e-m+fp/hard/crtbegin.o

.rodata         0x0800e610      0x6e0
                0x0800e610                        . = ALIGN (0x8)
 *(.rodata)
 .rodata        0x0800e610      0x4d0 /tmp/ccmpvPhi.ltrans0.ltrans.o
                0x0800eacc                AHBPrescTable
                0x0800eadc                uwTickPrio
 .rodata        0x0800eae0       0x38 /tmp/ccmpvPhi.ltrans1.ltrans.o
 *(.rodata*)
 .rodata.npio2_hw
                0x0800eb18       0x80 /home/butterfly/Apps/arm-gnu-toolchain-13.3.rel1-x86_64-arm-none-eabi/bin/../lib/gcc/arm-none-eabi/13.3.1/../../../../arm-none-eabi/lib/thumb/v7e-m+fp/hard/libm.a(libm_a-e_rem_pio2.o)
 .rodata.two_over_pi
                0x0800eb98      0x108 /home/butterfly/Apps/arm-gnu-toolchain-13.3.rel1-x86_64-arm-none-eabi/bin/../lib/gcc/arm-none-eabi/13.3.1/../../../../arm-none-eabi/lib/thumb/v7e-m+fp/hard/libm.a(libm_a-e_rem_pio2.o)
 .rodata.PIo2   0x0800eca0       0x40 /home/butterfly/Apps/arm-gnu-toolchain-13.3.rel1-x86_64-arm-none-eabi/bin/../lib/gcc/arm-none-eabi/13.3.1/../../../../arm-none-eabi/lib/thumb/v7e-m+fp/hard/libm.a(libm_a-k_rem_pio2.o)
 .rodata.init_jk
                0x0800ece0       0x10 /home/butterfly/Apps/arm-gnu-toolchain-13.3.rel1-x86_64-arm-none-eabi/bin/../lib/gcc/arm-none-eabi/13.3.1/../../../../arm-none-eabi/lib/thumb/v7e-m+fp/hard/libm.a(libm_a-k_rem_pio2.o)
                0x0800ecf0                        . = ALIGN (0x8)

.ARM.extab      0x0800ecf0        0x0
                0x0800ecf0                        . = ALIGN (0x8)
 *(.ARM.extab* .gnu.linkonce.armextab.*)
                0x0800ecf0                        . = ALIGN (0x8)

.ARM            0x0800ecf0        0x8
                0x0800ecf0                        . = ALIGN (0x8)
                0x0800ecf0                        __exidx_start = .
 *(.ARM.exidx*)
 .ARM.exidx.text.__udivmoddi4
                0x0800ecf0        0x8 /home/butterfly/Apps/arm-gnu-toolchain-13.3.rel1-x86_64-arm-none-eabi/bin/../lib/gcc/arm-none-eabi/13.3.1/thumb/v7e-m+fp/hard/libgcc.a(_udivmoddi4.o)
                0x0800ecf8                        __exidx_end = .
                0x0800ecf8                        . = ALIGN (0x8)

.rel.dyn        0x0800ecf8        0x0
 .rel.iplt      0x0800ecf8        0x0 /home/butterfly/Apps/arm-gnu-toolchain-13.3.rel1-x86_64-arm-none-eabi/bin/../lib/gcc/arm-none-eabi/13.3.1/thumb/v7e-m+fp/hard/crtbegin.o

.preinit_array  0x0800ecf8        0x0
                0x0800ecf8                        . = ALIGN (0x8)
                0x0800ecf8                        PROVIDE (__preinit_array_start = .)
 *(.preinit_array*)
                0x0800ecf8                        PROVIDE (__preinit_array_end = .)
                0x0800ecf8                        . = ALIGN (0x8)

.init_array     0x0800ecf8        0x8
                0x0800ecf8                        . = ALIGN (0x8)
                0x0800ecf8                        PROVIDE (__init_array_start = .)
 *(SORT_BY_NAME(.init_array.*))
 *(.init_array*)
 .init_array    0x0800ecf8        0x4 /home/butterfly/Apps/arm-gnu-toolchain-13.3.rel1-x86_64-arm-none-eabi/bin/../lib/gcc/arm-none-eabi/13.3.1/thumb/v7e-m+fp/hard/crtbegin.o
                0x0800ecfc                        PROVIDE (__init_array_end = .)
                0x0800ed00                        . = ALIGN (0x8)
 *fill*         0x0800ecfc        0x4 

.fini_array     0x0800ed00        0x8
                0x0800ed00                        . = ALIGN (0x8)
                [!provide]                        PROVIDE (__fini_array_start = .)
 *(SORT_BY_NAME(.fini_array.*))
 *(.fini_array*)
 .fini_array    0x0800ed00        0x4 /home/butterfly/Apps/arm-gnu-toolchain-13.3.rel1-x86_64-arm-none-eabi/bin/../lib/gcc/arm-none-eabi/13.3.1/thumb/v7e-m+fp/hard/crtbegin.o
                [!provide]                        PROVIDE (__fini_array_end = .)
                0x0800ed08                        . = ALIGN (0x8)
 *fill*         0x0800ed04        0x4 
                0x0800ed08                        _sidata = LOADADDR (.data)

.data           0x20000000      0x350 load address 0x0800ed08
                0x20000000                        . = ALIGN (0x8)
                0x20000000                        _sdata = .
 *(.data)
 .data          0x20000000      0x350 /tmp/ccmpvPhi.ltrans0.ltrans.o
                0x20000328                SystemCoreClock
 *(.data*)
                0x20000350                        . = ALIGN (0x8)
                0x20000350                        _edata = .

.tm_clone_table
                0x20000350        0x0 load address 0x0800f058
 .tm_clone_table
                0x20000350        0x0 /home/butterfly/Apps/arm-gnu-toolchain-13.3.rel1-x86_64-arm-none-eabi/bin/../lib/gcc/arm-none-eabi/13.3.1/thumb/v7e-m+fp/hard/crtbegin.o
 .tm_clone_table
                0x20000350        0x0 /home/butterfly/Apps/arm-gnu-toolchain-13.3.rel1-x86_64-arm-none-eabi/bin/../lib/gcc/arm-none-eabi/13.3.1/thumb/v7e-m+fp/hard/crtend.o

.igot.plt       0x20000350        0x0 load address 0x0800f058
 .igot.plt      0x20000350        0x0 /home/butterfly/Apps/arm-gnu-toolchain-13.3.rel1-x86_64-arm-none-eabi/bin/../lib/gcc/arm-none-eabi/13.3.1/thumb/v7e-m+fp/hard/crtbegin.o

.bss            0x20000350     0x29f8 load address 0x0800f058
                0x20000350                        . = ALIGN (0x8)
                0x20000350                        _sbss = .
                0x20000350                        __bss_start__ = _sbss
 *(.bss)
 .bss           0x20000350     0x299c /tmp/ccmpvPhi.ltrans0.ltrans.o
 .bss           0x20002cec       0x42 /tmp/ccmpvPhi.ltrans1.ltrans.o
 *(.bss*)
 .bss.completed.1
                0x20002d2e        0x1 /home/butterfly/Apps/arm-gnu-toolchain-13.3.rel1-x86_64-arm-none-eabi/bin/../lib/gcc/arm-none-eabi/13.3.1/thumb/v7e-m+fp/hard/crtbegin.o
 *fill*         0x20002d2f        0x1 
 .bss.object.0  0x20002d30       0x18 /home/butterfly/Apps/arm-gnu-toolchain-13.3.rel1-x86_64-arm-none-eabi/bin/../lib/gcc/arm-none-eabi/13.3.1/thumb/v7e-m+fp/hard/crtbegin.o
 *(COMMON)
                0x20002d48                        . = ALIGN (0x8)
                0x20002d48                        _ebss = .
                0x20002d48                        __bss_end__ = _ebss

._user_heap_stack
                0x20002d48      0x600 load address 0x0800f058
                0x20002d48                        . = ALIGN (0x8)
                [!provide]                        PROVIDE (end = .)
                [!provide]                        PROVIDE (_end = .)
                0x20002f48                        . = (. + _Min_Heap_Size)
 *fill*         0x20002d48      0x200 
                0x20003348                        . = (. + _Min_Stack_Size)
 *fill*         0x20002f48      0x400 
                0x20003348                        . = ALIGN (0x8)
                0x20018000                        __StackTop = (ORIGIN (RAM) + LENGTH (RAM))
                0x20018000                        _estack = __StackTop
                0x10000000                        _sram2_start = ORIGIN (RAM2)
                0x10008000                        _sram2_end = (ORIGIN (RAM2) + LENGTH (RAM2))

/DISCARD/
 libc.a(*)
 libm.a(*)
 libgcc.a(*)

.ARM.attributes
                0x00000000       0x30
 *(.ARM.attributes)
 .ARM.attributes
                0x00000000       0x22 /home/butterfly/Apps/arm-gnu-toolchain-13.3.rel1-x86_64-arm-none-eabi/bin/../lib/gcc/arm-none-eabi/13.3.1/thumb/v7e-m+fp/hard/crti.o
 .ARM.attributes
                0x00000022       0x34 /home/butterfly/Apps/arm-gnu-toolchain-13.3.rel1-x86_64-arm-none-eabi/bin/../lib/gcc/arm-none-eabi/13.3.1/thumb/v7e-m+fp/hard/crtbegin.o
 .ARM.attributes
                0x00000056       0x32 /tmp/ccmpvPhi.ltrans0.ltrans.o
 .ARM.attributes
                0x00000088       0x32 /tmp/ccmpvPhi.ltrans1.ltrans.o
 .ARM.attributes
                0x000000ba       0x21 Build/obj/startup_stm32l476xx.o
 .ARM.attributes
                0x000000db       0x34 /home/butterfly/Apps/arm-gnu-toolchain-13.3.rel1-x86_64-arm-none-eabi/bin/../lib/gcc/arm-none-eabi/13.3.1/../../../../arm-none-eabi/lib/thumb/v7e-m+fp/hard/libc_nano.a(libc_a-init.o)
 .ARM.attributes
                0x0000010f       0x34 /home/butterfly/Apps/arm-gnu-toolchain-13.3.rel1-x86_64-arm-none-eabi/bin/../lib/gcc/arm-none-eabi/13.3.1/../../../../arm-none-eabi/lib/thumb/v7e-m+fp/hard/libc_nano.a(libc_a-memset.o)
 .ARM.attributes
                0x00000143       0x22 /home/butterfly/Apps/arm-gnu-toolchain-13.3.rel1-x86_64-arm-none-eabi/bin/../lib/gcc/arm-none-eabi/13.3.1/thumb/v7e-m+fp/hard/libgcc.a(_arm_muldivdf3.o)
 .ARM.attributes
                0x00000165       0x22 /home/butterfly/Apps/arm-gnu-toolchain-13.3.rel1-x86_64-arm-none-eabi/bin/../lib/gcc/arm-none-eabi/13.3.1/thumb/v7e-m+fp/hard/libgcc.a(_arm_truncdfsf2.o)
 .ARM.attributes
                0x00000187       0x22 /home/butterfly/Apps/arm-gnu-toolchain-13.3.rel1-x86_64-arm-none-eabi/bin/../lib/gcc/arm-none-eabi/13.3.1/thumb/v7e-m+fp/hard/libgcc.a(_aeabi_ldivmod.o)
 .ARM.attributes
                0x000001a9       0x22 /home/butterfly/Apps/arm-gnu-toolchain-13.3.rel1-x86_64-arm-none-eabi/bin/../lib/gcc/arm-none-eabi/13.3.1/thumb/v7e-m+fp/hard/libgcc.a(_aeabi_uldivmod.o)
 .ARM.attributes
                0x000001cb       0x34 /home/butterfly/Apps/arm-gnu-toolchain-13.3.rel1-x86_64-arm-none-eabi/bin/../lib/gcc/arm-none-eabi/13.3.1/thumb/v7e-m+fp/hard/libgcc.a(_fixdfdi.o)
 .ARM.attributes
                0x000001ff       0x34 /home/butterfly/Apps/arm-gnu-toolchain-13.3.rel1-x86_64-arm-none-eabi/bin/../lib/gcc/arm-none-eabi/13.3.1/thumb/v7e-m+fp/hard/libgcc.a(_fixunsdfdi.o)
 .ARM.attributes
                0x00000233       0x34 /home/butterfly/Apps/arm-gnu-toolchain-13.3.rel1-x86_64-arm-none-eabi/bin/../lib/gcc/arm-none-eabi/13.3.1/thumb/v7e-m+fp/hard/libgcc.a(_udivmoddi4.o)
 .ARM.attributes
                0x00000267       0x22 /home/butterfly/Apps/arm-gnu-toolchain-13.3.rel1-x86_64-arm-none-eabi/bin/../lib/gcc/arm-none-eabi/13.3.1/thumb/v7e-m+fp/hard/libgcc.a(_dvmd_tls.o)
 .ARM.attributes
                0x00000289       0x22 /home/butterfly/Apps/arm-gnu-toolchain-13.3.rel1-x86_64-arm-none-eabi/bin/../lib/gcc/arm-none-eabi/13.3.1/thumb/v7e-m+fp/hard/libgcc.a(_arm_fixunsdfsi.o)
 .ARM.attributes
                0x000002ab       0x34 /home/butterfly/Apps/arm-gnu-toolchain-13.3.rel1-x86_64-arm-none-eabi/bin/../lib/gcc/arm-none-eabi/13.3.1/thumb/v7e-m+fp/hard/crtend.o
 .ARM.attributes
                0x000002df       0x22 /home/butterfly/Apps/arm-gnu-toolchain-13.3.rel1-x86_64-arm-none-eabi/bin/../lib/gcc/arm-none-eabi/13.3.1/thumb/v7e-m+fp/hard/crtn.o
OUTPUT(Build/bin/firmware.elf elf32-littlearm)
LOAD linker stubs
LOAD /home/butterfly/Apps/arm-gnu-toolchain-13.3.rel1-x86_64-arm-none-eabi/bin/../lib/gcc/arm-none-eabi/13.3.1/../../../../arm-none-eabi/lib/thumb/v7e-m+fp/hard/libc.a
LOAD /home/butterfly/Apps/arm-gnu-toolchain-13.3.rel1-x86_64-arm-none-eabi/bin/../lib/gcc/arm-none-eabi/13.3.1/../../../../arm-none-eabi/lib/thumb/v7e-m+fp/hard/libm.a
LOAD /home/butterfly/Apps/arm-gnu-toolchain-13.3.rel1-x86_64-arm-none-eabi/bin/../lib/gcc/arm-none-eabi/13.3.1/thumb/v7e-m+fp/hard/libgcc.a

.comment        0x00000000       0x45
 .comment       0x00000000       0x45 /tmp/ccmpvPhi.ltrans0.ltrans.o
                                 0x46 (size before relaxing)
 .comment       0x00000045       0x46 /tmp/ccmpvPhi.ltrans1.ltrans.o

.debug_frame    0x00000000      0x1ec
 .debug_frame   0x00000000       0x2c /home/butterfly/Apps/arm-gnu-toolchain-13.3.rel1-x86_64-arm-none-eabi/bin/../lib/gcc/arm-none-eabi/13.3.1/../../../../arm-none-eabi/lib/thumb/v7e-m+fp/hard/libc_nano.a(libc_a-init.o)
 .debug_frame   0x0000002c       0x20 /home/butterfly/Apps/arm-gnu-toolchain-13.3.rel1-x86_64-arm-none-eabi/bin/../lib/gcc/arm-none-eabi/13.3.1/../../../../arm-none-eabi/lib/thumb/v7e-m+fp/hard/libc_nano.a(libc_a-memset.o)
 .debug_frame   0x0000004c       0x50 /home/butterfly/Apps/arm-gnu-toolchain-13.3.rel1-x86_64-arm-none-eabi/bin/../lib/gcc/arm-none-eabi/13.3.1/thumb/v7e-m+fp/hard/libgcc.a(_arm_muldivdf3.o)
 .debug_frame   0x0000009c       0x24 /home/butterfly/Apps/arm-gnu-toolchain-13.3.rel1-x86_64-arm-none-eabi/bin/../lib/gcc/arm-none-eabi/13.3.1/thumb/v7e-m+fp/hard/libgcc.a(_arm_truncdfsf2.o)
 .debug_frame   0x000000c0       0x44 /home/butterfly/Apps/arm-gnu-toolchain-13.3.rel1-x86_64-arm-none-eabi/bin/../lib/gcc/arm-none-eabi/13.3.1/thumb/v7e-m+fp/hard/libgcc.a(_aeabi_ldivmod.o)
 .debug_frame   0x00000104       0x2c /home/butterfly/Apps/arm-gnu-toolchain-13.3.rel1-x86_64-arm-none-eabi/bin/../lib/gcc/arm-none-eabi/13.3.1/thumb/v7e-m+fp/hard/libgcc.a(_aeabi_uldivmod.o)
 .debug_frame   0x00000130       0x38 /home/butterfly/Apps/arm-gnu-toolchain-13.3.rel1-x86_64-arm-none-eabi/bin/../lib/gcc/arm-none-eabi/13.3.1/thumb/v7e-m+fp/hard/libgcc.a(_fixdfdi.o)
 .debug_frame   0x00000168       0x2c /home/butterfly/Apps/arm-gnu-toolchain-13.3.rel1-x86_64-arm-none-eabi/bin/../lib/gcc/arm-none-eabi/13.3.1/thumb/v7e-m+fp/hard/libgcc.a(_fixunsdfdi.o)
 .debug_frame   0x00000194       0x34 /home/butterfly/Apps/arm-gnu-toolchain-13.3.rel1-x86_64-arm-none-eabi/bin/../lib/gcc/arm-none-eabi/13.3.1/thumb/v7e-m+fp/hard/libgcc.a(_udivmoddi4.o)
 .debug_frame   0x000001c8       0x24 /home/butterfly/Apps/arm-gnu-toolchain-13.3.rel1-x86_64-arm-none-eabi/bin/../lib/gcc/arm-none-eabi/13.3.1/thumb/v7e-m+fp/hard/libgcc.a(_arm_fixunsdfsi.o)

.debug_line_str
                0x00000000       0xdb
 .debug_line_str
                0x00000000       0xdb /home/butterfly/Apps/arm-gnu-toolchain-13.3.rel1-x86_64-arm-none-eabi/bin/../lib/gcc/arm-none-eabi/13.3.1/thumb/v7e-m+fp/hard/libgcc.a(_arm_muldivdf3.o)
                                 0xc7 (size before relaxing)
 .debug_line_str
                0x000000db       0xc7 /home/butterfly/Apps/arm-gnu-toolchain-13.3.rel1-x86_64-arm-none-eabi/bin/../lib/gcc/arm-none-eabi/13.3.1/thumb/v7e-m+fp/hard/libgcc.a(_arm_truncdfsf2.o)
 .debug_line_str
                0x000000db       0xc2 /home/butterfly/Apps/arm-gnu-toolchain-13.3.rel1-x86_64-arm-none-eabi/bin/../lib/gcc/arm-none-eabi/13.3.1/thumb/v7e-m+fp/hard/libgcc.a(_aeabi_ldivmod.o)
 .debug_line_str
                0x000000db       0xc2 /home/butterfly/Apps/arm-gnu-toolchain-13.3.rel1-x86_64-arm-none-eabi/bin/../lib/gcc/arm-none-eabi/13.3.1/thumb/v7e-m+fp/hard/libgcc.a(_aeabi_uldivmod.o)
 .debug_line_str
                0x000000db       0xc6 /home/butterfly/Apps/arm-gnu-toolchain-13.3.rel1-x86_64-arm-none-eabi/bin/../lib/gcc/arm-none-eabi/13.3.1/thumb/v7e-m+fp/hard/libgcc.a(_dvmd_tls.o)
 .debug_line_str
                0x000000db       0xc7 /home/butterfly/Apps/arm-gnu-toolchain-13.3.rel1-x86_64-arm-none-eabi/bin/../lib/gcc/arm-none-eabi/13.3.1/thumb/v7e-m+fp/hard/libgcc.a(_arm_fixunsdfsi.o)

Cross Reference Table

Symbol                                            File
AD5668_Init                                       Build/obj/interface_AD5668.o (symbol from plugin)
                                                  Build/obj/main.o (symbol from plugin)
AD5668_Reset                                      Build/obj/interface_AD5668.o (symbol from plugin)
AD5668_SetValue                                   Build/obj/interface_AD5668.o (symbol from plugin)
                                                  Build/obj/stm32l4xx_it.o (symbol from plugin)
                                                  Build/obj/main.o (symbol from plugin)
AD5668_WriteValue                                 Build/obj/interface_AD5668.o (symbol from plugin)
AD7794_Init                                       Build/obj/interface_AD7794.o (symbol from plugin)
                                                  Build/obj/main.o (symbol from plugin)
AD7794_MDL_ReadData                               Build/obj/interface_AD7794.o (symbol from plugin)
AD7794_MDL_Reset                                  Build/obj/interface_AD7794.o (symbol from plugin)
AD7794_MDL_SendData                               Build/obj/interface_AD7794.o (symbol from plugin)
AD7794_UPR_ReadData                               Build/obj/interface_AD7794.o (symbol from plugin)
AD7794_UPR_Reset                                  Build/obj/interface_AD7794.o (symbol from plugin)
AD7794_UPR_SendData                               Build/obj/interface_AD7794.o (symbol from plugin)
AD7794mdl_GetFlagCompleted                        Build/obj/interface_AD7794.o (symbol from plugin)
                                                  Build/obj/main.o (symbol from plugin)
AD7794mdl_GetValue                                Build/obj/interface_AD7794.o (symbol from plugin)
                                                  Build/obj/main.o (symbol from plugin)
AD7794mdl_Setup_ADC_TEMP                          Build/obj/interface_AD7794.o (symbol from plugin)
                                                  Build/obj/main.o (symbol from plugin)
AD7794mdl_Setup_AUX2_TEMP                         Build/obj/interface_AD7794.o (symbol from plugin)
AD7794mdl_Setup_CELL_TEMP                         Build/obj/interface_AD7794.o (symbol from plugin)
                                                  Build/obj/main.o (symbol from plugin)
AD7794mdl_Setup_IO                                Build/obj/interface_AD7794.o (symbol from plugin)
AD7794upr_GetFlagCompleted                        Build/obj/interface_AD7794.o (symbol from plugin)
                                                  Build/obj/main.o (symbol from plugin)
AD7794upr_GetValue                                Build/obj/interface_AD7794.o (symbol from plugin)
                                                  Build/obj/main.o (symbol from plugin)
AD7794upr_Setup_ADC_TEMP                          Build/obj/interface_AD7794.o (symbol from plugin)
                                                  Build/obj/main.o (symbol from plugin)
AD7794upr_Setup_AUX1_TEMP                         Build/obj/interface_AD7794.o (symbol from plugin)
AD7794upr_Setup_IO                                Build/obj/interface_AD7794.o (symbol from plugin)
AD7794upr_Setup_VCSEL_TEMP                        Build/obj/interface_AD7794.o (symbol from plugin)
                                                  Build/obj/main.o (symbol from plugin)
ADC1_2_IRQHandler                                 Build/obj/startup_stm32l476xx.o
ADC3_IRQHandler                                   Build/obj/startup_stm32l476xx.o
ADC_ConversionStop                                Build/obj/stm32l4xx_hal_adc.o (symbol from plugin)
                                                  Build/obj/stm32l4xx_hal_adc_ex.o (symbol from plugin)
ADC_DMAConvCplt                                   Build/obj/stm32l4xx_hal_adc.o (symbol from plugin)
                                                  Build/obj/stm32l4xx_hal_adc_ex.o (symbol from plugin)
ADC_DMAError                                      Build/obj/stm32l4xx_hal_adc.o (symbol from plugin)
                                                  Build/obj/stm32l4xx_hal_adc_ex.o (symbol from plugin)
ADC_DMAHalfConvCplt                               Build/obj/stm32l4xx_hal_adc.o (symbol from plugin)
                                                  Build/obj/stm32l4xx_hal_adc_ex.o (symbol from plugin)
ADC_Disable                                       Build/obj/stm32l4xx_hal_adc.o (symbol from plugin)
                                                  Build/obj/stm32l4xx_hal_adc_ex.o (symbol from plugin)
ADC_Enable                                        Build/obj/stm32l4xx_hal_adc.o (symbol from plugin)
                                                  Build/obj/stm32l4xx_hal_adc_ex.o (symbol from plugin)
                                                  Build/obj/main.o (symbol from plugin)
ADC_FREQ                                          Build/obj/var.o (symbol from plugin)
                                                  Build/obj/stm32l4xx_it.o (symbol from plugin)
                                                  Build/obj/main.o (symbol from plugin)
ADC_FREQ_0                                        Build/obj/var.o (symbol from plugin)
                                                  Build/obj/stm32l4xx_it.o (symbol from plugin)
ADC_FREQ_1                                        Build/obj/var.o (symbol from plugin)
                                                  Build/obj/stm32l4xx_it.o (symbol from plugin)
ADC_FREQ_90                                       Build/obj/var.o (symbol from plugin)
                                                  Build/obj/stm32l4xx_it.o (symbol from plugin)
ADC_FREQ_N                                        Build/obj/var.o (symbol from plugin)
                                                  Build/obj/stm32l4xx_it.o (symbol from plugin)
ADC_FREQ_P                                        Build/obj/var.o (symbol from plugin)
                                                  Build/obj/stm32l4xx_it.o (symbol from plugin)
AHBPrescTable                                     /tmp/ccmpvPhi.ltrans0.ltrans.o
                                                  Build/obj/system_stm32l4xx.o (symbol from plugin)
                                                  /tmp/ccmpvPhi.ltrans1.ltrans.o
                                                  Build/obj/stm32l4xx_ll_utils.o (symbol from plugin)
                                                  Build/obj/stm32l4xx_hal_rcc.o (symbol from plugin)
APBPrescTable                                     Build/obj/system_stm32l4xx.o (symbol from plugin)
                                                  Build/obj/stm32l4xx_hal_rcc.o (symbol from plugin)
BufferDataPack                                    Build/obj/var.o (symbol from plugin)
                                                  Build/obj/usart_protocol.o (symbol from plugin)
BufferMsg                                         Build/obj/var.o (symbol from plugin)
                                                  Build/obj/main.o (symbol from plugin)
BusFault_Handler                                  /tmp/ccmpvPhi.ltrans0.ltrans.o
                                                  Build/obj/startup_stm32l476xx.o
                                                  Build/obj/stm32l4xx_it.o (symbol from plugin)
CAN1_RX0_IRQHandler                               Build/obj/startup_stm32l476xx.o
CAN1_RX1_IRQHandler                               Build/obj/startup_stm32l476xx.o
CAN1_SCE_IRQHandler                               Build/obj/startup_stm32l476xx.o
CAN1_TX_IRQHandler                                Build/obj/startup_stm32l476xx.o
COMP_CRNT_A                                       Build/obj/var.o (symbol from plugin)
                                                  Build/obj/usart_protocol.o (symbol from plugin)
                                                  Build/obj/main.o (symbol from plugin)
COMP_CRNT_B                                       Build/obj/var.o (symbol from plugin)
                                                  Build/obj/usart_protocol.o (symbol from plugin)
                                                  Build/obj/main.o (symbol from plugin)
COMP_CRNT_C                                       Build/obj/var.o (symbol from plugin)
                                                  Build/obj/usart_protocol.o (symbol from plugin)
                                                  Build/obj/main.o (symbol from plugin)
COMP_IRQHandler                                   Build/obj/startup_stm32l476xx.o
CamputeCmd                                        Build/obj/usart_protocol.o (symbol from plugin)
                                                  Build/obj/main.o (symbol from plugin)
CamputeOptionAddValueLMX                          Build/obj/interface_LMX2486.o (symbol from plugin)
                                                  Build/obj/usart_protocol.o (symbol from plugin)
CamputeOptionDataLMX                              Build/obj/interface_LMX2486.o (symbol from plugin)
CamputeOptionLMX                                  Build/obj/interface_LMX2486.o (symbol from plugin)
CamputeOptionSetValueLMX                          Build/obj/interface_LMX2486.o (symbol from plugin)
                                                  Build/obj/usart_protocol.o (symbol from plugin)
                                                  Build/obj/main.o (symbol from plugin)
CamputeShiftFreq                                  Build/obj/main.o (symbol from plugin)
CamputeUpdateAD5668                               Build/obj/stm32l4xx_it.o (symbol from plugin)
ConvertToTempADC                                  Build/obj/interface_AD7794.o (symbol from plugin)
                                                  Build/obj/main.o (symbol from plugin)
ConvertToTempNTC_AUX1                             Build/obj/interface_AD7794.o (symbol from plugin)
                                                  Build/obj/main.o (symbol from plugin)
ConvertToTempNTC_AUX2                             Build/obj/interface_AD7794.o (symbol from plugin)
                                                  Build/obj/main.o (symbol from plugin)
ConvertToTempNTC_CELL                             Build/obj/interface_AD7794.o (symbol from plugin)
                                                  Build/obj/main.o (symbol from plugin)
ConvertToTempNTC_VCSEL                            Build/obj/interface_AD7794.o (symbol from plugin)
                                                  Build/obj/main.o (symbol from plugin)
DAC_DMAConvCpltCh1                                Build/obj/stm32l4xx_hal_dac.o (symbol from plugin)
DAC_DMAConvCpltCh2                                Build/obj/stm32l4xx_hal_dac_ex.o (symbol from plugin)
                                                  Build/obj/stm32l4xx_hal_dac.o (symbol from plugin)
DAC_DMAErrorCh1                                   Build/obj/stm32l4xx_hal_dac.o (symbol from plugin)
DAC_DMAErrorCh2                                   Build/obj/stm32l4xx_hal_dac_ex.o (symbol from plugin)
                                                  Build/obj/stm32l4xx_hal_dac.o (symbol from plugin)
DAC_DMAHalfConvCpltCh1                            Build/obj/stm32l4xx_hal_dac.o (symbol from plugin)
DAC_DMAHalfConvCpltCh2                            Build/obj/stm32l4xx_hal_dac_ex.o (symbol from plugin)
                                                  Build/obj/stm32l4xx_hal_dac.o (symbol from plugin)
DEBUG_maxDWT1                                     Build/obj/var.o (symbol from plugin)
                                                  Build/obj/stm32l4xx_it.o (symbol from plugin)
DFSDM1_FLT0_IRQHandler                            Build/obj/startup_stm32l476xx.o
DFSDM1_FLT1_IRQHandler                            Build/obj/startup_stm32l476xx.o
DFSDM1_FLT2_IRQHandler                            Build/obj/startup_stm32l476xx.o
DFSDM1_FLT3_IRQHandler                            Build/obj/startup_stm32l476xx.o
DMA1_Channel1_IRQHandler                          /tmp/ccmpvPhi.ltrans0.ltrans.o
                                                  Build/obj/startup_stm32l476xx.o
                                                  Build/obj/stm32l4xx_it.o (symbol from plugin)
DMA1_Channel2_IRQHandler                          /tmp/ccmpvPhi.ltrans0.ltrans.o
                                                  Build/obj/startup_stm32l476xx.o
                                                  Build/obj/stm32l4xx_it.o (symbol from plugin)
DMA1_Channel3_IRQHandler                          /tmp/ccmpvPhi.ltrans0.ltrans.o
                                                  Build/obj/startup_stm32l476xx.o
                                                  Build/obj/stm32l4xx_it.o (symbol from plugin)
DMA1_Channel4_IRQHandler                          Build/obj/startup_stm32l476xx.o
DMA1_Channel5_IRQHandler                          Build/obj/startup_stm32l476xx.o
DMA1_Channel6_IRQHandler                          Build/obj/startup_stm32l476xx.o
DMA1_Channel7_IRQHandler                          Build/obj/startup_stm32l476xx.o
DMA2_Channel1_IRQHandler                          Build/obj/startup_stm32l476xx.o
DMA2_Channel2_IRQHandler                          Build/obj/startup_stm32l476xx.o
DMA2_Channel3_IRQHandler                          Build/obj/startup_stm32l476xx.o
DMA2_Channel4_IRQHandler                          /tmp/ccmpvPhi.ltrans0.ltrans.o
                                                  Build/obj/startup_stm32l476xx.o
                                                  Build/obj/stm32l4xx_it.o (symbol from plugin)
DMA2_Channel5_IRQHandler                          /tmp/ccmpvPhi.ltrans0.ltrans.o
                                                  Build/obj/startup_stm32l476xx.o
                                                  Build/obj/stm32l4xx_it.o (symbol from plugin)
DMA2_Channel6_IRQHandler                          Build/obj/startup_stm32l476xx.o
DMA2_Channel7_IRQHandler                          Build/obj/startup_stm32l476xx.o
DMA_ADC1_Data                                     Build/obj/var.o (symbol from plugin)
                                                  Build/obj/stm32l4xx_it.o (symbol from plugin)
                                                  Build/obj/main.o (symbol from plugin)
DMA_ADC2_Data                                     Build/obj/var.o (symbol from plugin)
                                                  Build/obj/usart_protocol.o (symbol from plugin)
                                                  Build/obj/stm32l4xx_it.o (symbol from plugin)
                                                  Build/obj/main.o (symbol from plugin)
DMA_ADC3_Data                                     Build/obj/var.o (symbol from plugin)
                                                  Build/obj/stm32l4xx_it.o (symbol from plugin)
                                                  Build/obj/main.o (symbol from plugin)
DMA_DAC1_Data                                     Build/obj/var.o (symbol from plugin)
                                                  Build/obj/main.o (symbol from plugin)
DMA_DAC2_Data                                     Build/obj/var.o (symbol from plugin)
                                                  Build/obj/main.o (symbol from plugin)
DebugMon_Handler                                  /tmp/ccmpvPhi.ltrans0.ltrans.o
                                                  Build/obj/startup_stm32l476xx.o
                                                  Build/obj/stm32l4xx_it.o (symbol from plugin)
Default_Handler                                   Build/obj/startup_stm32l476xx.o
EXTI0_IRQHandler                                  /tmp/ccmpvPhi.ltrans0.ltrans.o
                                                  Build/obj/startup_stm32l476xx.o
                                                  Build/obj/stm32l4xx_it.o (symbol from plugin)
EXTI15_10_IRQHandler                              Build/obj/startup_stm32l476xx.o
EXTI1_IRQHandler                                  Build/obj/startup_stm32l476xx.o
EXTI2_IRQHandler                                  Build/obj/startup_stm32l476xx.o
EXTI3_IRQHandler                                  Build/obj/startup_stm32l476xx.o
EXTI4_IRQHandler                                  Build/obj/startup_stm32l476xx.o
EXTI9_5_IRQHandler                                Build/obj/startup_stm32l476xx.o
EraseStr                                          Build/obj/usart_protocol.o (symbol from plugin)
Error_Handler                                     Build/obj/main.o (symbol from plugin)
                                                  Build/obj/usart.o (symbol from plugin)
                                                  Build/obj/tim.o (symbol from plugin)
                                                  Build/obj/spi.o (symbol from plugin)
                                                  Build/obj/dac.o (symbol from plugin)
                                                  Build/obj/adc.o (symbol from plugin)
FI                                                Build/obj/var.o (symbol from plugin)
                                                  Build/obj/stm32l4xx_it.o (symbol from plugin)
FLASH_ErasePage                                   Build/obj/main.o (symbol from plugin)
FLASH_FlushCaches                                 Build/obj/stm32l4xx_hal_flash_ex.o (symbol from plugin)
                                                  Build/obj/stm32l4xx_hal_flash.o (symbol from plugin)
FLASH_Fuse                                        Build/obj/main.o (symbol from plugin)
                                                  Build/obj/usart_protocol.o (symbol from plugin)
FLASH_IRQHandler                                  Build/obj/startup_stm32l476xx.o
FLASH_LoadOptionData                              Build/obj/main.o (symbol from plugin)
                                                  Build/obj/usart_protocol.o (symbol from plugin)
                                                  Build/obj/stm32l4xx_it.o (symbol from plugin)
FLASH_Lock                                        Build/obj/main.o (symbol from plugin)
FLASH_OB_Lock                                     Build/obj/main.o (symbol from plugin)
FLASH_OB_Unlock                                   Build/obj/main.o (symbol from plugin)
FLASH_PageErase                                   Build/obj/stm32l4xx_hal_flash_ex.o (symbol from plugin)
                                                  Build/obj/stm32l4xx_hal_flash.o (symbol from plugin)
FLASH_SaveOptionData                              Build/obj/main.o (symbol from plugin)
                                                  Build/obj/usart_protocol.o (symbol from plugin)
FLASH_Unlock                                      Build/obj/main.o (symbol from plugin)
FLASH_WaitForLastOperation                        Build/obj/stm32l4xx_hal_flash.o (symbol from plugin)
                                                  Build/obj/stm32l4xx_hal_flash_ex.o (symbol from plugin)
FLASH_WriteWords                                  Build/obj/main.o (symbol from plugin)
FMC_IRQHandler                                    Build/obj/startup_stm32l476xx.o
FPU_IRQHandler                                    Build/obj/startup_stm32l476xx.o
FQ                                                Build/obj/var.o (symbol from plugin)
                                                  Build/obj/stm32l4xx_it.o (symbol from plugin)
FREQ_NEG                                          Build/obj/var.o (symbol from plugin)
                                                  Build/obj/stm32l4xx_it.o (symbol from plugin)
FREQ_POS                                          Build/obj/var.o (symbol from plugin)
                                                  Build/obj/stm32l4xx_it.o (symbol from plugin)
GetCmdID                                          Build/obj/usart_protocol.o (symbol from plugin)
                                                  Build/obj/main.o (symbol from plugin)
GetItemTable                                      Build/obj/usart_protocol.o (symbol from plugin)
GetOptionPID                                      Build/obj/usart_protocol.o (symbol from plugin)
GetTestValue                                      Build/obj/usart_protocol.o (symbol from plugin)
                                                  Build/obj/stm32l4xx_it.o (symbol from plugin)
HAL_ADCEx_Calibration_GetValue                    Build/obj/stm32l4xx_hal_adc_ex.o (symbol from plugin)
                                                  Build/obj/main.o (symbol from plugin)
HAL_ADCEx_Calibration_SetValue                    Build/obj/stm32l4xx_hal_adc_ex.o (symbol from plugin)
                                                  Build/obj/main.o (symbol from plugin)
HAL_ADCEx_Calibration_Start                       Build/obj/stm32l4xx_hal_adc_ex.o (symbol from plugin)
                                                  Build/obj/main.o (symbol from plugin)
HAL_ADCEx_DisableInjectedQueue                    Build/obj/stm32l4xx_hal_adc_ex.o (symbol from plugin)
HAL_ADCEx_DisableVoltageRegulator                 Build/obj/stm32l4xx_hal_adc_ex.o (symbol from plugin)
HAL_ADCEx_EnableInjectedQueue                     Build/obj/stm32l4xx_hal_adc_ex.o (symbol from plugin)
HAL_ADCEx_EndOfSamplingCallback                   Build/obj/stm32l4xx_hal_adc_ex.o (symbol from plugin)
                                                  Build/obj/stm32l4xx_hal_adc.o (symbol from plugin)
HAL_ADCEx_EnterADCDeepPowerDownMode               Build/obj/stm32l4xx_hal_adc_ex.o (symbol from plugin)
HAL_ADCEx_InjectedConfigChannel                   Build/obj/stm32l4xx_hal_adc_ex.o (symbol from plugin)
HAL_ADCEx_InjectedConvCpltCallback                Build/obj/stm32l4xx_hal_adc_ex.o (symbol from plugin)
                                                  Build/obj/stm32l4xx_hal_adc.o (symbol from plugin)
HAL_ADCEx_InjectedGetValue                        Build/obj/stm32l4xx_hal_adc_ex.o (symbol from plugin)
HAL_ADCEx_InjectedPollForConversion               Build/obj/stm32l4xx_hal_adc_ex.o (symbol from plugin)
HAL_ADCEx_InjectedQueueOverflowCallback           Build/obj/stm32l4xx_hal_adc_ex.o (symbol from plugin)
                                                  Build/obj/stm32l4xx_hal_adc.o (symbol from plugin)
HAL_ADCEx_InjectedStart                           Build/obj/stm32l4xx_hal_adc_ex.o (symbol from plugin)
HAL_ADCEx_InjectedStart_IT                        Build/obj/stm32l4xx_hal_adc_ex.o (symbol from plugin)
HAL_ADCEx_InjectedStop                            Build/obj/stm32l4xx_hal_adc_ex.o (symbol from plugin)
HAL_ADCEx_InjectedStop_IT                         Build/obj/stm32l4xx_hal_adc_ex.o (symbol from plugin)
HAL_ADCEx_LevelOutOfWindow2Callback               Build/obj/stm32l4xx_hal_adc_ex.o (symbol from plugin)
                                                  Build/obj/stm32l4xx_hal_adc.o (symbol from plugin)
HAL_ADCEx_LevelOutOfWindow3Callback               Build/obj/stm32l4xx_hal_adc_ex.o (symbol from plugin)
                                                  Build/obj/stm32l4xx_hal_adc.o (symbol from plugin)
HAL_ADCEx_MultiModeConfigChannel                  Build/obj/stm32l4xx_hal_adc_ex.o (symbol from plugin)
                                                  Build/obj/adc.o (symbol from plugin)
HAL_ADCEx_MultiModeGetValue                       Build/obj/stm32l4xx_hal_adc_ex.o (symbol from plugin)
HAL_ADCEx_MultiModeStart_DMA                      Build/obj/stm32l4xx_hal_adc_ex.o (symbol from plugin)
HAL_ADCEx_MultiModeStop_DMA                       Build/obj/stm32l4xx_hal_adc_ex.o (symbol from plugin)
HAL_ADCEx_RegularMultiModeStop_DMA                Build/obj/stm32l4xx_hal_adc_ex.o (symbol from plugin)
HAL_ADCEx_RegularStop                             Build/obj/stm32l4xx_hal_adc_ex.o (symbol from plugin)
HAL_ADCEx_RegularStop_DMA                         Build/obj/stm32l4xx_hal_adc_ex.o (symbol from plugin)
HAL_ADCEx_RegularStop_IT                          Build/obj/stm32l4xx_hal_adc_ex.o (symbol from plugin)
HAL_ADC_AnalogWDGConfig                           Build/obj/stm32l4xx_hal_adc.o (symbol from plugin)
HAL_ADC_ConfigChannel                             Build/obj/stm32l4xx_hal_adc.o (symbol from plugin)
                                                  Build/obj/adc.o (symbol from plugin)
HAL_ADC_ConvCpltCallback                          Build/obj/stm32l4xx_hal_adc.o (symbol from plugin)
HAL_ADC_ConvHalfCpltCallback                      Build/obj/stm32l4xx_hal_adc.o (symbol from plugin)
HAL_ADC_DeInit                                    Build/obj/stm32l4xx_hal_adc.o (symbol from plugin)
HAL_ADC_ErrorCallback                             Build/obj/stm32l4xx_hal_adc.o (symbol from plugin)
HAL_ADC_GetError                                  Build/obj/stm32l4xx_hal_adc.o (symbol from plugin)
HAL_ADC_GetState                                  Build/obj/stm32l4xx_hal_adc.o (symbol from plugin)
HAL_ADC_GetValue                                  Build/obj/stm32l4xx_hal_adc.o (symbol from plugin)
HAL_ADC_IRQHandler                                Build/obj/stm32l4xx_hal_adc.o (symbol from plugin)
HAL_ADC_Init                                      Build/obj/stm32l4xx_hal_adc.o (symbol from plugin)
                                                  Build/obj/adc.o (symbol from plugin)
HAL_ADC_LevelOutOfWindowCallback                  Build/obj/stm32l4xx_hal_adc.o (symbol from plugin)
HAL_ADC_MspDeInit                                 Build/obj/adc.o (symbol from plugin)
HAL_ADC_MspInit                                   Build/obj/adc.o (symbol from plugin)
HAL_ADC_PollForConversion                         Build/obj/stm32l4xx_hal_adc.o (symbol from plugin)
HAL_ADC_PollForEvent                              Build/obj/stm32l4xx_hal_adc.o (symbol from plugin)
HAL_ADC_Start                                     Build/obj/stm32l4xx_hal_adc.o (symbol from plugin)
HAL_ADC_Start_DMA                                 Build/obj/stm32l4xx_hal_adc.o (symbol from plugin)
                                                  Build/obj/main.o (symbol from plugin)
HAL_ADC_Start_IT                                  Build/obj/stm32l4xx_hal_adc.o (symbol from plugin)
HAL_ADC_Stop                                      Build/obj/stm32l4xx_hal_adc.o (symbol from plugin)
HAL_ADC_Stop_DMA                                  Build/obj/stm32l4xx_hal_adc.o (symbol from plugin)
HAL_ADC_Stop_IT                                   Build/obj/stm32l4xx_hal_adc.o (symbol from plugin)
HAL_DACEx_ConvCpltCallbackCh2                     Build/obj/stm32l4xx_hal_dac_ex.o (symbol from plugin)
HAL_DACEx_ConvHalfCpltCallbackCh2                 Build/obj/stm32l4xx_hal_dac_ex.o (symbol from plugin)
HAL_DACEx_DMAUnderrunCallbackCh2                  Build/obj/stm32l4xx_hal_dac_ex.o (symbol from plugin)
                                                  Build/obj/stm32l4xx_hal_dac.o (symbol from plugin)
HAL_DACEx_DualGetValue                            Build/obj/stm32l4xx_hal_dac_ex.o (symbol from plugin)
HAL_DACEx_DualSetValue                            Build/obj/stm32l4xx_hal_dac_ex.o (symbol from plugin)
HAL_DACEx_ErrorCallbackCh2                        Build/obj/stm32l4xx_hal_dac_ex.o (symbol from plugin)
HAL_DACEx_GetTrimOffset                           Build/obj/stm32l4xx_hal_dac_ex.o (symbol from plugin)
HAL_DACEx_NoiseWaveGenerate                       Build/obj/stm32l4xx_hal_dac_ex.o (symbol from plugin)
HAL_DACEx_SelfCalibrate                           Build/obj/stm32l4xx_hal_dac_ex.o (symbol from plugin)
HAL_DACEx_SetUserTrimming                         Build/obj/stm32l4xx_hal_dac_ex.o (symbol from plugin)
HAL_DACEx_TriangleWaveGenerate                    Build/obj/stm32l4xx_hal_dac_ex.o (symbol from plugin)
HAL_DAC_ConfigChannel                             Build/obj/stm32l4xx_hal_dac.o (symbol from plugin)
                                                  Build/obj/dac.o (symbol from plugin)
HAL_DAC_ConvCpltCallbackCh1                       Build/obj/stm32l4xx_hal_dac.o (symbol from plugin)
HAL_DAC_ConvHalfCpltCallbackCh1                   Build/obj/stm32l4xx_hal_dac.o (symbol from plugin)
HAL_DAC_DMAUnderrunCallbackCh1                    Build/obj/stm32l4xx_hal_dac.o (symbol from plugin)
HAL_DAC_DeInit                                    Build/obj/stm32l4xx_hal_dac.o (symbol from plugin)
HAL_DAC_ErrorCallbackCh1                          Build/obj/stm32l4xx_hal_dac.o (symbol from plugin)
HAL_DAC_GetError                                  Build/obj/stm32l4xx_hal_dac.o (symbol from plugin)
HAL_DAC_GetState                                  Build/obj/stm32l4xx_hal_dac.o (symbol from plugin)
HAL_DAC_GetValue                                  Build/obj/stm32l4xx_hal_dac.o (symbol from plugin)
HAL_DAC_IRQHandler                                Build/obj/stm32l4xx_hal_dac.o (symbol from plugin)
HAL_DAC_Init                                      Build/obj/stm32l4xx_hal_dac.o (symbol from plugin)
                                                  Build/obj/dac.o (symbol from plugin)
HAL_DAC_MspDeInit                                 Build/obj/dac.o (symbol from plugin)
HAL_DAC_MspInit                                   Build/obj/dac.o (symbol from plugin)
HAL_DAC_SetValue                                  Build/obj/stm32l4xx_hal_dac.o (symbol from plugin)
HAL_DAC_Start                                     Build/obj/stm32l4xx_hal_dac.o (symbol from plugin)
                                                  Build/obj/main.o (symbol from plugin)
HAL_DAC_Start_DMA                                 Build/obj/stm32l4xx_hal_dac.o (symbol from plugin)
                                                  Build/obj/main.o (symbol from plugin)
HAL_DAC_Stop                                      Build/obj/stm32l4xx_hal_dac.o (symbol from plugin)
HAL_DAC_Stop_DMA                                  Build/obj/stm32l4xx_hal_dac.o (symbol from plugin)
HAL_DBGMCU_DisableDBGSleepMode                    Build/obj/stm32l4xx_hal.o (symbol from plugin)
HAL_DBGMCU_DisableDBGStandbyMode                  Build/obj/stm32l4xx_hal.o (symbol from plugin)
HAL_DBGMCU_DisableDBGStopMode                     Build/obj/stm32l4xx_hal.o (symbol from plugin)
HAL_DBGMCU_EnableDBGSleepMode                     Build/obj/stm32l4xx_hal.o (symbol from plugin)
HAL_DBGMCU_EnableDBGStandbyMode                   Build/obj/stm32l4xx_hal.o (symbol from plugin)
HAL_DBGMCU_EnableDBGStopMode                      Build/obj/stm32l4xx_hal.o (symbol from plugin)
HAL_DMA_Abort                                     Build/obj/stm32l4xx_hal_dma.o (symbol from plugin)
                                                  Build/obj/stm32l4xx_hal_uart.o (symbol from plugin)
                                                  Build/obj/stm32l4xx_hal_spi.o (symbol from plugin)
                                                  Build/obj/stm32l4xx_hal_dac.o (symbol from plugin)
                                                  Build/obj/stm32l4xx_hal_adc_ex.o (symbol from plugin)
                                                  Build/obj/stm32l4xx_hal_adc.o (symbol from plugin)
HAL_DMA_Abort_IT                                  Build/obj/stm32l4xx_hal_dma.o (symbol from plugin)
                                                  Build/obj/stm32l4xx_hal_uart.o (symbol from plugin)
                                                  Build/obj/stm32l4xx_hal_tim_ex.o (symbol from plugin)
                                                  Build/obj/stm32l4xx_hal_tim.o (symbol from plugin)
                                                  Build/obj/stm32l4xx_hal_spi.o (symbol from plugin)
                                                  Build/obj/stm32l4xx_hal_i2c.o (symbol from plugin)
HAL_DMA_DeInit                                    Build/obj/stm32l4xx_hal_dma.o (symbol from plugin)
                                                  Build/obj/dac.o (symbol from plugin)
                                                  Build/obj/adc.o (symbol from plugin)
HAL_DMA_GetError                                  Build/obj/stm32l4xx_hal_dma.o (symbol from plugin)
                                                  Build/obj/stm32l4xx_hal_uart.o (symbol from plugin)
HAL_DMA_GetState                                  Build/obj/stm32l4xx_hal_dma.o (symbol from plugin)
                                                  Build/obj/stm32l4xx_hal_i2c.o (symbol from plugin)
HAL_DMA_IRQHandler                                Build/obj/stm32l4xx_hal_dma.o (symbol from plugin)
                                                  Build/obj/stm32l4xx_it.o (symbol from plugin)
HAL_DMA_Init                                      Build/obj/stm32l4xx_hal_dma.o (symbol from plugin)
                                                  Build/obj/dac.o (symbol from plugin)
                                                  Build/obj/adc.o (symbol from plugin)
HAL_DMA_PollForTransfer                           Build/obj/stm32l4xx_hal_dma.o (symbol from plugin)
HAL_DMA_RegisterCallback                          Build/obj/stm32l4xx_hal_dma.o (symbol from plugin)
HAL_DMA_Start                                     Build/obj/stm32l4xx_hal_dma.o (symbol from plugin)
HAL_DMA_Start_IT                                  Build/obj/stm32l4xx_hal_dma.o (symbol from plugin)
                                                  Build/obj/stm32l4xx_hal_uart.o (symbol from plugin)
                                                  Build/obj/stm32l4xx_hal_tim_ex.o (symbol from plugin)
                                                  Build/obj/stm32l4xx_hal_tim.o (symbol from plugin)
                                                  Build/obj/stm32l4xx_hal_spi.o (symbol from plugin)
                                                  Build/obj/stm32l4xx_hal_i2c.o (symbol from plugin)
                                                  Build/obj/stm32l4xx_hal_dac.o (symbol from plugin)
                                                  Build/obj/stm32l4xx_hal_adc_ex.o (symbol from plugin)
                                                  Build/obj/stm32l4xx_hal_adc.o (symbol from plugin)
HAL_DMA_UnRegisterCallback                        Build/obj/stm32l4xx_hal_dma.o (symbol from plugin)
HAL_DeInit                                        Build/obj/stm32l4xx_hal.o (symbol from plugin)
HAL_Delay                                         Build/obj/stm32l4xx_hal.o (symbol from plugin)
                                                  Build/obj/stm32l4xx_hal_dac_ex.o (symbol from plugin)
                                                  Build/obj/stm32l4xx_hal_dac.o (symbol from plugin)
                                                  Build/obj/main.o (symbol from plugin)
                                                  Build/obj/interface_AD5668.o (symbol from plugin)
HAL_EXTI_ClearConfigLine                          Build/obj/stm32l4xx_hal_exti.o (symbol from plugin)
HAL_EXTI_ClearPending                             Build/obj/stm32l4xx_hal_exti.o (symbol from plugin)
HAL_EXTI_GenerateSWI                              Build/obj/stm32l4xx_hal_exti.o (symbol from plugin)
HAL_EXTI_GetConfigLine                            Build/obj/stm32l4xx_hal_exti.o (symbol from plugin)
HAL_EXTI_GetHandle                                Build/obj/stm32l4xx_hal_exti.o (symbol from plugin)
HAL_EXTI_GetPending                               Build/obj/stm32l4xx_hal_exti.o (symbol from plugin)
HAL_EXTI_IRQHandler                               Build/obj/stm32l4xx_hal_exti.o (symbol from plugin)
HAL_EXTI_RegisterCallback                         Build/obj/stm32l4xx_hal_exti.o (symbol from plugin)
HAL_EXTI_SetConfigLine                            Build/obj/stm32l4xx_hal_exti.o (symbol from plugin)
HAL_FLASHEx_DisableRunPowerDown                   Build/obj/stm32l4xx_hal_flash_ramfunc.o (symbol from plugin)
HAL_FLASHEx_EnableRunPowerDown                    Build/obj/stm32l4xx_hal_flash_ramfunc.o (symbol from plugin)
HAL_FLASHEx_Erase                                 Build/obj/stm32l4xx_hal_flash_ex.o (symbol from plugin)
HAL_FLASHEx_Erase_IT                              Build/obj/stm32l4xx_hal_flash_ex.o (symbol from plugin)
HAL_FLASHEx_OBGetConfig                           Build/obj/stm32l4xx_hal_flash_ex.o (symbol from plugin)
HAL_FLASHEx_OBProgram                             Build/obj/stm32l4xx_hal_flash_ex.o (symbol from plugin)
HAL_FLASH_EndOfOperationCallback                  Build/obj/stm32l4xx_hal_flash.o (symbol from plugin)
HAL_FLASH_GetError                                Build/obj/stm32l4xx_hal_flash.o (symbol from plugin)
HAL_FLASH_IRQHandler                              Build/obj/stm32l4xx_hal_flash.o (symbol from plugin)
HAL_FLASH_Lock                                    Build/obj/stm32l4xx_hal_flash.o (symbol from plugin)
HAL_FLASH_OB_Launch                               Build/obj/stm32l4xx_hal_flash.o (symbol from plugin)
HAL_FLASH_OB_Lock                                 Build/obj/stm32l4xx_hal_flash.o (symbol from plugin)
HAL_FLASH_OB_Unlock                               Build/obj/stm32l4xx_hal_flash.o (symbol from plugin)
HAL_FLASH_OperationErrorCallback                  Build/obj/stm32l4xx_hal_flash.o (symbol from plugin)
HAL_FLASH_Program                                 Build/obj/stm32l4xx_hal_flash.o (symbol from plugin)
HAL_FLASH_Program_IT                              Build/obj/stm32l4xx_hal_flash.o (symbol from plugin)
HAL_FLASH_Unlock                                  Build/obj/stm32l4xx_hal_flash.o (symbol from plugin)
HAL_GPIO_DeInit                                   Build/obj/stm32l4xx_hal_gpio.o (symbol from plugin)
                                                  Build/obj/usart.o (symbol from plugin)
                                                  Build/obj/spi.o (symbol from plugin)
                                                  Build/obj/dac.o (symbol from plugin)
                                                  Build/obj/adc.o (symbol from plugin)
HAL_GPIO_EXTI_Callback                            Build/obj/stm32l4xx_hal_gpio.o (symbol from plugin)
HAL_GPIO_EXTI_IRQHandler                          Build/obj/stm32l4xx_hal_gpio.o (symbol from plugin)
HAL_GPIO_Init                                     Build/obj/stm32l4xx_hal_gpio.o (symbol from plugin)
                                                  Build/obj/stm32l4xx_hal_rcc_ex.o (symbol from plugin)
                                                  Build/obj/stm32l4xx_hal_rcc.o (symbol from plugin)
                                                  Build/obj/usart.o (symbol from plugin)
                                                  Build/obj/tim.o (symbol from plugin)
                                                  Build/obj/spi.o (symbol from plugin)
                                                  Build/obj/gpio.o (symbol from plugin)
                                                  Build/obj/dac.o (symbol from plugin)
                                                  Build/obj/adc.o (symbol from plugin)
HAL_GPIO_LockPin                                  Build/obj/stm32l4xx_hal_gpio.o (symbol from plugin)
HAL_GPIO_ReadPin                                  Build/obj/stm32l4xx_hal_gpio.o (symbol from plugin)
HAL_GPIO_TogglePin                                Build/obj/stm32l4xx_hal_gpio.o (symbol from plugin)
HAL_GPIO_WritePin                                 Build/obj/stm32l4xx_hal_gpio.o (symbol from plugin)
                                                  Build/obj/usart_protocol.o (symbol from plugin)
                                                  Build/obj/main.o (symbol from plugin)
                                                  Build/obj/interface_LMX2486.o (symbol from plugin)
                                                  Build/obj/interface_AD7794.o (symbol from plugin)
                                                  Build/obj/interface_AD5668.o (symbol from plugin)
                                                  Build/obj/gpio.o (symbol from plugin)
HAL_GetDEVID                                      Build/obj/stm32l4xx_hal.o (symbol from plugin)
HAL_GetHalVersion                                 Build/obj/stm32l4xx_hal.o (symbol from plugin)
HAL_GetREVID                                      Build/obj/stm32l4xx_hal.o (symbol from plugin)
HAL_GetTick                                       /tmp/ccmpvPhi.ltrans0.ltrans.o
                                                  Build/obj/stm32l4xx_hal.o (symbol from plugin)
                                                  /tmp/ccmpvPhi.ltrans1.ltrans.o
                                                  Build/obj/stm32l4xx_hal_uart_ex.o (symbol from plugin)
                                                  Build/obj/stm32l4xx_hal_uart.o (symbol from plugin)
                                                  Build/obj/stm32l4xx_hal_spi.o (symbol from plugin)
                                                  Build/obj/stm32l4xx_hal_rcc_ex.o (symbol from plugin)
                                                  Build/obj/stm32l4xx_hal_rcc.o (symbol from plugin)
                                                  Build/obj/stm32l4xx_hal_i2c.o (symbol from plugin)
                                                  Build/obj/stm32l4xx_hal_flash.o (symbol from plugin)
                                                  Build/obj/stm32l4xx_hal_dma.o (symbol from plugin)
                                                  Build/obj/stm32l4xx_hal_dac.o (symbol from plugin)
                                                  Build/obj/stm32l4xx_hal_adc_ex.o (symbol from plugin)
                                                  Build/obj/stm32l4xx_hal_adc.o (symbol from plugin)
HAL_GetTickFreq                                   Build/obj/stm32l4xx_hal.o (symbol from plugin)
HAL_GetTickPrio                                   Build/obj/stm32l4xx_hal.o (symbol from plugin)
HAL_GetUIDw0                                      Build/obj/stm32l4xx_hal.o (symbol from plugin)
HAL_GetUIDw1                                      Build/obj/stm32l4xx_hal.o (symbol from plugin)
HAL_GetUIDw2                                      Build/obj/stm32l4xx_hal.o (symbol from plugin)
HAL_HalfDuplex_EnableReceiver                     Build/obj/stm32l4xx_hal_uart.o (symbol from plugin)
HAL_HalfDuplex_EnableTransmitter                  Build/obj/stm32l4xx_hal_uart.o (symbol from plugin)
HAL_HalfDuplex_Init                               Build/obj/stm32l4xx_hal_uart.o (symbol from plugin)
HAL_I2CEx_ConfigAnalogFilter                      Build/obj/stm32l4xx_hal_i2c_ex.o (symbol from plugin)
HAL_I2CEx_ConfigDigitalFilter                     Build/obj/stm32l4xx_hal_i2c_ex.o (symbol from plugin)
HAL_I2CEx_DisableFastModePlus                     Build/obj/stm32l4xx_hal_i2c_ex.o (symbol from plugin)
HAL_I2CEx_DisableWakeUp                           Build/obj/stm32l4xx_hal_i2c_ex.o (symbol from plugin)
HAL_I2CEx_EnableFastModePlus                      Build/obj/stm32l4xx_hal_i2c_ex.o (symbol from plugin)
HAL_I2CEx_EnableWakeUp                            Build/obj/stm32l4xx_hal_i2c_ex.o (symbol from plugin)
HAL_I2C_AbortCpltCallback                         Build/obj/stm32l4xx_hal_i2c.o (symbol from plugin)
HAL_I2C_AddrCallback                              Build/obj/stm32l4xx_hal_i2c.o (symbol from plugin)
HAL_I2C_DeInit                                    Build/obj/stm32l4xx_hal_i2c.o (symbol from plugin)
HAL_I2C_DisableListen_IT                          Build/obj/stm32l4xx_hal_i2c.o (symbol from plugin)
HAL_I2C_ER_IRQHandler                             Build/obj/stm32l4xx_hal_i2c.o (symbol from plugin)
HAL_I2C_EV_IRQHandler                             Build/obj/stm32l4xx_hal_i2c.o (symbol from plugin)
HAL_I2C_EnableListen_IT                           Build/obj/stm32l4xx_hal_i2c.o (symbol from plugin)
HAL_I2C_ErrorCallback                             Build/obj/stm32l4xx_hal_i2c.o (symbol from plugin)
HAL_I2C_GetError                                  Build/obj/stm32l4xx_hal_i2c.o (symbol from plugin)
HAL_I2C_GetMode                                   Build/obj/stm32l4xx_hal_i2c.o (symbol from plugin)
HAL_I2C_GetState                                  Build/obj/stm32l4xx_hal_i2c.o (symbol from plugin)
HAL_I2C_Init                                      Build/obj/stm32l4xx_hal_i2c.o (symbol from plugin)
HAL_I2C_IsDeviceReady                             Build/obj/stm32l4xx_hal_i2c.o (symbol from plugin)
HAL_I2C_ListenCpltCallback                        Build/obj/stm32l4xx_hal_i2c.o (symbol from plugin)
HAL_I2C_MasterRxCpltCallback                      Build/obj/stm32l4xx_hal_i2c.o (symbol from plugin)
HAL_I2C_MasterTxCpltCallback                      Build/obj/stm32l4xx_hal_i2c.o (symbol from plugin)
HAL_I2C_Master_Abort_IT                           Build/obj/stm32l4xx_hal_i2c.o (symbol from plugin)
HAL_I2C_Master_Receive                            Build/obj/stm32l4xx_hal_i2c.o (symbol from plugin)
HAL_I2C_Master_Receive_DMA                        Build/obj/stm32l4xx_hal_i2c.o (symbol from plugin)
HAL_I2C_Master_Receive_IT                         Build/obj/stm32l4xx_hal_i2c.o (symbol from plugin)
HAL_I2C_Master_Seq_Receive_DMA                    Build/obj/stm32l4xx_hal_i2c.o (symbol from plugin)
HAL_I2C_Master_Seq_Receive_IT                     Build/obj/stm32l4xx_hal_i2c.o (symbol from plugin)
HAL_I2C_Master_Seq_Transmit_DMA                   Build/obj/stm32l4xx_hal_i2c.o (symbol from plugin)
HAL_I2C_Master_Seq_Transmit_IT                    Build/obj/stm32l4xx_hal_i2c.o (symbol from plugin)
HAL_I2C_Master_Transmit                           Build/obj/stm32l4xx_hal_i2c.o (symbol from plugin)
HAL_I2C_Master_Transmit_DMA                       Build/obj/stm32l4xx_hal_i2c.o (symbol from plugin)
HAL_I2C_Master_Transmit_IT                        Build/obj/stm32l4xx_hal_i2c.o (symbol from plugin)
HAL_I2C_MemRxCpltCallback                         Build/obj/stm32l4xx_hal_i2c.o (symbol from plugin)
HAL_I2C_MemTxCpltCallback                         Build/obj/stm32l4xx_hal_i2c.o (symbol from plugin)
HAL_I2C_Mem_Read                                  Build/obj/stm32l4xx_hal_i2c.o (symbol from plugin)
HAL_I2C_Mem_Read_DMA                              Build/obj/stm32l4xx_hal_i2c.o (symbol from plugin)
HAL_I2C_Mem_Read_IT                               Build/obj/stm32l4xx_hal_i2c.o (symbol from plugin)
HAL_I2C_Mem_Write                                 Build/obj/stm32l4xx_hal_i2c.o (symbol from plugin)
HAL_I2C_Mem_Write_DMA                             Build/obj/stm32l4xx_hal_i2c.o (symbol from plugin)
HAL_I2C_Mem_Write_IT                              Build/obj/stm32l4xx_hal_i2c.o (symbol from plugin)
HAL_I2C_MspDeInit                                 Build/obj/stm32l4xx_hal_i2c.o (symbol from plugin)
HAL_I2C_MspInit                                   Build/obj/stm32l4xx_hal_i2c.o (symbol from plugin)
HAL_I2C_SlaveRxCpltCallback                       Build/obj/stm32l4xx_hal_i2c.o (symbol from plugin)
HAL_I2C_SlaveTxCpltCallback                       Build/obj/stm32l4xx_hal_i2c.o (symbol from plugin)
HAL_I2C_Slave_Receive                             Build/obj/stm32l4xx_hal_i2c.o (symbol from plugin)
HAL_I2C_Slave_Receive_DMA                         Build/obj/stm32l4xx_hal_i2c.o (symbol from plugin)
HAL_I2C_Slave_Receive_IT                          Build/obj/stm32l4xx_hal_i2c.o (symbol from plugin)
HAL_I2C_Slave_Seq_Receive_DMA                     Build/obj/stm32l4xx_hal_i2c.o (symbol from plugin)
HAL_I2C_Slave_Seq_Receive_IT                      Build/obj/stm32l4xx_hal_i2c.o (symbol from plugin)
HAL_I2C_Slave_Seq_Transmit_DMA                    Build/obj/stm32l4xx_hal_i2c.o (symbol from plugin)
HAL_I2C_Slave_Seq_Transmit_IT                     Build/obj/stm32l4xx_hal_i2c.o (symbol from plugin)
HAL_I2C_Slave_Transmit                            Build/obj/stm32l4xx_hal_i2c.o (symbol from plugin)
HAL_I2C_Slave_Transmit_DMA                        Build/obj/stm32l4xx_hal_i2c.o (symbol from plugin)
HAL_I2C_Slave_Transmit_IT                         Build/obj/stm32l4xx_hal_i2c.o (symbol from plugin)
HAL_IncTick                                       /tmp/ccmpvPhi.ltrans0.ltrans.o
                                                  Build/obj/stm32l4xx_hal.o (symbol from plugin)
                                                  /tmp/ccmpvPhi.ltrans1.ltrans.o
                                                  Build/obj/stm32l4xx_hal_timebase_tim_template.o (symbol from plugin)
                                                  Build/obj/stm32l4xx_it.o (symbol from plugin)
HAL_Init                                          Build/obj/stm32l4xx_hal.o (symbol from plugin)
                                                  Build/obj/main.o (symbol from plugin)
HAL_InitTick                                      /tmp/ccmpvPhi.ltrans1.ltrans.o
                                                  Build/obj/stm32l4xx_hal_timebase_tim_template.o (symbol from plugin)
                                                  Build/obj/stm32l4xx_hal.o (symbol from plugin)
                                                  /tmp/ccmpvPhi.ltrans0.ltrans.o
                                                  Build/obj/stm32l4xx_hal_rcc.o (symbol from plugin)
HAL_LIN_Init                                      Build/obj/stm32l4xx_hal_uart.o (symbol from plugin)
HAL_LIN_SendBreak                                 Build/obj/stm32l4xx_hal_uart.o (symbol from plugin)
HAL_MPU_ConfigRegion                              Build/obj/stm32l4xx_hal_cortex.o (symbol from plugin)
HAL_MPU_Disable                                   Build/obj/stm32l4xx_hal_cortex.o (symbol from plugin)
HAL_MPU_Enable                                    Build/obj/stm32l4xx_hal_cortex.o (symbol from plugin)
HAL_MspDeInit                                     Build/obj/stm32l4xx_hal.o (symbol from plugin)
HAL_MspInit                                       Build/obj/stm32l4xx_hal_msp.o (symbol from plugin)
HAL_MultiProcessorEx_AddressLength_Set            Build/obj/stm32l4xx_hal_uart_ex.o (symbol from plugin)
HAL_MultiProcessor_DisableMuteMode                Build/obj/stm32l4xx_hal_uart.o (symbol from plugin)
HAL_MultiProcessor_EnableMuteMode                 Build/obj/stm32l4xx_hal_uart.o (symbol from plugin)
HAL_MultiProcessor_EnterMuteMode                  Build/obj/stm32l4xx_hal_uart.o (symbol from plugin)
HAL_MultiProcessor_Init                           Build/obj/stm32l4xx_hal_uart.o (symbol from plugin)
HAL_NVIC_ClearPendingIRQ                          Build/obj/stm32l4xx_hal_cortex.o (symbol from plugin)
HAL_NVIC_DisableIRQ                               Build/obj/stm32l4xx_hal_cortex.o (symbol from plugin)
                                                  Build/obj/usart.o (symbol from plugin)
                                                  Build/obj/main.o (symbol from plugin)
HAL_NVIC_EnableIRQ                                /tmp/ccmpvPhi.ltrans0.ltrans.o
                                                  Build/obj/stm32l4xx_hal_cortex.o (symbol from plugin)
                                                  /tmp/ccmpvPhi.ltrans1.ltrans.o
                                                  Build/obj/stm32l4xx_hal_timebase_tim_template.o (symbol from plugin)
                                                  Build/obj/usart.o (symbol from plugin)
                                                  Build/obj/main.o (symbol from plugin)
                                                  Build/obj/dma.o (symbol from plugin)
HAL_NVIC_GetActive                                Build/obj/stm32l4xx_hal_cortex.o (symbol from plugin)
HAL_NVIC_GetPendingIRQ                            Build/obj/stm32l4xx_hal_cortex.o (symbol from plugin)
HAL_NVIC_GetPriority                              Build/obj/stm32l4xx_hal_cortex.o (symbol from plugin)
HAL_NVIC_GetPriorityGrouping                      Build/obj/stm32l4xx_hal_cortex.o (symbol from plugin)
HAL_NVIC_SetPendingIRQ                            Build/obj/stm32l4xx_hal_cortex.o (symbol from plugin)
HAL_NVIC_SetPriority                              /tmp/ccmpvPhi.ltrans0.ltrans.o
                                                  Build/obj/stm32l4xx_hal_cortex.o (symbol from plugin)
                                                  /tmp/ccmpvPhi.ltrans1.ltrans.o
                                                  Build/obj/stm32l4xx_hal_timebase_tim_template.o (symbol from plugin)
                                                  Build/obj/stm32l4xx_hal.o (symbol from plugin)
                                                  Build/obj/usart_protocol.o (symbol from plugin)
                                                  Build/obj/usart.o (symbol from plugin)
                                                  Build/obj/main.o (symbol from plugin)
                                                  Build/obj/dma.o (symbol from plugin)
HAL_NVIC_SetPriorityGrouping                      Build/obj/stm32l4xx_hal_cortex.o (symbol from plugin)
                                                  Build/obj/stm32l4xx_hal.o (symbol from plugin)
HAL_NVIC_SystemReset                              Build/obj/stm32l4xx_hal_cortex.o (symbol from plugin)
HAL_PWREx_ConfigPVM                               Build/obj/stm32l4xx_hal_pwr_ex.o (symbol from plugin)
HAL_PWREx_ControlVoltageScaling                   Build/obj/stm32l4xx_hal_pwr_ex.o (symbol from plugin)
                                                  Build/obj/main.o (symbol from plugin)
HAL_PWREx_DisableBatteryCharging                  Build/obj/stm32l4xx_hal_pwr_ex.o (symbol from plugin)
HAL_PWREx_DisableExtSMPS_0V95                     Build/obj/stm32l4xx_hal_pwr_ex.o (symbol from plugin)
HAL_PWREx_DisableGPIOPullDown                     Build/obj/stm32l4xx_hal_pwr_ex.o (symbol from plugin)
HAL_PWREx_DisableGPIOPullUp                       Build/obj/stm32l4xx_hal_pwr_ex.o (symbol from plugin)
HAL_PWREx_DisableInternalWakeUpLine               Build/obj/stm32l4xx_hal_pwr_ex.o (symbol from plugin)
HAL_PWREx_DisableLowPowerRunMode                  Build/obj/stm32l4xx_hal_pwr_ex.o (symbol from plugin)
                                                  Build/obj/stm32l4xx_hal_pwr.o (symbol from plugin)
HAL_PWREx_DisablePVM1                             Build/obj/stm32l4xx_hal_pwr_ex.o (symbol from plugin)
HAL_PWREx_DisablePVM2                             Build/obj/stm32l4xx_hal_pwr_ex.o (symbol from plugin)
HAL_PWREx_DisablePVM3                             Build/obj/stm32l4xx_hal_pwr_ex.o (symbol from plugin)
HAL_PWREx_DisablePVM4                             Build/obj/stm32l4xx_hal_pwr_ex.o (symbol from plugin)
HAL_PWREx_DisablePullUpPullDownConfig             Build/obj/stm32l4xx_hal_pwr_ex.o (symbol from plugin)
HAL_PWREx_DisableSRAM2ContentRetention            Build/obj/stm32l4xx_hal_pwr_ex.o (symbol from plugin)
HAL_PWREx_DisableVddIO2                           Build/obj/stm32l4xx_hal_pwr_ex.o (symbol from plugin)
HAL_PWREx_DisableVddUSB                           Build/obj/stm32l4xx_hal_pwr_ex.o (symbol from plugin)
HAL_PWREx_EnableBatteryCharging                   Build/obj/stm32l4xx_hal_pwr_ex.o (symbol from plugin)
HAL_PWREx_EnableExtSMPS_0V95                      Build/obj/stm32l4xx_hal_pwr_ex.o (symbol from plugin)
HAL_PWREx_EnableGPIOPullDown                      Build/obj/stm32l4xx_hal_pwr_ex.o (symbol from plugin)