
Merging program properties

Removed property 0xc0000002 to merge /usr/lib/gcc/x86_64-linux-gnu/14/../../../x86_64-linux-gnu/Scrt1.o (not found) and /usr/lib/gcc/x86_64-linux-gnu/14/crtbeginS.o (0x3)
Removed property 0xc0000002 to merge /usr/lib/gcc/x86_64-linux-gnu/14/../../../x86_64-linux-gnu/Scrt1.o (not found) and /usr/lib/gcc/x86_64-linux-gnu/14/libasan_preinit.o (0x3)
Removed property 0xc0000002 to merge /usr/lib/gcc/x86_64-linux-gnu/14/../../../x86_64-linux-gnu/Scrt1.o (not found) and /usr/lib/gcc/x86_64-linux-gnu/14/crtendS.o (0x3)

Discarded input sections

 .note.gnu.property
                0x0000000000000000       0x20 /usr/lib/gcc/x86_64-linux-gnu/14/crtbeginS.o
 .note.gnu.property
                0x0000000000000000       0x20 /usr/lib/gcc/x86_64-linux-gnu/14/libasan_preinit.o
 .note.gnu.property
                0x0000000000000000       0x20 /usr/lib/gcc/x86_64-linux-gnu/14/crtendS.o

Memory Configuration

Name             Origin             Length             Attributes
*default*        0x0000000000000000 0xffffffffffffffff

Linker script and memory map

LOAD /usr/lib/gcc/x86_64-linux-gnu/14/../../../x86_64-linux-gnu/Scrt1.o
LOAD /usr/lib/gcc/x86_64-linux-gnu/14/../../../x86_64-linux-gnu/crti.o
LOAD /usr/lib/gcc/x86_64-linux-gnu/14/crtbeginS.o
LOAD /usr/lib/gcc/x86_64-linux-gnu/14/libasan_preinit.o
LOAD /usr/lib/gcc/x86_64-linux-gnu/14/libasan.so
LOAD obj/assistfuncs.o
LOAD obj/basics.o
LOAD obj/main.o
LOAD obj/task10.o
LOAD obj/task11.o
LOAD obj/task12.o
LOAD obj/task13.o
LOAD obj/task15.o
LOAD obj/task16.o
LOAD obj/task1_7.o
LOAD obj/task17.o
LOAD obj/task8.o
LOAD obj/task9.o
LOAD /usr/lib/gcc/x86_64-linux-gnu/14/../../../x86_64-linux-gnu/libm.so
START GROUP
LOAD /lib/x86_64-linux-gnu/libm.so.6
LOAD /lib/x86_64-linux-gnu/libmvec.so.1
END GROUP
LOAD /usr/lib/gcc/x86_64-linux-gnu/14/../../../x86_64-linux-gnu/libpthread.a
LOAD /usr/lib/gcc/x86_64-linux-gnu/14/libgcc.a
LOAD /usr/lib/gcc/x86_64-linux-gnu/14/libgcc_s.so
START GROUP
LOAD /usr/lib/gcc/x86_64-linux-gnu/14/../../../x86_64-linux-gnu/libgcc_s.so.1
LOAD /usr/lib/gcc/x86_64-linux-gnu/14/libgcc.a
END GROUP
LOAD /usr/lib/gcc/x86_64-linux-gnu/14/../../../x86_64-linux-gnu/libc.so
START GROUP
LOAD /lib/x86_64-linux-gnu/libc.so.6
LOAD /usr/lib/x86_64-linux-gnu/libc_nonshared.a
LOAD /lib64/ld-linux-x86-64.so.2
END GROUP
LOAD /usr/lib/gcc/x86_64-linux-gnu/14/libgcc.a
LOAD /usr/lib/gcc/x86_64-linux-gnu/14/libgcc_s.so
START GROUP
LOAD /usr/lib/gcc/x86_64-linux-gnu/14/../../../x86_64-linux-gnu/libgcc_s.so.1
LOAD /usr/lib/gcc/x86_64-linux-gnu/14/libgcc.a
END GROUP
LOAD /usr/lib/gcc/x86_64-linux-gnu/14/crtendS.o
LOAD /usr/lib/gcc/x86_64-linux-gnu/14/../../../x86_64-linux-gnu/crtn.o
                [!provide]                        PROVIDE (__executable_start = SEGMENT_START ("text-segment", 0x0))
                0x0000000000000350                . = (SEGMENT_START ("text-segment", 0x0) + SIZEOF_HEADERS)

.note.gnu.property
                0x0000000000000350       0x20
 .note.gnu.property
                0x0000000000000350       0x20 /usr/lib/gcc/x86_64-linux-gnu/14/../../../x86_64-linux-gnu/Scrt1.o

.note.gnu.build-id
                0x0000000000000370       0x24
 *(.note.gnu.build-id)
 .note.gnu.build-id
                0x0000000000000370       0x24 /usr/lib/gcc/x86_64-linux-gnu/14/../../../x86_64-linux-gnu/Scrt1.o

.interp         0x0000000000000394       0x1c
 *(.interp)
 .interp        0x0000000000000394       0x1c /usr/lib/gcc/x86_64-linux-gnu/14/../../../x86_64-linux-gnu/Scrt1.o

.hash
 *(.hash)

.gnu.hash       0x00000000000003b0       0x30
 *(.gnu.hash)
 .gnu.hash      0x00000000000003b0       0x30 /usr/lib/gcc/x86_64-linux-gnu/14/../../../x86_64-linux-gnu/Scrt1.o

.dynsym         0x00000000000003e0      0x4e0
 *(.dynsym)
 .dynsym        0x00000000000003e0      0x4e0 /usr/lib/gcc/x86_64-linux-gnu/14/../../../x86_64-linux-gnu/Scrt1.o

.dynstr         0x00000000000008c0      0x33d
 *(.dynstr)
 .dynstr        0x00000000000008c0      0x33d /usr/lib/gcc/x86_64-linux-gnu/14/../../../x86_64-linux-gnu/Scrt1.o

.gnu.version    0x0000000000000bfe       0x68
 *(.gnu.version)
 .gnu.version   0x0000000000000bfe       0x68 /usr/lib/gcc/x86_64-linux-gnu/14/../../../x86_64-linux-gnu/Scrt1.o

.gnu.version_d  0x0000000000000c68        0x0
 *(.gnu.version_d)
 .gnu.version_d
                0x0000000000000c68        0x0 /usr/lib/gcc/x86_64-linux-gnu/14/../../../x86_64-linux-gnu/Scrt1.o

.gnu.version_r  0x0000000000000c68       0x50
 *(.gnu.version_r)
 .gnu.version_r
                0x0000000000000c68       0x50 /usr/lib/gcc/x86_64-linux-gnu/14/../../../x86_64-linux-gnu/Scrt1.o

.rela.dyn       0x0000000000000cb8     0x2688
 *(.rela.init)
 *(.rela.text .rela.text.* .rela.gnu.linkonce.t.*)
 .rela.text     0x0000000000000cb8        0x0 /usr/lib/gcc/x86_64-linux-gnu/14/../../../x86_64-linux-gnu/Scrt1.o
 *(.rela.fini)
 *(.rela.rodata .rela.rodata.* .rela.gnu.linkonce.r.*)
 *(.rela.data .rela.data.* .rela.gnu.linkonce.d.*)
 .rela.data.rel.ro
                0x0000000000000cb8        0x0 /usr/lib/gcc/x86_64-linux-gnu/14/../../../x86_64-linux-gnu/Scrt1.o
 .rela.data.rel.local
                0x0000000000000cb8     0x2358 /usr/lib/gcc/x86_64-linux-gnu/14/../../../x86_64-linux-gnu/Scrt1.o
 *(.rela.tdata .rela.tdata.* .rela.gnu.linkonce.td.*)
 *(.rela.tbss .rela.tbss.* .rela.gnu.linkonce.tb.*)
 *(.rela.ctors)
 *(.rela.dtors)
 *(.rela.got)
 .rela.got      0x0000000000003010       0x78 /usr/lib/gcc/x86_64-linux-gnu/14/../../../x86_64-linux-gnu/Scrt1.o
 *(.rela.bss .rela.bss.* .rela.gnu.linkonce.b.*)
 .rela.bss      0x0000000000003088       0x18 /usr/lib/gcc/x86_64-linux-gnu/14/../../../x86_64-linux-gnu/Scrt1.o
 *(.rela.ldata .rela.ldata.* .rela.gnu.linkonce.l.*)
 *(.rela.lbss .rela.lbss.* .rela.gnu.linkonce.lb.*)
 *(.rela.lrodata .rela.lrodata.* .rela.gnu.linkonce.lr.*)
 *(.rela.ifunc)
 .rela.ifunc    0x00000000000030a0        0x0 /usr/lib/gcc/x86_64-linux-gnu/14/../../../x86_64-linux-gnu/Scrt1.o
 .rela.fini_array
                0x00000000000030a0       0x18 /usr/lib/gcc/x86_64-linux-gnu/14/../../../x86_64-linux-gnu/Scrt1.o
 .rela.init_array
                0x00000000000030b8       0x18 /usr/lib/gcc/x86_64-linux-gnu/14/../../../x86_64-linux-gnu/Scrt1.o
 .rela.preinit_array
                0x00000000000030d0       0x18 /usr/lib/gcc/x86_64-linux-gnu/14/../../../x86_64-linux-gnu/Scrt1.o
 .rela.fini_array.00099
                0x00000000000030e8      0x120 /usr/lib/gcc/x86_64-linux-gnu/14/../../../x86_64-linux-gnu/Scrt1.o
 .rela.init_array.00099
                0x0000000000003208      0x138 /usr/lib/gcc/x86_64-linux-gnu/14/../../../x86_64-linux-gnu/Scrt1.o

.rela.plt       0x0000000000003340      0x3d8
 *(.rela.plt)
 .rela.plt      0x0000000000003340      0x3d8 /usr/lib/gcc/x86_64-linux-gnu/14/../../../x86_64-linux-gnu/Scrt1.o
 *(.rela.iplt)

.relr.dyn
 *(.relr.dyn)
                0x0000000000004000                . = ALIGN (CONSTANT (MAXPAGESIZE))

.init           0x0000000000004000       0x17
 *(SORT_NONE(.init))
 .init          0x0000000000004000       0x12 /usr/lib/gcc/x86_64-linux-gnu/14/../../../x86_64-linux-gnu/crti.o
                0x0000000000004000                _init
 .init          0x0000000000004012        0x5 /usr/lib/gcc/x86_64-linux-gnu/14/../../../x86_64-linux-gnu/crtn.o

.plt            0x0000000000004020      0x2a0
 *(.plt)
 .plt           0x0000000000004020      0x2a0 /usr/lib/gcc/x86_64-linux-gnu/14/../../../x86_64-linux-gnu/Scrt1.o
                0x0000000000004030                calloc
                0x0000000000004040                __asan_init
                0x0000000000004050                memcpy
                0x0000000000004060                __asan_stack_malloc_2
                0x0000000000004070                __asan_report_load8
                0x0000000000004080                __asan_stack_malloc_1
                0x0000000000004090                realloc
                0x00000000000040a0                putchar@@GLIBC_2.2.5
                0x00000000000040b0                __asan_report_load4
                0x00000000000040c0                __asan_report_load_n
                0x00000000000040d0                malloc
                0x00000000000040e0                strlen
                0x00000000000040f0                pthread_mutex_init@@GLIBC_2.2.5
                0x0000000000004100                fputc@@GLIBC_2.2.5
                0x0000000000004110                fclose
                0x0000000000004120                fopen
                0x0000000000004130                time
                0x0000000000004140                pthread_create
                0x0000000000004150                getchar@@GLIBC_2.2.5
                0x0000000000004160                __asan_report_store4
                0x0000000000004170                __asan_report_store8
                0x0000000000004180                fprintf
                0x0000000000004190                nanosleep@@GLIBC_2.2.5
                0x00000000000041a0                srand@@GLIBC_2.2.5
                0x00000000000041b0                __asan_unregister_globals
                0x00000000000041c0                strcmp
                0x00000000000041d0                __asan_register_globals
                0x00000000000041e0                __asan_report_load1
                0x00000000000041f0                free
                0x0000000000004200                pthread_mutex_lock@@GLIBC_2.2.5
                0x0000000000004210                __asan_stack_malloc_0
                0x0000000000004220                rand@@GLIBC_2.2.5
                0x0000000000004230                __asan_report_store1
                0x0000000000004240                pthread_mutex_destroy@@GLIBC_2.2.5
                0x0000000000004250                printf
                0x0000000000004260                puts
                0x0000000000004270                pthread_mutex_unlock@@GLIBC_2.2.5
                0x0000000000004280                __asan_version_mismatch_check_v8
                0x0000000000004290                strcpy
                0x00000000000042a0                sqrtf@@GLIBC_2.2.5
                0x00000000000042b0                pthread_join
 *(.iplt)

.plt.got        0x00000000000042c0        0x8
 *(.plt.got)
 .plt.got       0x00000000000042c0        0x8 /usr/lib/gcc/x86_64-linux-gnu/14/../../../x86_64-linux-gnu/Scrt1.o
                0x00000000000042c0                __cxa_finalize@@GLIBC_2.2.5

.plt.sec
 *(.plt.sec)

.text           0x00000000000042d0     0xbe14
 *(.text.unlikely .text.*_unlikely .text.unlikely.*)
 *(.text.exit .text.exit.*)
 *(.text.startup .text.startup.*)
 *(.text.hot .text.hot.*)
 *(SORT_BY_NAME(.text.sorted.*))
 *(.text .stub .text.* .gnu.linkonce.t.*)
 .text          0x00000000000042d0       0x22 /usr/lib/gcc/x86_64-linux-gnu/14/../../../x86_64-linux-gnu/Scrt1.o
                0x00000000000042d0                _start
 .text          0x00000000000042f2        0x0 /usr/lib/gcc/x86_64-linux-gnu/14/../../../x86_64-linux-gnu/crti.o
 *fill*         0x00000000000042f2        0xe 
 .text          0x0000000000004300       0xb9 /usr/lib/gcc/x86_64-linux-gnu/14/crtbeginS.o
 .text          0x00000000000043b9        0x0 /usr/lib/gcc/x86_64-linux-gnu/14/libasan_preinit.o
 .text          0x00000000000043b9      0xd7a obj/assistfuncs.o
                0x00000000000043b9                read_line
                0x00000000000048e3                string_to_int
                0x0000000000004a4c                pow_int
                0x0000000000004a7f                convert_series
                0x0000000000004ddf                dup
                0x0000000000004f14                union_string
                0x00000000000050cb                msg_error_sellecting_mem
 .text          0x0000000000005133      0xaea obj/basics.o
                0x0000000000005133                create_char_array
                0x0000000000005155                task1_lowdiff
                0x00000000000053f1                task1_meddiff
                0x00000000000055dc                create_space_points
                0x00000000000056fc                add_point_to_space
                0x000000000000592d                transfer
                0x0000000000005b50                mem_realloc_basic
 .text          0x0000000000005c1d       0x20 obj/main.o
                0x0000000000005c1d                main
 .text          0x0000000000005c3d      0xfcd obj/task10.o
                0x0000000000005c3d                create_person
                0x0000000000005e25                copy_person
                0x0000000000006158                create_psdata
                0x00000000000063a0                add_person
                0x00000000000068da                free_persons_data
                0x000000000000698b                print_data
                0x0000000000006b00                task10
 .text          0x0000000000006c0a      0xfbf obj/task11.o
                0x0000000000006c0a                add_string
                0x00000000000070cc                copy_string
                0x000000000000744f                remove_string
                0x00000000000075d5                find_string
                0x00000000000076cc                print_starr
                0x00000000000077dc                free_string_array
                0x00000000000078e6                task11
 .text          0x0000000000007bc9     0x181e obj/task12.o
                0x0000000000007bc9                create_matrix
                0x0000000000007dd7                free_array
                0x0000000000007e89                add_line_to_matrix
                0x0000000000008728                transpose_matrix
                0x00000000000089ae                check_stack_limit
                0x0000000000008a92                print_matrix
                0x0000000000008b92                free_matrix
                0x0000000000008ccc                task12
 .text          0x00000000000093e7      0xa25 obj/task13.o
                0x00000000000093e7                merge_sorted_arrays
                0x00000000000097ea                print_array
                0x000000000000992a                task13
 .text          0x0000000000009e0c      0x44b obj/task15.o
                0x000000000000a1c6                task15
 .text          0x000000000000a257      0xb47 obj/task16.o
                0x000000000000a257                add
                0x000000000000a26b                sub
                0x000000000000a27d                mul
                0x000000000000a290                divide
                0x000000000000a2ae                execute_operation
                0x000000000000a59a                create_commands_set
                0x000000000000a8c6                free_commands_set
                0x000000000000a936                task16
 .text          0x000000000000ad9e     0x1b49 obj/task1_7.o
                0x000000000000ad9e                task1
                0x000000000000b1f8                task2
                0x000000000000b23d                task3
                0x000000000000b28c                task4
                0x000000000000bb89                task5
 .text          0x000000000000c8e7      0xe9b obj/task17.o
                0x000000000000c8e7                create_cache
                0x000000000000cb27                add_item_to_cache
                0x000000000000cf4d                search_item
                0x000000000000d119                free_cache
                0x000000000000d25b                write_cache
                0x000000000000d428                write_cache_item
                0x000000000000d55c                task17
 .text          0x000000000000d782     0x1753 obj/task8.o
                0x000000000000d782                create_stack
                0x000000000000d8e0                push
                0x000000000000daf7                pop
                0x000000000000dcdf                peek
                0x000000000000ddab                is_empty
                0x000000000000de18                print_stack
                0x000000000000df03                cutting_string
                0x000000000000e50d                isequalstr
                0x000000000000e5f2                execute_orders
                0x000000000000ea32                task8_1
 .text          0x000000000000eed5     0x120f obj/task9.o
                0x000000000000eed5                rand_delay
                0x000000000000ef02                msleep
                0x000000000000f05f                compute_average_time
                0x000000000000f19f                queue_visualize
                0x000000000000f32a                create_queue
                0x000000000000f62b                enqueue
                0x000000000000fa80                dequeue
                0x000000000000feca                task9
 .text          0x00000000000100e4        0x0 /usr/lib/gcc/x86_64-linux-gnu/14/crtendS.o
 .text          0x00000000000100e4        0x0 /usr/lib/gcc/x86_64-linux-gnu/14/../../../x86_64-linux-gnu/crtn.o
 *(.gnu.warning)

.fini           0x00000000000100e4        0x9
 *(SORT_NONE(.fini))
 .fini          0x00000000000100e4        0x4 /usr/lib/gcc/x86_64-linux-gnu/14/../../../x86_64-linux-gnu/crti.o
                0x00000000000100e4                _fini
 .fini          0x00000000000100e8        0x5 /usr/lib/gcc/x86_64-linux-gnu/14/../../../x86_64-linux-gnu/crtn.o
                [!provide]                        PROVIDE (__etext = .)
                [!provide]                        PROVIDE (_etext = .)
                [!provide]                        PROVIDE (etext = .)
                0x0000000000011000                . = ALIGN (CONSTANT (MAXPAGESIZE))
                0x0000000000011000                . = SEGMENT_START ("rodata-segment", (ALIGN (CONSTANT (MAXPAGESIZE)) + (. & (CONSTANT (MAXPAGESIZE) - 0x1))))

.rodata         0x0000000000011000     0x2b78
 *(.rodata .rodata.* .gnu.linkonce.r.*)
 .rodata.cst4   0x0000000000011000        0x4 /usr/lib/gcc/x86_64-linux-gnu/14/../../../x86_64-linux-gnu/Scrt1.o
                0x0000000000011000                _IO_stdin_used
 *fill*         0x0000000000011004       0x1c 
 .rodata        0x0000000000011020      0x14a obj/assistfuncs.o
 *fill*         0x000000000001116a       0x16 
 .rodata        0x0000000000011180      0x189 obj/basics.o
 *fill*         0x0000000000011309       0x17 
 .rodata        0x0000000000011320      0x3f7 obj/task10.o
 *fill*         0x0000000000011717        0x9 
 .rodata        0x0000000000011720      0x66f obj/task11.o
 *fill*         0x0000000000011d8f       0x11 
 .rodata        0x0000000000011da0      0x458 obj/task12.o
 *fill*         0x00000000000121f8        0x8 
 .rodata        0x0000000000012200      0x15f obj/task13.o
 *fill*         0x000000000001235f        0x1 
 .rodata        0x0000000000012360      0x145 obj/task15.o
 *fill*         0x00000000000124a5       0x1b 
 .rodata        0x00000000000124c0      0x4a9 obj/task16.o
 *fill*         0x0000000000012969       0x17 
 .rodata        0x0000000000012980      0x4fb obj/task1_7.o
 *fill*         0x0000000000012e7b        0x5 
 .rodata        0x0000000000012e80      0x568 obj/task17.o
 *fill*         0x00000000000133e8       0x18 
 .rodata        0x0000000000013400      0x5bd obj/task8.o
 *fill*         0x00000000000139bd        0x3 
 .rodata        0x00000000000139c0      0x1b8 obj/task9.o

.rodata1
 *(.rodata1)

.eh_frame_hdr   0x0000000000013b78      0x38c
 *(.eh_frame_hdr)
 .eh_frame_hdr  0x0000000000013b78      0x38c /usr/lib/gcc/x86_64-linux-gnu/14/../../../x86_64-linux-gnu/Scrt1.o
                0x0000000000013b78                __GNU_EH_FRAME_HDR
 *(.eh_frame_entry .eh_frame_entry.*)

.eh_frame       0x0000000000013f08      0xed4
 *(.eh_frame)
 .eh_frame      0x0000000000013f08       0x30 /usr/lib/gcc/x86_64-linux-gnu/14/../../../x86_64-linux-gnu/Scrt1.o
                                         0x2c (size before relaxing)
 *fill*         0x0000000000013f38        0x0 
 .eh_frame      0x0000000000013f38       0x40 /usr/lib/gcc/x86_64-linux-gnu/14/../../../x86_64-linux-gnu/Scrt1.o
 .eh_frame      0x0000000000013f78       0x18 /usr/lib/gcc/x86_64-linux-gnu/14/../../../x86_64-linux-gnu/Scrt1.o
                                         0x30 (size before relaxing)
 .eh_frame      0x0000000000013f90      0x128 obj/assistfuncs.o
                                        0x140 (size before relaxing)
 .eh_frame      0x00000000000140b8      0x128 obj/basics.o
                                        0x140 (size before relaxing)
 .eh_frame      0x00000000000141e0       0x40 obj/main.o
                                         0x58 (size before relaxing)
 .eh_frame      0x0000000000014220      0x148 obj/task10.o
                                        0x160 (size before relaxing)
 .eh_frame      0x0000000000014368      0x128 obj/task11.o
                                        0x140 (size before relaxing)
 .eh_frame      0x0000000000014490      0x160 obj/task12.o
                                        0x178 (size before relaxing)
 .eh_frame      0x00000000000145f0       0xa8 obj/task13.o
                                         0xc0 (size before relaxing)
 .eh_frame      0x0000000000014698       0xe8 obj/task15.o
                                        0x100 (size before relaxing)
 .eh_frame      0x0000000000014780      0x150 obj/task16.o
                                        0x168 (size before relaxing)
 .eh_frame      0x00000000000148d0      0x100 obj/task1_7.o
                                        0x118 (size before relaxing)
 .eh_frame      0x00000000000149d0      0x128 obj/task17.o
                                        0x140 (size before relaxing)
 .eh_frame      0x0000000000014af8      0x190 obj/task8.o
                                        0x1a8 (size before relaxing)
 .eh_frame      0x0000000000014c88      0x150 obj/task9.o
                                        0x168 (size before relaxing)
 .eh_frame      0x0000000000014dd8        0x4 /usr/lib/gcc/x86_64-linux-gnu/14/crtendS.o
 *(.eh_frame.*)

.sframe         0x0000000000014ddc        0x0
 *(.sframe)
 .sframe        0x0000000000014ddc        0x0 /usr/lib/gcc/x86_64-linux-gnu/14/../../../x86_64-linux-gnu/Scrt1.o
 .sframe        0x0000000000014ddc        0x0 /usr/lib/gcc/x86_64-linux-gnu/14/../../../x86_64-linux-gnu/Scrt1.o
 *(.sframe.*)

.gcc_except_table
 *(.gcc_except_table .gcc_except_table.*)

.gnu_extab
 *(.gnu_extab*)

.exception_ranges
 *(.exception_ranges*)

.note.build-id
 *(.note.build-id)

.note.GNU-stack
                0x0000000000014ddc        0x0
 *(.note.GNU-stack)
 .note.GNU-stack
                0x0000000000014ddc        0x0 /usr/lib/gcc/x86_64-linux-gnu/14/../../../x86_64-linux-gnu/Scrt1.o
 .note.GNU-stack
                0x0000000000014ddc        0x0 /usr/lib/gcc/x86_64-linux-gnu/14/../../../x86_64-linux-gnu/crti.o
 .note.GNU-stack
                0x0000000000014ddc        0x0 /usr/lib/gcc/x86_64-linux-gnu/14/crtbeginS.o
 .note.GNU-stack
                0x0000000000014ddc        0x0 /usr/lib/gcc/x86_64-linux-gnu/14/libasan_preinit.o
 .note.GNU-stack
                0x0000000000014ddc        0x0 obj/assistfuncs.o
 .note.GNU-stack
                0x0000000000014ddc        0x0 obj/basics.o
 .note.GNU-stack
                0x0000000000014ddc        0x0 obj/main.o
 .note.GNU-stack
                0x0000000000014ddc        0x0 obj/task10.o
 .note.GNU-stack
                0x0000000000014ddc        0x0 obj/task11.o
 .note.GNU-stack
                0x0000000000014ddc        0x0 obj/task12.o
 .note.GNU-stack
                0x0000000000014ddc        0x0 obj/task13.o
 .note.GNU-stack
                0x0000000000014ddc        0x0 obj/task15.o
 .note.GNU-stack
                0x0000000000014ddc        0x0 obj/task16.o
 .note.GNU-stack
                0x0000000000014ddc        0x0 obj/task1_7.o
 .note.GNU-stack
                0x0000000000014ddc        0x0 obj/task17.o
 .note.GNU-stack
                0x0000000000014ddc        0x0 obj/task8.o
 .note.GNU-stack
                0x0000000000014ddc        0x0 obj/task9.o
 .note.GNU-stack
                0x0000000000014ddc        0x0 /usr/lib/gcc/x86_64-linux-gnu/14/crtendS.o
 .note.GNU-stack
                0x0000000000014ddc        0x0 /usr/lib/gcc/x86_64-linux-gnu/14/../../../x86_64-linux-gnu/crtn.o

.note.gnu-property
 *(.note.gnu-property)

.note.ABI-tag   0x0000000000014ddc       0x20
 *(.note.ABI-tag)
 .note.ABI-tag  0x0000000000014ddc       0x20 /usr/lib/gcc/x86_64-linux-gnu/14/../../../x86_64-linux-gnu/Scrt1.o

.note.package
 *(.note.package)

.note.dlopen
 *(.note.dlopen)

.note.netbsd.ident
 *(.note.netbsd.ident)

.note.openbsd.ident
 *(.note.openbsd.ident)
                0x0000000000015cc0                . = DATA_SEGMENT_ALIGN (CONSTANT (MAXPAGESIZE), CONSTANT (COMMONPAGESIZE))

.eh_frame
 *(.eh_frame)
 *(.eh_frame.*)

.sframe
 *(.sframe)
 *(.sframe.*)

.gnu_extab
 *(.gnu_extab)

.gcc_except_table
 *(.gcc_except_table .gcc_except_table.*)

.exception_ranges
 *(.exception_ranges*)

.tdata          0x0000000000015cc0        0x0
                [!provide]                        PROVIDE (__tdata_start = .)
 *(.tdata .tdata.* .gnu.linkonce.td.*)

.tbss
 *(.tbss .tbss.* .gnu.linkonce.tb.*)
 *(.tcommon)

.preinit_array  0x0000000000015cc0        0x8
                [!provide]                        PROVIDE (__preinit_array_start = .)
 *(.preinit_array)
 .preinit_array
                0x0000000000015cc0        0x8 /usr/lib/gcc/x86_64-linux-gnu/14/libasan_preinit.o
                0x0000000000015cc0                __local_asan_preinit
                [!provide]                        PROVIDE (__preinit_array_end = .)

.init_array     0x0000000000015cc8       0x70
                [!provide]                        PROVIDE (__init_array_start = .)
 *(SORT_BY_INIT_PRIORITY(.init_array.*) SORT_BY_INIT_PRIORITY(.ctors.*))
 .init_array.00099
                0x0000000000015cc8        0x8 obj/assistfuncs.o
 .init_array.00099
                0x0000000000015cd0        0x8 obj/basics.o
 .init_array.00099
                0x0000000000015cd8        0x8 obj/main.o
 .init_array.00099
                0x0000000000015ce0        0x8 obj/task10.o
 .init_array.00099
                0x0000000000015ce8        0x8 obj/task11.o
 .init_array.00099
                0x0000000000015cf0        0x8 obj/task12.o
 .init_array.00099
                0x0000000000015cf8        0x8 obj/task13.o
 .init_array.00099
                0x0000000000015d00        0x8 obj/task15.o
 .init_array.00099
                0x0000000000015d08        0x8 obj/task16.o
 .init_array.00099
                0x0000000000015d10        0x8 obj/task1_7.o
 .init_array.00099
                0x0000000000015d18        0x8 obj/task17.o
 .init_array.00099
                0x0000000000015d20        0x8 obj/task8.o
 .init_array.00099
                0x0000000000015d28        0x8 obj/task9.o
 *(.init_array EXCLUDE_FILE(*crtend?.o *crtend.o *crtbegin?.o *crtbegin.o) .ctors)
 .init_array    0x0000000000015d30        0x8 /usr/lib/gcc/x86_64-linux-gnu/14/crtbeginS.o
                [!provide]                        PROVIDE (__init_array_end = .)

.fini_array     0x0000000000015d38       0x68
                [!provide]                        PROVIDE (__fini_array_start = .)
 *(SORT_BY_INIT_PRIORITY(.fini_array.*) SORT_BY_INIT_PRIORITY(.dtors.*))
 .fini_array.00099
                0x0000000000015d38        0x8 obj/assistfuncs.o
 .fini_array.00099
                0x0000000000015d40        0x8 obj/basics.o
 .fini_array.00099
                0x0000000000015d48        0x8 obj/task10.o
 .fini_array.00099
                0x0000000000015d50        0x8 obj/task11.o
 .fini_array.00099
                0x0000000000015d58        0x8 obj/task12.o
 .fini_array.00099
                0x0000000000015d60        0x8 obj/task13.o
 .fini_array.00099
                0x0000000000015d68        0x8 obj/task15.o
 .fini_array.00099
                0x0000000000015d70        0x8 obj/task16.o
 .fini_array.00099
                0x0000000000015d78        0x8 obj/task1_7.o
 .fini_array.00099
                0x0000000000015d80        0x8 obj/task17.o
 .fini_array.00099
                0x0000000000015d88        0x8 obj/task8.o
 .fini_array.00099
                0x0000000000015d90        0x8 obj/task9.o
 *(.fini_array EXCLUDE_FILE(*crtend?.o *crtend.o *crtbegin?.o *crtbegin.o) .dtors)
 .fini_array    0x0000000000015d98        0x8 /usr/lib/gcc/x86_64-linux-gnu/14/crtbeginS.o
                [!provide]                        PROVIDE (__fini_array_end = .)

.ctors
 *crtbegin.o(.ctors)
 *crtbegin?.o(.ctors)
 *(EXCLUDE_FILE(*crtend?.o *crtend.o) .ctors)
 *(SORT_BY_NAME(.ctors.*))
 *(.ctors)

.dtors
 *crtbegin.o(.dtors)
 *crtbegin?.o(.dtors)
 *(EXCLUDE_FILE(*crtend?.o *crtend.o) .dtors)
 *(SORT_BY_NAME(.dtors.*))
 *(.dtors)

.jcr
 *(.jcr)

.data.rel.ro    0x0000000000015da0        0x0
 *(.data.rel.ro.local* .gnu.linkonce.d.rel.ro.local.*)
 *(.data.rel.ro .data.rel.ro.* .gnu.linkonce.d.rel.ro.*)
 .data.rel.ro   0x0000000000015da0        0x0 /usr/lib/gcc/x86_64-linux-gnu/14/../../../x86_64-linux-gnu/Scrt1.o

.dynamic        0x0000000000015da0      0x220
 *(.dynamic)
 .dynamic       0x0000000000015da0      0x220 /usr/lib/gcc/x86_64-linux-gnu/14/../../../x86_64-linux-gnu/Scrt1.o
                0x0000000000015da0                _DYNAMIC

.got            0x0000000000015fc0       0x28
 *(.got)
 .got           0x0000000000015fc0       0x28 /usr/lib/gcc/x86_64-linux-gnu/14/../../../x86_64-linux-gnu/Scrt1.o
 *(.igot)
                0x0000000000015fe8                . = DATA_SEGMENT_RELRO_END (., (SIZEOF (.got.plt) >= 0x18)?0x18:0x0)

.got.plt        0x0000000000015fe8      0x160
 *(.got.plt)
 .got.plt       0x0000000000015fe8      0x160 /usr/lib/gcc/x86_64-linux-gnu/14/../../../x86_64-linux-gnu/Scrt1.o
                0x0000000000015fe8                _GLOBAL_OFFSET_TABLE_
 *(.igot.plt)

.data           0x0000000000016160     0x1ea0
 *(.data .data.* .gnu.linkonce.d.*)
 .data          0x0000000000016160        0x4 /usr/lib/gcc/x86_64-linux-gnu/14/../../../x86_64-linux-gnu/Scrt1.o
                0x0000000000016160                data_start
                0x0000000000016160                __data_start
 .data          0x0000000000016164        0x0 /usr/lib/gcc/x86_64-linux-gnu/14/../../../x86_64-linux-gnu/crti.o
 .data          0x0000000000016164        0x0 /usr/lib/gcc/x86_64-linux-gnu/14/crtbeginS.o
 *fill*         0x0000000000016164        0x4 
 .data.rel.local
                0x0000000000016168        0x8 /usr/lib/gcc/x86_64-linux-gnu/14/crtbeginS.o
                0x0000000000016168                __dso_handle
 .data          0x0000000000016170        0x0 /usr/lib/gcc/x86_64-linux-gnu/14/libasan_preinit.o
 .data          0x0000000000016170        0x0 obj/assistfuncs.o
 *fill*         0x0000000000016170       0x10 
 .data.rel.local
                0x0000000000016180      0x100 obj/assistfuncs.o
 .data          0x0000000000016280        0x0 obj/basics.o
 .data.rel.local
                0x0000000000016280      0x140 obj/basics.o
 .data          0x00000000000163c0        0x0 obj/main.o
 .data          0x00000000000163c0        0x0 obj/task10.o
 .data.rel.local
                0x00000000000163c0      0x300 obj/task10.o
 .data          0x00000000000166c0        0x0 obj/task11.o
 .data.rel.local
                0x00000000000166c0      0x500 obj/task11.o
 .data          0x0000000000016bc0        0x0 obj/task12.o
 .data.rel.local
                0x0000000000016bc0      0x2e0 obj/task12.o
 .data          0x0000000000016ea0        0x0 obj/task13.o
 .data.rel.local
                0x0000000000016ea0      0x100 obj/task13.o
 .data          0x0000000000016fa0        0x0 obj/task15.o
 .data.rel.local
                0x0000000000016fa0      0x100 obj/task15.o
 .data          0x00000000000170a0        0x0 obj/task16.o
 .data.rel.local
                0x00000000000170a0      0x2a0 obj/task16.o
 .data          0x0000000000017340        0x0 obj/task1_7.o
 .data.rel.local
                0x0000000000017340      0x300 obj/task1_7.o
 .data          0x0000000000017640        0x0 obj/task17.o
 .data.rel.local
                0x0000000000017640      0x4c0 obj/task17.o
 .data          0x0000000000017b00        0x0 obj/task8.o
 .data.rel.local
                0x0000000000017b00      0x340 obj/task8.o
 .data          0x0000000000017e40        0x0 obj/task9.o
 .data.rel.local
                0x0000000000017e40      0x1c0 obj/task9.o
 .data          0x0000000000018000        0x0 /usr/lib/gcc/x86_64-linux-gnu/14/crtendS.o
 .data          0x0000000000018000        0x0 /usr/lib/gcc/x86_64-linux-gnu/14/../../../x86_64-linux-gnu/crtn.o

.tm_clone_table
                0x0000000000018000        0x0
 .tm_clone_table
                0x0000000000018000        0x0 /usr/lib/gcc/x86_64-linux-gnu/14/crtbeginS.o
 .tm_clone_table
                0x0000000000018000        0x0 /usr/lib/gcc/x86_64-linux-gnu/14/crtendS.o

.data1
 *(.data1)
                0x0000000000018000                _edata = .
                [!provide]                        PROVIDE (edata = .)
                0x0000000000018000                . = ALIGN (ALIGNOF (NEXT_SECTION))
                0x0000000000018000                __bss_start = .

.bss            0x0000000000018000      0x168
 *(.dynbss)
 .dynbss        0x0000000000018000        0x4 /usr/lib/gcc/x86_64-linux-gnu/14/../../../x86_64-linux-gnu/Scrt1.o
                0x0000000000018000                __asan_option_detect_stack_use_after_return
 *(.bss .bss.* .gnu.linkonce.b.*)
 .bss           0x0000000000018004        0x0 /usr/lib/gcc/x86_64-linux-gnu/14/../../../x86_64-linux-gnu/Scrt1.o
 .bss           0x0000000000018004        0x0 /usr/lib/gcc/x86_64-linux-gnu/14/../../../x86_64-linux-gnu/crti.o
 .bss           0x0000000000018004        0x1 /usr/lib/gcc/x86_64-linux-gnu/14/crtbeginS.o
 .bss           0x0000000000018005        0x0 /usr/lib/gcc/x86_64-linux-gnu/14/libasan_preinit.o
 .bss           0x0000000000018005        0x0 obj/assistfuncs.o
 .bss           0x0000000000018005        0x0 obj/basics.o
 .bss           0x0000000000018005        0x0 obj/main.o
 .bss           0x0000000000018005        0x0 obj/task10.o
 .bss           0x0000000000018005        0x0 obj/task11.o
 *fill*         0x0000000000018005       0x1b 
 .bss           0x0000000000018020       0x40 obj/task12.o
 .bss           0x0000000000018060        0x0 obj/task13.o
 .bss           0x0000000000018060        0x0 obj/task15.o
 .bss           0x0000000000018060        0x0 obj/task16.o
 .bss           0x0000000000018060        0x0 obj/task1_7.o
 .bss           0x0000000000018060        0x0 obj/task17.o
 .bss           0x0000000000018060        0x0 obj/task8.o
 .bss           0x0000000000018060      0x104 obj/task9.o
                0x0000000000018060                busy_time
                0x00000000000180a0                n
                0x00000000000180e0                start
                0x0000000000018120                end
                0x0000000000018160                __odr_asan.end
                0x0000000000018161                __odr_asan.start
                0x0000000000018162                __odr_asan.n
                0x0000000000018163                __odr_asan.busy_time
 .bss           0x0000000000018164        0x0 /usr/lib/gcc/x86_64-linux-gnu/14/crtendS.o
 .bss           0x0000000000018164        0x0 /usr/lib/gcc/x86_64-linux-gnu/14/../../../x86_64-linux-gnu/crtn.o
 *(COMMON)
                0x0000000000018168                . = ALIGN ((. != 0x0)?0x8:0x1)
 *fill*         0x0000000000018164        0x4 

.lbss
 *(.dynlbss)
 *(.lbss .lbss.* .gnu.linkonce.lb.*)
 *(LARGE_COMMON)
                0x0000000000018168                . = ALIGN (0x8)
                0x0000000000018168                . = SEGMENT_START ("ldata-segment", .)

.lrodata
 *(.lrodata .lrodata.* .gnu.linkonce.lr.*)

.ldata          0x000000000001a168        0x0
 *(.ldata .ldata.* .gnu.linkonce.l.*)
                0x000000000001a168                . = ALIGN ((. != 0x0)?0x8:0x1)
                0x000000000001a168                . = ALIGN (0x8)
                0x0000000000018168                _end = .
                [!provide]                        PROVIDE (end = .)
                0x000000000001a168                . = DATA_SEGMENT_END (.)

.stab
 *(.stab)

.stabstr
 *(.stabstr)

.stab.excl
 *(.stab.excl)

.stab.exclstr
 *(.stab.exclstr)

.stab.index
 *(.stab.index)

.stab.indexstr
 *(.stab.indexstr)

.comment        0x0000000000000000       0x1e
 *(.comment)
 .comment       0x0000000000000000       0x1e /usr/lib/gcc/x86_64-linux-gnu/14/crtbeginS.o
                                         0x1f (size before relaxing)
 .comment       0x000000000000001e        0x0 /usr/lib/gcc/x86_64-linux-gnu/14/libasan_preinit.o
                                         0x1f (size before relaxing)
 .comment       0x000000000000001e        0x0 obj/assistfuncs.o
                                         0x1f (size before relaxing)
 .comment       0x000000000000001e        0x0 obj/basics.o
                                         0x1f (size before relaxing)
 .comment       0x000000000000001e        0x0 obj/main.o
                                         0x1f (size before relaxing)
 .comment       0x000000000000001e        0x0 obj/task10.o
                                         0x1f (size before relaxing)
 .comment       0x000000000000001e        0x0 obj/task11.o
                                         0x1f (size before relaxing)
 .comment       0x000000000000001e        0x0 obj/task12.o
                                         0x1f (size before relaxing)
 .comment       0x000000000000001e        0x0 obj/task13.o
                                         0x1f (size before relaxing)
 .comment       0x000000000000001e        0x0 obj/task15.o
                                         0x1f (size before relaxing)
 .comment       0x000000000000001e        0x0 obj/task16.o
                                         0x1f (size before relaxing)
 .comment       0x000000000000001e        0x0 obj/task1_7.o
                                         0x1f (size before relaxing)
 .comment       0x000000000000001e        0x0 obj/task17.o
                                         0x1f (size before relaxing)
 .comment       0x000000000000001e        0x0 obj/task8.o
                                         0x1f (size before relaxing)
 .comment       0x000000000000001e        0x0 obj/task9.o
                                         0x1f (size before relaxing)
 .comment       0x000000000000001e        0x0 /usr/lib/gcc/x86_64-linux-gnu/14/crtendS.o
                                         0x1f (size before relaxing)

.gnu.build.attributes
 *(.gnu.build.attributes .gnu.build.attributes.*)

.debug
 *(.debug)

.line
 *(.line)

.debug_srcinfo
 *(.debug_srcinfo)

.debug_sfnames
 *(.debug_sfnames)

.debug_aranges  0x0000000000000000      0x290
 *(.debug_aranges)
 .debug_aranges
                0x0000000000000000       0x20 /usr/lib/gcc/x86_64-linux-gnu/14/libasan_preinit.o
 .debug_aranges
                0x0000000000000020       0x30 obj/assistfuncs.o
 .debug_aranges
                0x0000000000000050       0x30 obj/basics.o
 .debug_aranges
                0x0000000000000080       0x30 obj/main.o
 .debug_aranges
                0x00000000000000b0       0x30 obj/task10.o
 .debug_aranges
                0x00000000000000e0       0x30 obj/task11.o
 .debug_aranges
                0x0000000000000110       0x30 obj/task12.o
 .debug_aranges
                0x0000000000000140       0x30 obj/task13.o
 .debug_aranges
                0x0000000000000170       0x30 obj/task15.o
 .debug_aranges
                0x00000000000001a0       0x30 obj/task16.o
 .debug_aranges
                0x00000000000001d0       0x30 obj/task1_7.o
 .debug_aranges
                0x0000000000000200       0x30 obj/task17.o
 .debug_aranges
                0x0000000000000230       0x30 obj/task8.o
 .debug_aranges
                0x0000000000000260       0x30 obj/task9.o

.debug_pubnames
 *(.debug_pubnames)

.debug_info     0x0000000000000000     0x479b
 *(.debug_info .gnu.linkonce.wi.*)
 .debug_info    0x0000000000000000      0xb11 /usr/lib/gcc/x86_64-linux-gnu/14/libasan_preinit.o
 .debug_info    0x0000000000000b11      0x4e2 obj/assistfuncs.o
 .debug_info    0x0000000000000ff3      0x6e5 obj/basics.o
 .debug_info    0x00000000000016d8       0xb7 obj/main.o
 .debug_info    0x000000000000178f      0x41c obj/task10.o
 .debug_info    0x0000000000001bab      0x405 obj/task11.o
 .debug_info    0x0000000000001fb0      0x5ee obj/task12.o
 .debug_info    0x000000000000259e      0x26f obj/task13.o
 .debug_info    0x000000000000280d      0x2c9 obj/task15.o
 .debug_info    0x0000000000002ad6      0x520 obj/task16.o
 .debug_info    0x0000000000002ff6      0x620 obj/task1_7.o
 .debug_info    0x0000000000003616      0x421 obj/task17.o
 .debug_info    0x0000000000003a37      0x627 obj/task8.o
 .debug_info    0x000000000000405e      0x73d obj/task9.o

.debug_abbrev   0x0000000000000000     0x16b4
 *(.debug_abbrev)
 .debug_abbrev  0x0000000000000000      0x380 /usr/lib/gcc/x86_64-linux-gnu/14/libasan_preinit.o
 .debug_abbrev  0x0000000000000380      0x17d obj/assistfuncs.o
 .debug_abbrev  0x00000000000004fd      0x1e5 obj/basics.o
 .debug_abbrev  0x00000000000006e2       0x58 obj/main.o
 .debug_abbrev  0x000000000000073a      0x193 obj/task10.o
 .debug_abbrev  0x00000000000008cd      0x171 obj/task11.o
 .debug_abbrev  0x0000000000000a3e      0x193 obj/task12.o
 .debug_abbrev  0x0000000000000bd1      0x114 obj/task13.o
 .debug_abbrev  0x0000000000000ce5      0x11e obj/task15.o
 .debug_abbrev  0x0000000000000e03      0x1e5 obj/task16.o
 .debug_abbrev  0x0000000000000fe8      0x173 obj/task1_7.o
 .debug_abbrev  0x000000000000115b      0x19e obj/task17.o
 .debug_abbrev  0x00000000000012f9      0x1b0 obj/task8.o
 .debug_abbrev  0x00000000000014a9      0x20b obj/task9.o

.debug_line     0x0000000000000000     0x2acc
 *(.debug_line .debug_line.* .debug_line_end)
 .debug_line    0x0000000000000000       0x5c /usr/lib/gcc/x86_64-linux-gnu/14/libasan_preinit.o
 .debug_line    0x000000000000005c      0x375 obj/assistfuncs.o
 .debug_line    0x00000000000003d1      0x2e4 obj/basics.o
 .debug_line    0x00000000000006b5       0x60 obj/main.o
 .debug_line    0x0000000000000715      0x389 obj/task10.o
 .debug_line    0x0000000000000a9e      0x3a1 obj/task11.o
 .debug_line    0x0000000000000e3f      0x4d2 obj/task12.o
 .debug_line    0x0000000000001311      0x1ce obj/task13.o
 .debug_line    0x00000000000014df      0x1bf obj/task15.o
 .debug_line    0x000000000000169e      0x2fd obj/task16.o
 .debug_line    0x000000000000199b      0x4f4 obj/task1_7.o
 .debug_line    0x0000000000001e8f      0x35f obj/task17.o
 .debug_line    0x00000000000021ee      0x5b2 obj/task8.o
 .debug_line    0x00000000000027a0      0x32c obj/task9.o

.debug_frame
 *(.debug_frame)

.debug_str      0x0000000000000000     0x1be2
 *(.debug_str)
 .debug_str     0x0000000000000000     0x1be2 /usr/lib/gcc/x86_64-linux-gnu/14/libasan_preinit.o
                                        0xffd (size before relaxing)
 .debug_str     0x0000000000001be2        0x0 obj/assistfuncs.o
                                        0x23a (size before relaxing)
 .debug_str     0x0000000000001be2        0x0 obj/basics.o
                                        0x3ea (size before relaxing)
 .debug_str     0x0000000000001be2        0x0 obj/main.o
                                        0x107 (size before relaxing)
 .debug_str     0x0000000000001be2        0x0 obj/task10.o
                                        0x1d7 (size before relaxing)
 .debug_str     0x0000000000001be2        0x0 obj/task11.o
                                        0x1d2 (size before relaxing)
 .debug_str     0x0000000000001be2        0x0 obj/task12.o
                                        0x289 (size before relaxing)
 .debug_str     0x0000000000001be2        0x0 obj/task13.o
                                        0x19a (size before relaxing)
 .debug_str     0x0000000000001be2        0x0 obj/task15.o
                                        0x196 (size before relaxing)
 .debug_str     0x0000000000001be2        0x0 obj/task16.o
                                        0x22b (size before relaxing)
 .debug_str     0x0000000000001be2        0x0 obj/task1_7.o
                                        0x254 (size before relaxing)
 .debug_str     0x0000000000001be2        0x0 obj/task17.o
                                        0x1f6 (size before relaxing)
 .debug_str     0x0000000000001be2        0x0 obj/task8.o
                                        0x28e (size before relaxing)
 .debug_str     0x0000000000001be2        0x0 obj/task9.o
                                        0x3eb (size before relaxing)

.debug_loc
 *(.debug_loc)

.debug_macinfo
 *(.debug_macinfo)

.debug_weaknames
 *(.debug_weaknames)

.debug_funcnames
 *(.debug_funcnames)

.debug_typenames
 *(.debug_typenames)

.debug_varnames
 *(.debug_varnames)

.debug_pubtypes
 *(.debug_pubtypes)

.debug_ranges
 *(.debug_ranges)

.debug_addr
 *(.debug_addr)

.debug_line_str
                0x0000000000000000      0x3be
 *(.debug_line_str)
 .debug_line_str
                0x0000000000000000      0x3be /usr/lib/gcc/x86_64-linux-gnu/14/libasan_preinit.o
                                        0x1d1 (size before relaxing)
 .debug_line_str
                0x00000000000003be        0x0 obj/assistfuncs.o
                                         0xe9 (size before relaxing)
 .debug_line_str
                0x00000000000003be        0x0 obj/basics.o
                                        0x15e (size before relaxing)
 .debug_line_str
                0x00000000000003be        0x0 obj/main.o
                                         0x8a (size before relaxing)
 .debug_line_str
                0x00000000000003be        0x0 obj/task10.o
                                         0xda (size before relaxing)
 .debug_line_str
                0x00000000000003be        0x0 obj/task11.o
                                         0xe9 (size before relaxing)
 .debug_line_str
                0x00000000000003be        0x0 obj/task12.o
                                         0xbc (size before relaxing)
 .debug_line_str
                0x00000000000003be        0x0 obj/task13.o
                                         0xb3 (size before relaxing)
 .debug_line_str
                0x00000000000003be        0x0 obj/task15.o
                                         0xb3 (size before relaxing)
 .debug_line_str
                0x00000000000003be        0x0 obj/task16.o
                                         0xff (size before relaxing)
 .debug_line_str
                0x00000000000003be        0x0 obj/task1_7.o
                                         0xbf (size before relaxing)
 .debug_line_str
                0x00000000000003be        0x0 obj/task17.o
                                         0xff (size before relaxing)
 .debug_line_str
                0x00000000000003be        0x0 obj/task8.o
                                         0xf3 (size before relaxing)
 .debug_line_str
                0x00000000000003be        0x0 obj/task9.o
                                        0x1a1 (size before relaxing)

.debug_loclists
 *(.debug_loclists)

.debug_macro
 *(.debug_macro)

.debug_names
 *(.debug_names)

.debug_rnglists
                0x0000000000000000       0x72
 *(.debug_rnglists)
 .debug_rnglists
                0x0000000000000000       0x22 obj/assistfuncs.o
 .debug_rnglists
                0x0000000000000022       0x17 obj/basics.o
 .debug_rnglists
                0x0000000000000039       0x17 obj/task12.o
 .debug_rnglists
                0x0000000000000050       0x22 obj/task8.o

.debug_str_offsets
 *(.debug_str_offsets)

.debug_sup
 *(.debug_sup)

.gnu.attributes
 *(.gnu.attributes)

/DISCARD/
 *(.note.GNU-stack)
 *(.gnu_debuglink)
 *(.gnu.lto_*)
 *(.gnu_object_only)
OUTPUT(bin/dm elf64-x86-64)

Cross Reference Table

Symbol                                            File
GCC_12.0.0                                        /usr/lib/gcc/x86_64-linux-gnu/14/../../../x86_64-linux-gnu/libgcc_s.so.1
GCC_13.0.0                                        /usr/lib/gcc/x86_64-linux-gnu/14/../../../x86_64-linux-gnu/libgcc_s.so.1
GCC_14.0.0                                        /usr/lib/gcc/x86_64-linux-gnu/14/../../../x86_64-linux-gnu/libgcc_s.so.1
GCC_3.0                                           /usr/lib/gcc/x86_64-linux-gnu/14/../../../x86_64-linux-gnu/libgcc_s.so.1
GCC_3.3                                           /usr/lib/gcc/x86_64-linux-gnu/14/../../../x86_64-linux-gnu/libgcc_s.so.1
GCC_3.3.1                                         /usr/lib/gcc/x86_64-linux-gnu/14/../../../x86_64-linux-gnu/libgcc_s.so.1
GCC_3.4                                           /usr/lib/gcc/x86_64-linux-gnu/14/../../../x86_64-linux-gnu/libgcc_s.so.1
GCC_3.4.2                                         /usr/lib/gcc/x86_64-linux-gnu/14/../../../x86_64-linux-gnu/libgcc_s.so.1
GCC_3.4.4                                         /usr/lib/gcc/x86_64-linux-gnu/14/../../../x86_64-linux-gnu/libgcc_s.so.1
GCC_4.0.0                                         /usr/lib/gcc/x86_64-linux-gnu/14/../../../x86_64-linux-gnu/libgcc_s.so.1
GCC_4.2.0                                         /usr/lib/gcc/x86_64-linux-gnu/14/../../../x86_64-linux-gnu/libgcc_s.so.1
GCC_4.3.0                                         /usr/lib/gcc/x86_64-linux-gnu/14/../../../x86_64-linux-gnu/libgcc_s.so.1
GCC_4.7.0                                         /usr/lib/gcc/x86_64-linux-gnu/14/../../../x86_64-linux-gnu/libgcc_s.so.1
GCC_4.8.0                                         /usr/lib/gcc/x86_64-linux-gnu/14/../../../x86_64-linux-gnu/libgcc_s.so.1
GCC_7.0.0                                         /usr/lib/gcc/x86_64-linux-gnu/14/../../../x86_64-linux-gnu/libgcc_s.so.1
GLIBC_2.10                                        /lib/x86_64-linux-gnu/libc.so.6
GLIBC_2.11                                        /lib/x86_64-linux-gnu/libc.so.6
GLIBC_2.12                                        /lib/x86_64-linux-gnu/libc.so.6
GLIBC_2.13                                        /lib/x86_64-linux-gnu/libc.so.6
GLIBC_2.14                                        /lib/x86_64-linux-gnu/libc.so.6
GLIBC_2.15                                        /lib/x86_64-linux-gnu/libm.so.6
                                                  /lib/x86_64-linux-gnu/libc.so.6
GLIBC_2.16                                        /lib/x86_64-linux-gnu/libc.so.6
GLIBC_2.17                                        /lib/x86_64-linux-gnu/libc.so.6
GLIBC_2.18                                        /lib/x86_64-linux-gnu/libm.so.6
                                                  /lib/x86_64-linux-gnu/libc.so.6
GLIBC_2.2.5                                       /lib/x86_64-linux-gnu/libm.so.6
                                                  /lib64/ld-linux-x86-64.so.2
                                                  /lib/x86_64-linux-gnu/libc.so.6
GLIBC_2.2.6                                       /lib/x86_64-linux-gnu/libc.so.6
GLIBC_2.22                                        /lib/x86_64-linux-gnu/libc.so.6
GLIBC_2.23                                        /lib/x86_64-linux-gnu/libm.so.6
                                                  /lib/x86_64-linux-gnu/libc.so.6
GLIBC_2.24                                        /lib/x86_64-linux-gnu/libm.so.6
                                                  /lib/x86_64-linux-gnu/libc.so.6
GLIBC_2.25                                        /lib/x86_64-linux-gnu/libm.so.6
                                                  /lib/x86_64-linux-gnu/libc.so.6
GLIBC_2.26                                        /lib/x86_64-linux-gnu/libm.so.6
                                                  /lib/x86_64-linux-gnu/libc.so.6
GLIBC_2.27                                        /lib/x86_64-linux-gnu/libm.so.6
                                                  /lib/x86_64-linux-gnu/libc.so.6
GLIBC_2.28                                        /lib/x86_64-linux-gnu/libm.so.6
                                                  /lib/x86_64-linux-gnu/libc.so.6
GLIBC_2.29                                        /lib/x86_64-linux-gnu/libm.so.6
                                                  /lib/x86_64-linux-gnu/libc.so.6
GLIBC_2.3                                         /lib/x86_64-linux-gnu/libc.so.6
                                                  /lib64/ld-linux-x86-64.so.2
GLIBC_2.3.2                                       /lib/x86_64-linux-gnu/libc.so.6
GLIBC_2.3.3                                       /lib/x86_64-linux-gnu/libc.so.6
GLIBC_2.3.4                                       /lib/x86_64-linux-gnu/libc.so.6
GLIBC_2.30                                        /lib/x86_64-linux-gnu/libc.so.6
GLIBC_2.31                                        /lib/x86_64-linux-gnu/libm.so.6
                                                  /lib/x86_64-linux-gnu/libc.so.6
GLIBC_2.32                                        /lib/x86_64-linux-gnu/libm.so.6
                                                  /lib/x86_64-linux-gnu/libc.so.6
GLIBC_2.33                                        /lib/x86_64-linux-gnu/libc.so.6
GLIBC_2.34                                        /lib/x86_64-linux-gnu/libc.so.6
                                                  /lib64/ld-linux-x86-64.so.2
GLIBC_2.35                                        /lib/x86_64-linux-gnu/libm.so.6
                                                  /lib64/ld-linux-x86-64.so.2
                                                  /lib/x86_64-linux-gnu/libc.so.6
GLIBC_2.36                                        /lib/x86_64-linux-gnu/libc.so.6
GLIBC_2.38                                        /lib/x86_64-linux-gnu/libm.so.6
                                                  /lib/x86_64-linux-gnu/libc.so.6
GLIBC_2.39                                        /lib/x86_64-linux-gnu/libm.so.6
                                                  /lib/x86_64-linux-gnu/libc.so.6
GLIBC_2.4                                         /lib/x86_64-linux-gnu/libm.so.6
                                                  /lib64/ld-linux-x86-64.so.2
                                                  /lib/x86_64-linux-gnu/libc.so.6
GLIBC_2.40                                        /lib/x86_64-linux-gnu/libm.so.6
GLIBC_2.41                                        /lib/x86_64-linux-gnu/libm.so.6
                                                  /lib/x86_64-linux-gnu/libc.so.6
GLIBC_2.5                                         /lib/x86_64-linux-gnu/libc.so.6
GLIBC_2.6                                         /lib/x86_64-linux-gnu/libc.so.6
GLIBC_2.7                                         /lib/x86_64-linux-gnu/libc.so.6
GLIBC_2.8                                         /lib/x86_64-linux-gnu/libc.so.6
GLIBC_2.9                                         /lib/x86_64-linux-gnu/libc.so.6
GLIBC_ABI_DT_RELR                                 /lib/x86_64-linux-gnu/libc.so.6
GLIBC_PRIVATE                                     /lib/x86_64-linux-gnu/libc.so.6
                                                  /lib64/ld-linux-x86-64.so.2
_DYNAMIC                                          /usr/lib/gcc/x86_64-linux-gnu/14/../../../x86_64-linux-gnu/Scrt1.o
_Exit                                             /lib/x86_64-linux-gnu/libc.so.6
_Exit@@GLIBC_2.2.5                                /lib/x86_64-linux-gnu/libc.so.6
_Exit@GLIBC_2.2.5                                 /lib/x86_64-linux-gnu/libc.so.6
_GLOBAL_OFFSET_TABLE_                             /usr/lib/gcc/x86_64-linux-gnu/14/../../../x86_64-linux-gnu/Scrt1.o
                                                  /usr/lib/gcc/x86_64-linux-gnu/14/crtbeginS.o
                                                  /usr/lib/gcc/x86_64-linux-gnu/14/../../../x86_64-linux-gnu/crti.o
_IO_flockfile                                     /lib/x86_64-linux-gnu/libc.so.6
_IO_flockfile@@GLIBC_2.2.5                        /lib/x86_64-linux-gnu/libc.so.6
_IO_flockfile@GLIBC_2.2.5                         /lib/x86_64-linux-gnu/libc.so.6
_IO_fprintf                                       /lib/x86_64-linux-gnu/libc.so.6
_IO_fprintf@@GLIBC_2.2.5                          /lib/x86_64-linux-gnu/libc.so.6
_IO_fprintf@GLIBC_2.2.5                           /lib/x86_64-linux-gnu/libc.so.6
_IO_ftrylockfile                                  /lib/x86_64-linux-gnu/libc.so.6
_IO_ftrylockfile@@GLIBC_2.2.5                     /lib/x86_64-linux-gnu/libc.so.6
_IO_ftrylockfile@GLIBC_2.2.5                      /lib/x86_64-linux-gnu/libc.so.6
_IO_funlockfile                                   /lib/x86_64-linux-gnu/libc.so.6
_IO_funlockfile@@GLIBC_2.2.5                      /lib/x86_64-linux-gnu/libc.so.6
_IO_funlockfile@GLIBC_2.2.5                       /lib/x86_64-linux-gnu/libc.so.6
_IO_stdin_used                                    /usr/lib/gcc/x86_64-linux-gnu/14/../../../x86_64-linux-gnu/Scrt1.o
_ITM_deregisterTMCloneTable                       /usr/lib/gcc/x86_64-linux-gnu/14/../../../x86_64-linux-gnu/libgcc_s.so.1
                                                  /lib/x86_64-linux-gnu/libm.so.6
                                                  /usr/lib/gcc/x86_64-linux-gnu/14/libasan.so
                                                  /usr/lib/gcc/x86_64-linux-gnu/14/crtbeginS.o
_ITM_registerTMCloneTable                         /usr/lib/gcc/x86_64-linux-gnu/14/../../../x86_64-linux-gnu/libgcc_s.so.1
                                                  /lib/x86_64-linux-gnu/libm.so.6
                                                  /usr/lib/gcc/x86_64-linux-gnu/14/libasan.so
                                                  /usr/lib/gcc/x86_64-linux-gnu/14/crtbeginS.o
_Unwind_RaiseException                            /usr/lib/gcc/x86_64-linux-gnu/14/libasan.so
_Unwind_RaiseException@@GCC_3.0                   /usr/lib/gcc/x86_64-linux-gnu/14/../../../x86_64-linux-gnu/libgcc_s.so.1
_Unwind_RaiseException@GCC_3.0                    /usr/lib/gcc/x86_64-linux-gnu/14/../../../x86_64-linux-gnu/libgcc_s.so.1
__GNU_EH_FRAME_HDR                                bin/dm
__TMC_END__                                       /usr/lib/gcc/x86_64-linux-gnu/14/crtendS.o
                                                  /usr/lib/gcc/x86_64-linux-gnu/14/crtbeginS.o
__after_morecore_hook@GLIBC_2.2.5                 /lib/x86_64-linux-gnu/libc.so.6
__asan_default_options                            /usr/lib/gcc/x86_64-linux-gnu/14/libasan.so
__asan_default_suppressions                       /usr/lib/gcc/x86_64-linux-gnu/14/libasan.so
__asan_init                                       /usr/lib/gcc/x86_64-linux-gnu/14/libasan.so
                                                  obj/task9.o
                                                  obj/task8.o
                                                  obj/task17.o
                                                  obj/task1_7.o
                                                  obj/task16.o
                                                  obj/task15.o
                                                  obj/task13.o
                                                  obj/task12.o
                                                  obj/task11.o
                                                  obj/task10.o
                                                  obj/main.o
                                                  obj/basics.o
                                                  obj/assistfuncs.o
                                                  /usr/lib/gcc/x86_64-linux-gnu/14/libasan_preinit.o
__asan_on_error                                   /usr/lib/gcc/x86_64-linux-gnu/14/libasan.so
__asan_option_detect_stack_use_after_return       /usr/lib/gcc/x86_64-linux-gnu/14/libasan.so
                                                  obj/task9.o
                                                  obj/task8.o
                                                  obj/task1_7.o
                                                  obj/task16.o
                                                  obj/task13.o
                                                  obj/task12.o
                                                  obj/basics.o
__asan_register_globals                           /usr/lib/gcc/x86_64-linux-gnu/14/libasan.so
                                                  obj/task9.o
                                                  obj/task8.o
                                                  obj/task17.o
                                                  obj/task1_7.o
                                                  obj/task16.o
                                                  obj/task15.o
                                                  obj/task13.o
                                                  obj/task12.o
                                                  obj/task11.o
                                                  obj/task10.o
                                                  obj/basics.o
                                                  obj/assistfuncs.o
__asan_report_load1                               /usr/lib/gcc/x86_64-linux-gnu/14/libasan.so
                                                  obj/task9.o
                                                  obj/task8.o
                                                  obj/task12.o
                                                  obj/assistfuncs.o
__asan_report_load4                               /usr/lib/gcc/x86_64-linux-gnu/14/libasan.so
                                                  obj/task9.o
                                                  obj/task8.o
                                                  obj/task17.o
                                                  obj/task1_7.o
                                                  obj/task16.o
                                                  obj/task15.o
                                                  obj/task13.o
                                                  obj/task12.o
                                                  obj/task11.o
                                                  obj/task10.o
                                                  obj/basics.o
                                                  obj/assistfuncs.o
__asan_report_load8                               /usr/lib/gcc/x86_64-linux-gnu/14/libasan.so
                                                  obj/task9.o
                                                  obj/task8.o
                                                  obj/task17.o
                                                  obj/task1_7.o
                                                  obj/task16.o
                                                  obj/task15.o
                                                  obj/task12.o
                                                  obj/task11.o
                                                  obj/task10.o
                                                  obj/basics.o
                                                  obj/assistfuncs.o
__asan_report_load_n                              /usr/lib/gcc/x86_64-linux-gnu/14/libasan.so
                                                  obj/task1_7.o
__asan_report_store1                              /usr/lib/gcc/x86_64-linux-gnu/14/libasan.so
                                                  obj/task9.o
                                                  obj/task8.o
                                                  obj/task12.o
                                                  obj/assistfuncs.o
__asan_report_store4                              /usr/lib/gcc/x86_64-linux-gnu/14/libasan.so
                                                  obj/task9.o
                                                  obj/task8.o
                                                  obj/task17.o
                                                  obj/task1_7.o
                                                  obj/task16.o
                                                  obj/task15.o
                                                  obj/task13.o
                                                  obj/task12.o
                                                  obj/task11.o
                                                  obj/task10.o
                                                  obj/basics.o
                                                  obj/assistfuncs.o
__asan_report_store8                              /usr/lib/gcc/x86_64-linux-gnu/14/libasan.so
                                                  obj/task9.o
                                                  obj/task8.o
                                                  obj/task17.o
                                                  obj/task1_7.o
                                                  obj/task16.o
                                                  obj/task15.o
                                                  obj/task12.o
                                                  obj/task11.o
                                                  obj/task10.o
                                                  obj/basics.o
                                                  obj/assistfuncs.o
__asan_stack_malloc_0                             /usr/lib/gcc/x86_64-linux-gnu/14/libasan.so
                                                  obj/task9.o
                                                  obj/task12.o
__asan_stack_malloc_1                             /usr/lib/gcc/x86_64-linux-gnu/14/libasan.so
                                                  obj/task9.o
                                                  obj/task8.o
                                                  obj/task1_7.o
                                                  obj/task16.o
                                                  obj/task12.o
                                                  obj/basics.o
__asan_stack_malloc_2                             /usr/lib/gcc/x86_64-linux-gnu/14/libasan.so
                                                  obj/task1_7.o
                                                  obj/task13.o
__asan_unregister_globals                         /usr/lib/gcc/x86_64-linux-gnu/14/libasan.so
                                                  obj/task9.o
                                                  obj/task8.o
                                                  obj/task17.o
                                                  obj/task1_7.o
                                                  obj/task16.o
                                                  obj/task15.o
                                                  obj/task13.o
                                                  obj/task12.o
                                                  obj/task11.o
                                                  obj/task10.o
                                                  obj/basics.o
                                                  obj/assistfuncs.o
__asan_version_mismatch_check_v8                  /usr/lib/gcc/x86_64-linux-gnu/14/libasan.so
                                                  obj/task9.o
                                                  obj/task8.o
                                                  obj/task17.o
                                                  obj/task1_7.o
                                                  obj/task16.o
                                                  obj/task15.o
                                                  obj/task13.o
                                                  obj/task12.o
                                                  obj/task11.o
                                                  obj/task10.o
                                                  obj/main.o
                                                  obj/basics.o
                                                  obj/assistfuncs.o
__b64_ntop                                        /usr/lib/gcc/x86_64-linux-gnu/14/libasan.so
__b64_pton                                        /usr/lib/gcc/x86_64-linux-gnu/14/libasan.so
__bzero                                           /usr/lib/gcc/x86_64-linux-gnu/14/libasan.so
__bzero@@GLIBC_2.2.5                              /lib/x86_64-linux-gnu/libc.so.6
__bzero@GLIBC_2.2.5                               /lib/x86_64-linux-gnu/libc.so.6
__compat_bdflush                                  /lib/x86_64-linux-gnu/libc.so.6
__connect                                         /lib/x86_64-linux-gnu/libc.so.6
__connect@@GLIBC_2.2.5                            /lib/x86_64-linux-gnu/libc.so.6
__connect@GLIBC_2.2.5                             /lib/x86_64-linux-gnu/libc.so.6
__ctype_get_mb_cur_max                            /lib/x86_64-linux-gnu/libc.so.6
__ctype_get_mb_cur_max@@GLIBC_2.2.5               /lib/x86_64-linux-gnu/libc.so.6
__ctype_get_mb_cur_max@GLIBC_2.2.5                /lib/x86_64-linux-gnu/libc.so.6
__cxa_atexit                                      /usr/lib/gcc/x86_64-linux-gnu/14/libasan.so
__cxa_atexit@@GLIBC_2.2.5                         /lib/x86_64-linux-gnu/libc.so.6
__cxa_atexit@GLIBC_2.2.5                          /lib/x86_64-linux-gnu/libc.so.6
__cxa_demangle                                    /usr/lib/gcc/x86_64-linux-gnu/14/libasan.so
__cxa_finalize                                    /lib/x86_64-linux-gnu/libc.so.6
                                                  /usr/lib/gcc/x86_64-linux-gnu/14/crtbeginS.o
__cxa_finalize@@GLIBC_2.2.5                       /lib/x86_64-linux-gnu/libc.so.6
__cxa_finalize@GLIBC_2.2.5                        /lib/x86_64-linux-gnu/libc.so.6
                                                  /usr/lib/gcc/x86_64-linux-gnu/14/../../../x86_64-linux-gnu/libgcc_s.so.1
                                                  /lib/x86_64-linux-gnu/libm.so.6
                                                  /usr/lib/gcc/x86_64-linux-gnu/14/libasan.so
__cxa_throw                                       /usr/lib/gcc/x86_64-linux-gnu/14/libasan.so
__data_start                                      /usr/lib/gcc/x86_64-linux-gnu/14/../../../x86_64-linux-gnu/Scrt1.o
__dso_handle                                      /usr/lib/gcc/x86_64-linux-gnu/14/crtbeginS.o
__fcntl                                           /lib/x86_64-linux-gnu/libc.so.6
__fcntl@@GLIBC_2.2.5                              /lib/x86_64-linux-gnu/libc.so.6
__fcntl@GLIBC_2.2.5                               /lib/x86_64-linux-gnu/libc.so.6
__fprintf_chk                                     /usr/lib/gcc/x86_64-linux-gnu/14/libasan.so
__fprintf_chk@@GLIBC_2.3.4                        /lib/x86_64-linux-gnu/libc.so.6
__fprintf_chk@GLIBC_2.3.4                         /lib/x86_64-linux-gnu/libc.so.6
__free_hook@GLIBC_2.2.5                           /lib/x86_64-linux-gnu/libc.so.6
__getdelim                                        /usr/lib/gcc/x86_64-linux-gnu/14/libasan.so
__getdelim@@GLIBC_2.2.5                           /lib/x86_64-linux-gnu/libc.so.6
__getdelim@GLIBC_2.2.5                            /lib/x86_64-linux-gnu/libc.so.6
__gmon_start__                                    /usr/lib/gcc/x86_64-linux-gnu/14/../../../x86_64-linux-gnu/libgcc_s.so.1
                                                  /lib/x86_64-linux-gnu/libm.so.6
                                                  /usr/lib/gcc/x86_64-linux-gnu/14/libasan.so
                                                  /usr/lib/gcc/x86_64-linux-gnu/14/../../../x86_64-linux-gnu/crti.o
__interceptor__Unwind_RaiseException              /usr/lib/gcc/x86_64-linux-gnu/14/libasan.so
__interceptor___b64_ntop                          /usr/lib/gcc/x86_64-linux-gnu/14/libasan.so
__interceptor___b64_pton                          /usr/lib/gcc/x86_64-linux-gnu/14/libasan.so
__interceptor___bzero                             /usr/lib/gcc/x86_64-linux-gnu/14/libasan.so
__interceptor___cxa_atexit                        /usr/lib/gcc/x86_64-linux-gnu/14/libasan.so
__interceptor___cxa_throw                         /usr/lib/gcc/x86_64-linux-gnu/14/libasan.so
__interceptor___fprintf_chk                       /usr/lib/gcc/x86_64-linux-gnu/14/libasan.so
__interceptor___getdelim                          /usr/lib/gcc/x86_64-linux-gnu/14/libasan.so
__interceptor___isoc23_fscanf                     /usr/lib/gcc/x86_64-linux-gnu/14/libasan.so
__interceptor___isoc23_scanf                      /usr/lib/gcc/x86_64-linux-gnu/14/libasan.so
__interceptor___isoc23_sscanf                     /usr/lib/gcc/x86_64-linux-gnu/14/libasan.so
__interceptor___isoc23_strtoimax                  /usr/lib/gcc/x86_64-linux-gnu/14/libasan.so
__interceptor___isoc23_strtol                     /usr/lib/gcc/x86_64-linux-gnu/14/libasan.so
__interceptor___isoc23_strtoll                    /usr/lib/gcc/x86_64-linux-gnu/14/libasan.so
__interceptor___isoc23_strtoumax                  /usr/lib/gcc/x86_64-linux-gnu/14/libasan.so
__interceptor___isoc23_vfscanf                    /usr/lib/gcc/x86_64-linux-gnu/14/libasan.so
__interceptor___isoc23_vscanf                     /usr/lib/gcc/x86_64-linux-gnu/14/libasan.so
__interceptor___isoc23_vsscanf                    /usr/lib/gcc/x86_64-linux-gnu/14/libasan.so
__interceptor___isoc99_fprintf                    /usr/lib/gcc/x86_64-linux-gnu/14/libasan.so
__interceptor___isoc99_fscanf                     /usr/lib/gcc/x86_64-linux-gnu/14/libasan.so
__interceptor___isoc99_printf                     /usr/lib/gcc/x86_64-linux-gnu/14/libasan.so
__interceptor___isoc99_scanf                      /usr/lib/gcc/x86_64-linux-gnu/14/libasan.so
__interceptor___isoc99_snprintf                   /usr/lib/gcc/x86_64-linux-gnu/14/libasan.so
__interceptor___isoc99_sprintf                    /usr/lib/gcc/x86_64-linux-gnu/14/libasan.so
__interceptor___isoc99_sscanf                     /usr/lib/gcc/x86_64-linux-gnu/14/libasan.so
__interceptor___isoc99_vfprintf                   /usr/lib/gcc/x86_64-linux-gnu/14/libasan.so
__interceptor___isoc99_vfscanf                    /usr/lib/gcc/x86_64-linux-gnu/14/libasan.so
__interceptor___isoc99_vprintf                    /usr/lib/gcc/x86_64-linux-gnu/14/libasan.so
__interceptor___isoc99_vscanf                     /usr/lib/gcc/x86_64-linux-gnu/14/libasan.so
__interceptor___isoc99_vsnprintf                  /usr/lib/gcc/x86_64-linux-gnu/14/libasan.so
__interceptor___isoc99_vsprintf                   /usr/lib/gcc/x86_64-linux-gnu/14/libasan.so
__interceptor___isoc99_vsscanf                    /usr/lib/gcc/x86_64-linux-gnu/14/libasan.so
__interceptor___libc_memalign                     /usr/lib/gcc/x86_64-linux-gnu/14/libasan.so
__interceptor___longjmp_chk                       /usr/lib/gcc/x86_64-linux-gnu/14/libasan.so
__interceptor___lxstat                            /usr/lib/gcc/x86_64-linux-gnu/14/libasan.so
__interceptor___lxstat64                          /usr/lib/gcc/x86_64-linux-gnu/14/libasan.so
__interceptor___overflow                          /usr/lib/gcc/x86_64-linux-gnu/14/libasan.so
__interceptor___snprintf_chk                      /usr/lib/gcc/x86_64-linux-gnu/14/libasan.so
__interceptor___sprintf_chk                       /usr/lib/gcc/x86_64-linux-gnu/14/libasan.so
__interceptor___strdup                            /usr/lib/gcc/x86_64-linux-gnu/14/libasan.so
__interceptor___strndup                           /usr/lib/gcc/x86_64-linux-gnu/14/libasan.so
__interceptor___strxfrm_l                         /usr/lib/gcc/x86_64-linux-gnu/14/libasan.so
__interceptor___tls_get_addr                      /usr/lib/gcc/x86_64-linux-gnu/14/libasan.so
__interceptor___uflow                             /usr/lib/gcc/x86_64-linux-gnu/14/libasan.so
__interceptor___underflow                         /usr/lib/gcc/x86_64-linux-gnu/14/libasan.so
__interceptor___vsnprintf_chk                     /usr/lib/gcc/x86_64-linux-gnu/14/libasan.so
__interceptor___vsprintf_chk                      /usr/lib/gcc/x86_64-linux-gnu/14/libasan.so
__interceptor___wcsxfrm_l                         /usr/lib/gcc/x86_64-linux-gnu/14/libasan.so
__interceptor___woverflow                         /usr/lib/gcc/x86_64-linux-gnu/14/libasan.so
__interceptor___wuflow                            /usr/lib/gcc/x86_64-linux-gnu/14/libasan.so
__interceptor___wunderflow                        /usr/lib/gcc/x86_64-linux-gnu/14/libasan.so
__interceptor___xpg_strerror_r                    /usr/lib/gcc/x86_64-linux-gnu/14/libasan.so
__interceptor___xstat                             /usr/lib/gcc/x86_64-linux-gnu/14/libasan.so
__interceptor___xstat64                           /usr/lib/gcc/x86_64-linux-gnu/14/libasan.so
__interceptor__exit                               /usr/lib/gcc/x86_64-linux-gnu/14/libasan.so
__interceptor__longjmp                            /usr/lib/gcc/x86_64-linux-gnu/14/libasan.so
__interceptor__obstack_begin                      /usr/lib/gcc/x86_64-linux-gnu/14/libasan.so
__interceptor__obstack_begin_1                    /usr/lib/gcc/x86_64-linux-gnu/14/libasan.so
__interceptor__obstack_newchunk                   /usr/lib/gcc/x86_64-linux-gnu/14/libasan.so
__interceptor_accept                              /usr/lib/gcc/x86_64-linux-gnu/14/libasan.so
__interceptor_accept4                             /usr/lib/gcc/x86_64-linux-gnu/14/libasan.so
__interceptor_aligned_alloc                       /usr/lib/gcc/x86_64-linux-gnu/14/libasan.so
__interceptor_argp_parse                          /usr/lib/gcc/x86_64-linux-gnu/14/libasan.so
__interceptor_asctime                             /usr/lib/gcc/x86_64-linux-gnu/14/libasan.so
__interceptor_asctime_r                           /usr/lib/gcc/x86_64-linux-gnu/14/libasan.so
__interceptor_asprintf                            /usr/lib/gcc/x86_64-linux-gnu/14/libasan.so
__interceptor_atoi                                /usr/lib/gcc/x86_64-linux-gnu/14/libasan.so
__interceptor_atol                                /usr/lib/gcc/x86_64-linux-gnu/14/libasan.so
__interceptor_atoll                               /usr/lib/gcc/x86_64-linux-gnu/14/libasan.so
__interceptor_backtrace                           /usr/lib/gcc/x86_64-linux-gnu/14/libasan.so
__interceptor_backtrace_symbols                   /usr/lib/gcc/x86_64-linux-gnu/14/libasan.so
__interceptor_bcmp                                /usr/lib/gcc/x86_64-linux-gnu/14/libasan.so
__interceptor_bsearch                             /usr/lib/gcc/x86_64-linux-gnu/14/libasan.so
__interceptor_bzero                               /usr/lib/gcc/x86_64-linux-gnu/14/libasan.so
__interceptor_calloc                              /usr/lib/gcc/x86_64-linux-gnu/14/libasan.so
__interceptor_canonicalize_file_name              /usr/lib/gcc/x86_64-linux-gnu/14/libasan.so
__interceptor_capget                              /usr/lib/gcc/x86_64-linux-gnu/14/libasan.so
__interceptor_capset                              /usr/lib/gcc/x86_64-linux-gnu/14/libasan.so
__interceptor_cfree                               /usr/lib/gcc/x86_64-linux-gnu/14/libasan.so
__interceptor_clock_getcpuclockid                 /usr/lib/gcc/x86_64-linux-gnu/14/libasan.so
__interceptor_clock_getres                        /usr/lib/gcc/x86_64-linux-gnu/14/libasan.so
__interceptor_clock_gettime                       /usr/lib/gcc/x86_64-linux-gnu/14/libasan.so
__interceptor_clock_settime                       /usr/lib/gcc/x86_64-linux-gnu/14/libasan.so
__interceptor_confstr                             /usr/lib/gcc/x86_64-linux-gnu/14/libasan.so
__interceptor_ctermid                             /usr/lib/gcc/x86_64-linux-gnu/14/libasan.so
__interceptor_ctime                               /usr/lib/gcc/x86_64-linux-gnu/14/libasan.so
__interceptor_ctime_r                             /usr/lib/gcc/x86_64-linux-gnu/14/libasan.so
__interceptor_dlclose                             /usr/lib/gcc/x86_64-linux-gnu/14/libasan.so
__interceptor_dlopen                              /usr/lib/gcc/x86_64-linux-gnu/14/libasan.so
[...]
wcsnrtombs                                        /usr/lib/gcc/x86_64-linux-gnu/14/libasan.so
wcsnrtombs@@GLIBC_2.2.5                           /lib/x86_64-linux-gnu/libc.so.6
wcsnrtombs@GLIBC_2.2.5                            /lib/x86_64-linux-gnu/libc.so.6
wcsrtombs                                         /usr/lib/gcc/x86_64-linux-gnu/14/libasan.so
wcsrtombs@@GLIBC_2.2.5                            /lib/x86_64-linux-gnu/libc.so.6
wcsrtombs@GLIBC_2.2.5                             /lib/x86_64-linux-gnu/libc.so.6
wcstod_l                                          /lib/x86_64-linux-gnu/libc.so.6
wcstod_l@@GLIBC_2.3                               /lib/x86_64-linux-gnu/libc.so.6
wcstod_l@GLIBC_2.3                                /lib/x86_64-linux-gnu/libc.so.6
wcstof128_l                                       /lib/x86_64-linux-gnu/libc.so.6
wcstof128_l@@GLIBC_2.26                           /lib/x86_64-linux-gnu/libc.so.6
wcstof128_l@GLIBC_2.26                            /lib/x86_64-linux-gnu/libc.so.6
wcstof32                                          /lib/x86_64-linux-gnu/libc.so.6
wcstof32@@GLIBC_2.27                              /lib/x86_64-linux-gnu/libc.so.6
wcstof32@GLIBC_2.27                               /lib/x86_64-linux-gnu/libc.so.6
wcstof32_l                                        /lib/x86_64-linux-gnu/libc.so.6
wcstof32_l@@GLIBC_2.27                            /lib/x86_64-linux-gnu/libc.so.6
wcstof32_l@GLIBC_2.27                             /lib/x86_64-linux-gnu/libc.so.6
wcstof32x                                         /lib/x86_64-linux-gnu/libc.so.6
wcstof32x@@GLIBC_2.27                             /lib/x86_64-linux-gnu/libc.so.6
wcstof32x@GLIBC_2.27                              /lib/x86_64-linux-gnu/libc.so.6
wcstof32x_l                                       /lib/x86_64-linux-gnu/libc.so.6
wcstof32x_l@@GLIBC_2.27                           /lib/x86_64-linux-gnu/libc.so.6
wcstof32x_l@GLIBC_2.27                            /lib/x86_64-linux-gnu/libc.so.6
wcstof64                                          /lib/x86_64-linux-gnu/libc.so.6
wcstof64@@GLIBC_2.27                              /lib/x86_64-linux-gnu/libc.so.6
wcstof64@GLIBC_2.27                               /lib/x86_64-linux-gnu/libc.so.6
wcstof64_l                                        /lib/x86_64-linux-gnu/libc.so.6
wcstof64_l@@GLIBC_2.27                            /lib/x86_64-linux-gnu/libc.so.6
wcstof64_l@GLIBC_2.27                             /lib/x86_64-linux-gnu/libc.so.6
wcstof64x                                         /lib/x86_64-linux-gnu/libc.so.6
wcstof64x@@GLIBC_2.27                             /lib/x86_64-linux-gnu/libc.so.6
wcstof64x@GLIBC_2.27                              /lib/x86_64-linux-gnu/libc.so.6
wcstof64x_l                                       /lib/x86_64-linux-gnu/libc.so.6
wcstof64x_l@@GLIBC_2.27                           /lib/x86_64-linux-gnu/libc.so.6
wcstof64x_l@GLIBC_2.27                            /lib/x86_64-linux-gnu/libc.so.6
wcstof_l                                          /lib/x86_64-linux-gnu/libc.so.6
wcstof_l@@GLIBC_2.3                               /lib/x86_64-linux-gnu/libc.so.6
wcstof_l@GLIBC_2.3                                /lib/x86_64-linux-gnu/libc.so.6
wcstoimax                                         /lib/x86_64-linux-gnu/libc.so.6
wcstoimax@@GLIBC_2.2.5                            /lib/x86_64-linux-gnu/libc.so.6
wcstoimax@GLIBC_2.2.5                             /lib/x86_64-linux-gnu/libc.so.6
wcstol                                            /lib/x86_64-linux-gnu/libc.so.6
wcstol@@GLIBC_2.2.5                               /lib/x86_64-linux-gnu/libc.so.6
wcstol@GLIBC_2.2.5                                /lib/x86_64-linux-gnu/libc.so.6
wcstol_l                                          /lib/x86_64-linux-gnu/libc.so.6
wcstol_l@@GLIBC_2.3                               /lib/x86_64-linux-gnu/libc.so.6
wcstol_l@GLIBC_2.3                                /lib/x86_64-linux-gnu/libc.so.6
wcstold_l                                         /lib/x86_64-linux-gnu/libc.so.6
wcstold_l@@GLIBC_2.3                              /lib/x86_64-linux-gnu/libc.so.6
wcstold_l@GLIBC_2.3                               /lib/x86_64-linux-gnu/libc.so.6
wcstoll                                           /lib/x86_64-linux-gnu/libc.so.6
wcstoll@@GLIBC_2.2.5                              /lib/x86_64-linux-gnu/libc.so.6
wcstoll@GLIBC_2.2.5                               /lib/x86_64-linux-gnu/libc.so.6
wcstoll_l                                         /lib/x86_64-linux-gnu/libc.so.6
wcstoll_l@@GLIBC_2.3                              /lib/x86_64-linux-gnu/libc.so.6
wcstoll_l@GLIBC_2.3                               /lib/x86_64-linux-gnu/libc.so.6
wcstombs                                          /usr/lib/gcc/x86_64-linux-gnu/14/libasan.so
wcstombs@@GLIBC_2.2.5                             /lib/x86_64-linux-gnu/libc.so.6
wcstombs@GLIBC_2.2.5                              /lib/x86_64-linux-gnu/libc.so.6
wcstoq                                            /lib/x86_64-linux-gnu/libc.so.6
wcstoq@@GLIBC_2.2.5                               /lib/x86_64-linux-gnu/libc.so.6
wcstoq@GLIBC_2.2.5                                /lib/x86_64-linux-gnu/libc.so.6
wcstoul                                           /lib/x86_64-linux-gnu/libc.so.6
wcstoul@@GLIBC_2.2.5                              /lib/x86_64-linux-gnu/libc.so.6
wcstoul@GLIBC_2.2.5                               /lib/x86_64-linux-gnu/libc.so.6
wcstoul_l                                         /lib/x86_64-linux-gnu/libc.so.6
wcstoul_l@@GLIBC_2.3                              /lib/x86_64-linux-gnu/libc.so.6
wcstoul_l@GLIBC_2.3                               /lib/x86_64-linux-gnu/libc.so.6
wcstoull                                          /lib/x86_64-linux-gnu/libc.so.6
wcstoull@@GLIBC_2.2.5                             /lib/x86_64-linux-gnu/libc.so.6
wcstoull@GLIBC_2.2.5                              /lib/x86_64-linux-gnu/libc.so.6
wcstoull_l                                        /lib/x86_64-linux-gnu/libc.so.6
wcstoull_l@@GLIBC_2.3                             /lib/x86_64-linux-gnu/libc.so.6
wcstoull_l@GLIBC_2.3                              /lib/x86_64-linux-gnu/libc.so.6
wcstoumax                                         /lib/x86_64-linux-gnu/libc.so.6
wcstoumax@@GLIBC_2.2.5                            /lib/x86_64-linux-gnu/libc.so.6
wcstoumax@GLIBC_2.2.5                             /lib/x86_64-linux-gnu/libc.so.6
wcstouq                                           /lib/x86_64-linux-gnu/libc.so.6
wcstouq@@GLIBC_2.2.5                              /lib/x86_64-linux-gnu/libc.so.6
wcstouq@GLIBC_2.2.5                               /lib/x86_64-linux-gnu/libc.so.6
wcswcs                                            /lib/x86_64-linux-gnu/libc.so.6
wcswcs@@GLIBC_2.2.5                               /lib/x86_64-linux-gnu/libc.so.6
wcswcs@GLIBC_2.2.5                                /lib/x86_64-linux-gnu/libc.so.6
wcsxfrm                                           /usr/lib/gcc/x86_64-linux-gnu/14/libasan.so
wcsxfrm@@GLIBC_2.2.5                              /lib/x86_64-linux-gnu/libc.so.6
wcsxfrm@GLIBC_2.2.5                               /lib/x86_64-linux-gnu/libc.so.6
wcsxfrm_l                                         /usr/lib/gcc/x86_64-linux-gnu/14/libasan.so
wcsxfrm_l@@GLIBC_2.3                              /lib/x86_64-linux-gnu/libc.so.6
wcsxfrm_l@GLIBC_2.3                               /lib/x86_64-linux-gnu/libc.so.6
wctomb                                            /usr/lib/gcc/x86_64-linux-gnu/14/libasan.so
wctomb@@GLIBC_2.2.5                               /lib/x86_64-linux-gnu/libc.so.6
wctomb@GLIBC_2.2.5                                /lib/x86_64-linux-gnu/libc.so.6
wctrans                                           /lib/x86_64-linux-gnu/libc.so.6
wctrans@@GLIBC_2.2.5                              /lib/x86_64-linux-gnu/libc.so.6
wctrans@GLIBC_2.2.5                               /lib/x86_64-linux-gnu/libc.so.6
wctrans_l                                         /lib/x86_64-linux-gnu/libc.so.6
wctrans_l@@GLIBC_2.3                              /lib/x86_64-linux-gnu/libc.so.6
wctrans_l@GLIBC_2.3                               /lib/x86_64-linux-gnu/libc.so.6
wctype                                            /lib/x86_64-linux-gnu/libc.so.6
wctype@@GLIBC_2.2.5                               /lib/x86_64-linux-gnu/libc.so.6
wctype@GLIBC_2.2.5                                /lib/x86_64-linux-gnu/libc.so.6
wctype_l                                          /lib/x86_64-linux-gnu/libc.so.6
wctype_l@@GLIBC_2.3                               /lib/x86_64-linux-gnu/libc.so.6
wctype_l@GLIBC_2.3                                /lib/x86_64-linux-gnu/libc.so.6
wmemchr                                           /lib/x86_64-linux-gnu/libc.so.6
wmemchr@@GLIBC_2.2.5                              /lib/x86_64-linux-gnu/libc.so.6
wmemchr@GLIBC_2.2.5                               /lib/x86_64-linux-gnu/libc.so.6
wmemcmp                                           /lib/x86_64-linux-gnu/libc.so.6
wmemcmp@@GLIBC_2.2.5                              /lib/x86_64-linux-gnu/libc.so.6
wmemcmp@GLIBC_2.2.5                               /lib/x86_64-linux-gnu/libc.so.6
wmemcpy                                           /lib/x86_64-linux-gnu/libc.so.6
wmemcpy@@GLIBC_2.2.5                              /lib/x86_64-linux-gnu/libc.so.6
wmemcpy@GLIBC_2.2.5                               /lib/x86_64-linux-gnu/libc.so.6
wmemmove                                          /lib/x86_64-linux-gnu/libc.so.6
wmemmove@@GLIBC_2.2.5                             /lib/x86_64-linux-gnu/libc.so.6
wmemmove@GLIBC_2.2.5                              /lib/x86_64-linux-gnu/libc.so.6
wmempcpy                                          /lib/x86_64-linux-gnu/libc.so.6
wmempcpy@@GLIBC_2.2.5                             /lib/x86_64-linux-gnu/libc.so.6
wmempcpy@GLIBC_2.2.5                              /lib/x86_64-linux-gnu/libc.so.6
wmemset                                           /lib/x86_64-linux-gnu/libc.so.6
wmemset@@GLIBC_2.2.5                              /lib/x86_64-linux-gnu/libc.so.6
wmemset@GLIBC_2.2.5                               /lib/x86_64-linux-gnu/libc.so.6
wordexp                                           /usr/lib/gcc/x86_64-linux-gnu/14/libasan.so
wordexp@@GLIBC_2.2.5                              /lib/x86_64-linux-gnu/libc.so.6
wordexp@GLIBC_2.2.5                               /lib/x86_64-linux-gnu/libc.so.6
write                                             /usr/lib/gcc/x86_64-linux-gnu/14/libasan.so
write@@GLIBC_2.2.5                                /lib/x86_64-linux-gnu/libc.so.6
write@GLIBC_2.2.5                                 /lib/x86_64-linux-gnu/libc.so.6
write_cache                                       obj/task17.o
write_cache_item                                  obj/task17.o
writev                                            /usr/lib/gcc/x86_64-linux-gnu/14/libasan.so
writev@@GLIBC_2.2.5                               /lib/x86_64-linux-gnu/libc.so.6
writev@GLIBC_2.2.5                                /lib/x86_64-linux-gnu/libc.so.6
xdr_bool                                          /usr/lib/gcc/x86_64-linux-gnu/14/libasan.so
xdr_bytes                                         /usr/lib/gcc/x86_64-linux-gnu/14/libasan.so
xdr_char                                          /usr/lib/gcc/x86_64-linux-gnu/14/libasan.so
xdr_destroy                                       /usr/lib/gcc/x86_64-linux-gnu/14/libasan.so
xdr_double                                        /usr/lib/gcc/x86_64-linux-gnu/14/libasan.so
xdr_enum                                          /usr/lib/gcc/x86_64-linux-gnu/14/libasan.so
xdr_float                                         /usr/lib/gcc/x86_64-linux-gnu/14/libasan.so
xdr_hyper                                         /usr/lib/gcc/x86_64-linux-gnu/14/libasan.so
xdr_int                                           /usr/lib/gcc/x86_64-linux-gnu/14/libasan.so
xdr_int16_t                                       /usr/lib/gcc/x86_64-linux-gnu/14/libasan.so
xdr_int32_t                                       /usr/lib/gcc/x86_64-linux-gnu/14/libasan.so
xdr_int64_t                                       /usr/lib/gcc/x86_64-linux-gnu/14/libasan.so
xdr_int8_t                                        /usr/lib/gcc/x86_64-linux-gnu/14/libasan.so
xdr_long                                          /usr/lib/gcc/x86_64-linux-gnu/14/libasan.so
xdr_longlong_t                                    /usr/lib/gcc/x86_64-linux-gnu/14/libasan.so
xdr_quad_t                                        /usr/lib/gcc/x86_64-linux-gnu/14/libasan.so
xdr_short                                         /usr/lib/gcc/x86_64-linux-gnu/14/libasan.so
xdr_string                                        /usr/lib/gcc/x86_64-linux-gnu/14/libasan.so
xdr_u_char                                        /usr/lib/gcc/x86_64-linux-gnu/14/libasan.so
xdr_u_hyper                                       /usr/lib/gcc/x86_64-linux-gnu/14/libasan.so
xdr_u_int                                         /usr/lib/gcc/x86_64-linux-gnu/14/libasan.so
xdr_u_long                                        /usr/lib/gcc/x86_64-linux-gnu/14/libasan.so
xdr_u_longlong_t                                  /usr/lib/gcc/x86_64-linux-gnu/14/libasan.so
xdr_u_quad_t                                      /usr/lib/gcc/x86_64-linux-gnu/14/libasan.so
xdr_u_short                                       /usr/lib/gcc/x86_64-linux-gnu/14/libasan.so
xdr_uint16_t                                      /usr/lib/gcc/x86_64-linux-gnu/14/libasan.so
xdr_uint32_t                                      /usr/lib/gcc/x86_64-linux-gnu/14/libasan.so
xdr_uint64_t                                      /usr/lib/gcc/x86_64-linux-gnu/14/libasan.so
xdr_uint8_t                                       /usr/lib/gcc/x86_64-linux-gnu/14/libasan.so
xdrmem_create                                     /usr/lib/gcc/x86_64-linux-gnu/14/libasan.so
xdrrec_create                                     /usr/lib/gcc/x86_64-linux-gnu/14/libasan.so
xdrstdio_create                                   /usr/lib/gcc/x86_64-linux-gnu/14/libasan.so
y0                                                /lib/x86_64-linux-gnu/libm.so.6
y0@@GLIBC_2.2.5                                   /lib/x86_64-linux-gnu/libm.so.6
y0@GLIBC_2.2.5                                    /lib/x86_64-linux-gnu/libm.so.6
y0f                                               /lib/x86_64-linux-gnu/libm.so.6
y0f128                                            /lib/x86_64-linux-gnu/libm.so.6
y0f128@@GLIBC_2.26                                /lib/x86_64-linux-gnu/libm.so.6
y0f128@GLIBC_2.26                                 /lib/x86_64-linux-gnu/libm.so.6
y0f32                                             /lib/x86_64-linux-gnu/libm.so.6
y0f32@@GLIBC_2.27                                 /lib/x86_64-linux-gnu/libm.so.6
y0f32@GLIBC_2.27                                  /lib/x86_64-linux-gnu/libm.so.6
y0f32x                                            /lib/x86_64-linux-gnu/libm.so.6
y0f32x@@GLIBC_2.27                                /lib/x86_64-linux-gnu/libm.so.6
y0f32x@GLIBC_2.27                                 /lib/x86_64-linux-gnu/libm.so.6
y0f64                                             /lib/x86_64-linux-gnu/libm.so.6
y0f64@@GLIBC_2.27                                 /lib/x86_64-linux-gnu/libm.so.6
y0f64@GLIBC_2.27                                  /lib/x86_64-linux-gnu/libm.so.6
y0f64x                                            /lib/x86_64-linux-gnu/libm.so.6
y0f64x@@GLIBC_2.27                                /lib/x86_64-linux-gnu/libm.so.6
y0f64x@GLIBC_2.27                                 /lib/x86_64-linux-gnu/libm.so.6
y0f@@GLIBC_2.2.5                                  /lib/x86_64-linux-gnu/libm.so.6
y0f@GLIBC_2.2.5                                   /lib/x86_64-linux-gnu/libm.so.6
y0l                                               /lib/x86_64-linux-gnu/libm.so.6
y0l@@GLIBC_2.2.5                                  /lib/x86_64-linux-gnu/libm.so.6
y0l@GLIBC_2.2.5                                   /lib/x86_64-linux-gnu/libm.so.6
y1                                                /lib/x86_64-linux-gnu/libm.so.6
y1@@GLIBC_2.2.5                                   /lib/x86_64-linux-gnu/libm.so.6
y1@GLIBC_2.2.5                                    /lib/x86_64-linux-gnu/libm.so.6
y1f                                               /lib/x86_64-linux-gnu/libm.so.6
y1f128                                            /lib/x86_64-linux-gnu/libm.so.6
y1f128@@GLIBC_2.26                                /lib/x86_64-linux-gnu/libm.so.6
y1f128@GLIBC_2.26                                 /lib/x86_64-linux-gnu/libm.so.6
y1f32                                             /lib/x86_64-linux-gnu/libm.so.6
y1f32@@GLIBC_2.27                                 /lib/x86_64-linux-gnu/libm.so.6
y1f32@GLIBC_2.27                                  /lib/x86_64-linux-gnu/libm.so.6
y1f32x                                            /lib/x86_64-linux-gnu/libm.so.6
y1f32x@@GLIBC_2.27                                /lib/x86_64-linux-gnu/libm.so.6
y1f32x@GLIBC_2.27                                 /lib/x86_64-linux-gnu/libm.so.6
y1f64                                             /lib/x86_64-linux-gnu/libm.so.6
y1f64@@GLIBC_2.27                                 /lib/x86_64-linux-gnu/libm.so.6
y1f64@GLIBC_2.27                                  /lib/x86_64-linux-gnu/libm.so.6
y1f64x                                            /lib/x86_64-linux-gnu/libm.so.6
y1f64x@@GLIBC_2.27                                /lib/x86_64-linux-gnu/libm.so.6
y1f64x@GLIBC_2.27                                 /lib/x86_64-linux-gnu/libm.so.6
y1f@@GLIBC_2.2.5                                  /lib/x86_64-linux-gnu/libm.so.6
y1f@GLIBC_2.2.5                                   /lib/x86_64-linux-gnu/libm.so.6
y1l                                               /lib/x86_64-linux-gnu/libm.so.6
y1l@@GLIBC_2.2.5                                  /lib/x86_64-linux-gnu/libm.so.6
y1l@GLIBC_2.2.5                                   /lib/x86_64-linux-gnu/libm.so.6
yn                                                /lib/x86_64-linux-gnu/libm.so.6
yn@@GLIBC_2.2.5                                   /lib/x86_64-linux-gnu/libm.so.6
yn@GLIBC_2.2.5                                    /lib/x86_64-linux-gnu/libm.so.6
ynf                                               /lib/x86_64-linux-gnu/libm.so.6
ynf128                                            /lib/x86_64-linux-gnu/libm.so.6
ynf128@@GLIBC_2.26                                /lib/x86_64-linux-gnu/libm.so.6
ynf128@GLIBC_2.26                                 /lib/x86_64-linux-gnu/libm.so.6
ynf32                                             /lib/x86_64-linux-gnu/libm.so.6
ynf32@@GLIBC_2.27                                 /lib/x86_64-linux-gnu/libm.so.6
ynf32@GLIBC_2.27                                  /lib/x86_64-linux-gnu/libm.so.6
ynf32x                                            /lib/x86_64-linux-gnu/libm.so.6
ynf32x@@GLIBC_2.27                                /lib/x86_64-linux-gnu/libm.so.6
ynf32x@GLIBC_2.27                                 /lib/x86_64-linux-gnu/libm.so.6
ynf64                                             /lib/x86_64-linux-gnu/libm.so.6
ynf64@@GLIBC_2.27                                 /lib/x86_64-linux-gnu/libm.so.6
ynf64@GLIBC_2.27                                  /lib/x86_64-linux-gnu/libm.so.6
ynf64x                                            /lib/x86_64-linux-gnu/libm.so.6
ynf64x@@GLIBC_2.27                                /lib/x86_64-linux-gnu/libm.so.6
ynf64x@GLIBC_2.27                                 /lib/x86_64-linux-gnu/libm.so.6
ynf@@GLIBC_2.2.5                                  /lib/x86_64-linux-gnu/libm.so.6
ynf@GLIBC_2.2.5                                   /lib/x86_64-linux-gnu/libm.so.6
ynl                                               /lib/x86_64-linux-gnu/libm.so.6
ynl@@GLIBC_2.2.5                                  /lib/x86_64-linux-gnu/libm.so.6
ynl@GLIBC_2.2.5                                   /lib/x86_64-linux-gnu/libm.so.6
